\BOOKMARK [0][-]{chapter*.1}{\376\377\000C\000h\000a\000p\000t\000e\000r\000\040\0000\000:\000\040\000A\000b\000s\000t\000r\000a\000c\000t}{}% 1
\BOOKMARK [0][-]{chapter.1}{\376\377\000C\000h\000a\000p\000t\000e\000r\000\040\0001\000:\000\040\000T\000h\000e\000\040\000P\000r\000o\000b\000l\000e\000m\000:\000\040\000T\000r\000u\000s\000t\000\040\000W\000i\000t\000h\000o\000u\000t\000\040\000C\000o\000m\000p\000r\000e\000h\000e\000n\000s\000i\000o\000n}{}% 2
\BOOKMARK [1][-]{section.1.1}{\376\377\000T\000h\000e\000\040\000Q\000u\000e\000s\000t\000i\000o\000n}{chapter.1}% 3
\BOOKMARK [1][-]{section.1.2}{\376\377\000W\000h\000y\000\040\000t\000h\000e\000\040\000Q\000u\000e\000s\000t\000i\000o\000n\000\040\000i\000s\000\040\000F\000o\000r\000c\000e\000d}{chapter.1}% 4
\BOOKMARK [1][-]{section.1.3}{\376\377\000D\000e\000f\000i\000n\000i\000t\000i\000o\000n\000s\000\040\000a\000n\000d\000\040\000C\000o\000n\000s\000t\000r\000u\000c\000t\000i\000o\000n\000s}{chapter.1}% 5
\BOOKMARK [1][-]{section.1.4}{\376\377\000O\000p\000e\000r\000a\000t\000i\000o\000n\000a\000l\000\040\000C\000o\000r\000r\000e\000s\000p\000o\000n\000d\000e\000n\000c\000e}{chapter.1}% 6
\BOOKMARK [1][-]{section.1.5}{\376\377\000B\000o\000u\000n\000d\000a\000r\000i\000e\000s}{chapter.1}% 7
\BOOKMARK [0][-]{chapter.2}{\376\377\000C\000h\000a\000p\000t\000e\000r\000\040\0002\000:\000\040\000T\000h\000e\000\040\000E\000q\000u\000a\000t\000i\000o\000n\000:\000\040\000F\000i\000v\000e\000\040\000O\000b\000j\000e\000c\000t\000s\000\040\000a\000n\000d\000\040\000O\000n\000e\000\040\000R\000o\000u\000t\000e}{}% 8
\BOOKMARK [1][-]{section.2.1}{\376\377\000T\000h\000e\000\040\000Q\000u\000e\000s\000t\000i\000o\000n}{chapter.2}% 9
\BOOKMARK [1][-]{section.2.2}{\376\377\000W\000h\000y\000\040\000t\000h\000e\000\040\000Q\000u\000e\000s\000t\000i\000o\000n\000\040\000i\000s\000\040\000F\000o\000r\000c\000e\000d}{chapter.2}% 10
\BOOKMARK [1][-]{section.2.3}{\376\377\000D\000e\000f\000i\000n\000i\000t\000i\000o\000n\000s\000\040\000a\000n\000d\000\040\000C\000o\000n\000s\000t\000r\000u\000c\000t\000i\000o\000n\000s}{chapter.2}% 11
\BOOKMARK [1][-]{section.2.4}{\376\377\000O\000p\000e\000r\000a\000t\000i\000o\000n\000a\000l\000\040\000C\000o\000r\000r\000e\000s\000p\000o\000n\000d\000e\000n\000c\000e}{chapter.2}% 12
\BOOKMARK [1][-]{section.2.5}{\376\377\000B\000o\000u\000n\000d\000a\000r\000i\000e\000s}{chapter.2}% 13
\BOOKMARK [0][-]{chapter.3}{\376\377\000C\000h\000a\000p\000t\000e\000r\000\040\0003\000:\000\040\000T\000h\000e\000\040\000C\000o\000m\000p\000u\000t\000a\000b\000i\000l\000i\000t\000y\000\040\000B\000o\000u\000n\000d\000a\000r\000y\000:\000\040\000W\000h\000y\000\040\000A\000d\000m\000i\000s\000s\000i\000o\000n\000\040\000E\000x\000i\000s\000t\000s}{}% 14
\BOOKMARK [1][-]{section.3.1}{\376\377\000T\000h\000e\000\040\000Q\000u\000e\000s\000t\000i\000o\000n}{chapter.3}% 15
\BOOKMARK [1][-]{section.3.2}{\376\377\000W\000h\000y\000\040\000t\000h\000e\000\040\000Q\000u\000e\000s\000t\000i\000o\000n\000\040\000i\000s\000\040\000F\000o\000r\000c\000e\000d}{chapter.3}% 16
\BOOKMARK [1][-]{section.3.3}{\376\377\000D\000e\000f\000i\000n\000i\000t\000i\000o\000n\000s\000\040\000a\000n\000d\000\040\000C\000o\000n\000s\000t\000r\000u\000c\000t\000i\000o\000n\000s}{chapter.3}% 17
\BOOKMARK [1][-]{section.3.4}{\376\377\000O\000p\000e\000r\000a\000t\000i\000o\000n\000a\000l\000\040\000C\000o\000r\000r\000e\000s\000p\000o\000n\000d\000e\000n\000c\000e}{chapter.3}% 18
\BOOKMARK [1][-]{section.3.5}{\376\377\000B\000o\000u\000n\000d\000a\000r\000i\000e\000s}{chapter.3}% 19
\BOOKMARK [0][-]{chapter.4}{\376\377\000C\000h\000a\000p\000t\000e\000r\000\040\0004\000:\000\040\000R\000e\000f\000u\000s\000a\000l\000\040\000a\000s\000\040\000D\000a\000t\000a\000:\000\040\000T\000h\000e\000\040\000A\000d\000m\000i\000s\000s\000i\000o\000n\000\040\000A\000l\000g\000e\000b\000r\000a}{}% 20
\BOOKMARK [1][-]{section.4.1}{\376\377\000T\000h\000e\000\040\000Q\000u\000e\000s\000t\000i\000o\000n}{chapter.4}% 21
\BOOKMARK [1][-]{section.4.2}{\376\377\000W\000h\000y\000\040\000t\000h\000e\000\040\000Q\000u\000e\000s\000t\000i\000o\000n\000\040\000i\000s\000\040\000F\000o\000r\000c\000e\000d}{chapter.4}% 22
\BOOKMARK [1][-]{section.4.3}{\376\377\000D\000e\000f\000i\000n\000i\000t\000i\000o\000n\000s\000\040\000a\000n\000d\000\040\000C\000o\000n\000s\000t\000r\000u\000c\000t\000i\000o\000n\000s}{chapter.4}% 23
\BOOKMARK [1][-]{section.4.4}{\376\377\000O\000p\000e\000r\000a\000t\000i\000o\000n\000a\000l\000\040\000C\000o\000r\000r\000e\000s\000p\000o\000n\000d\000e\000n\000c\000e}{chapter.4}% 24
\BOOKMARK [1][-]{section.4.5}{\376\377\000B\000o\000u\000n\000d\000a\000r\000i\000e\000s}{chapter.4}% 25
\BOOKMARK [0][-]{chapter.5}{\376\377\000C\000h\000a\000p\000t\000e\000r\000\040\0005\000:\000\040\000L\000i\000f\000e\000c\000y\000c\000l\000e\000\040\000O\000r\000d\000e\000r\000:\000\040\000T\000y\000p\000e\000s\000t\000a\000t\000e\000\040\000a\000n\000d\000\040\000P\000r\000o\000c\000e\000s\000s}{}% 26
\BOOKMARK [1][-]{section.5.1}{\376\377\000T\000h\000e\000\040\000Q\000u\000e\000s\000t\000i\000o\000n}{chapter.5}% 27
\BOOKMARK [1][-]{section.5.2}{\376\377\000W\000h\000y\000\040\000t\000h\000e\000\040\000Q\000u\000e\000s\000t\000i\000o\000n\000\040\000i\000s\000\040\000F\000o\000r\000c\000e\000d}{chapter.5}% 28
\BOOKMARK [1][-]{section.5.3}{\376\377\000D\000e\000f\000i\000n\000i\000t\000i\000o\000n\000s\000\040\000a\000n\000d\000\040\000C\000o\000n\000s\000t\000r\000u\000c\000t\000i\000o\000n\000s}{chapter.5}% 29
\BOOKMARK [1][-]{section.5.4}{\376\377\000O\000p\000e\000r\000a\000t\000i\000o\000n\000a\000l\000\040\000C\000o\000r\000r\000e\000s\000p\000o\000n\000d\000e\000n\000c\000e}{chapter.5}% 30
\BOOKMARK [1][-]{section.5.5}{\376\377\000B\000o\000u\000n\000d\000a\000r\000i\000e\000s}{chapter.5}% 31
\BOOKMARK [0][-]{chapter.6}{\376\377\000C\000h\000a\000p\000t\000e\000r\000\040\0006\000:\000\040\000M\000a\000n\000u\000f\000a\000c\000t\000u\000r\000e\000:\000\040\000D\000e\000t\000e\000r\000m\000i\000n\000i\000s\000t\000i\000c\000\040\000B\000o\000u\000n\000d\000e\000d\000\040\000P\000r\000o\000d\000u\000c\000t\000i\000o\000n}{}% 32
\BOOKMARK [1][-]{section.6.1}{\376\377\000T\000h\000e\000\040\000Q\000u\000e\000s\000t\000i\000o\000n}{chapter.6}% 33
\BOOKMARK [1][-]{section.6.2}{\376\377\000W\000h\000y\000\040\000t\000h\000e\000\040\000Q\000u\000e\000s\000t\000i\000o\000n\000\040\000i\000s\000\040\000F\000o\000r\000c\000e\000d}{chapter.6}% 34
\BOOKMARK [1][-]{section.6.3}{\376\377\000D\000e\000f\000i\000n\000i\000t\000i\000o\000n\000s\000\040\000a\000n\000d\000\040\000C\000o\000n\000s\000t\000r\000u\000c\000t\000i\000o\000n\000s}{chapter.6}% 35
\BOOKMARK [1][-]{section.6.4}{\376\377\000O\000p\000e\000r\000a\000t\000i\000o\000n\000a\000l\000\040\000C\000o\000r\000r\000e\000s\000p\000o\000n\000d\000e\000n\000c\000e}{chapter.6}% 36
\BOOKMARK [1][-]{section.6.5}{\376\377\000B\000o\000u\000n\000d\000a\000r\000i\000e\000s}{chapter.6}% 37
\BOOKMARK [0][-]{chapter.7}{\376\377\000C\000h\000a\000p\000t\000e\000r\000\040\0007\000:\000\040\000R\000e\000c\000e\000i\000p\000t\000s\000:\000\040\000C\000o\000m\000m\000i\000t\000m\000e\000n\000t\000,\000\040\000C\000h\000a\000i\000n\000,\000\040\000a\000n\000d\000\040\000R\000e\000p\000l\000a\000y}{}% 38
\BOOKMARK [1][-]{section.7.1}{\376\377\000T\000h\000e\000\040\000Q\000u\000e\000s\000t\000i\000o\000n}{chapter.7}% 39
\BOOKMARK [1][-]{section.7.2}{\376\377\000W\000h\000y\000\040\000t\000h\000e\000\040\000Q\000u\000e\000s\000t\000i\000o\000n\000\040\000i\000s\000\040\000F\000o\000r\000c\000e\000d}{chapter.7}% 40
\BOOKMARK [1][-]{section.7.3}{\376\377\000D\000e\000f\000i\000n\000i\000t\000i\000o\000n\000s\000\040\000a\000n\000d\000\040\000C\000o\000n\000s\000t\000r\000u\000c\000t\000i\000o\000n\000s}{chapter.7}% 41
\BOOKMARK [1][-]{section.7.4}{\376\377\000O\000p\000e\000r\000a\000t\000i\000o\000n\000a\000l\000\040\000C\000o\000r\000r\000e\000s\000p\000o\000n\000d\000e\000n\000c\000e}{chapter.7}% 42
\BOOKMARK [1][-]{section.7.5}{\376\377\000B\000o\000u\000n\000d\000a\000r\000i\000e\000s}{chapter.7}% 43
\BOOKMARK [0][-]{chapter.8}{\376\377\000C\000h\000a\000p\000t\000e\000r\000\040\0008\000:\000\040\000T\000h\000e\000\040\000E\000n\000f\000o\000r\000c\000e\000d\000\040\000E\000q\000u\000a\000t\000i\000o\000n\000:\000\040\000B\000R\000C\000E}{}% 44
\BOOKMARK [1][-]{section.8.1}{\376\377\000T\000h\000e\000\040\000Q\000u\000e\000s\000t\000i\000o\000n}{chapter.8}% 45
\BOOKMARK [1][-]{section.8.2}{\376\377\000W\000h\000y\000\040\000t\000h\000e\000\040\000Q\000u\000e\000s\000t\000i\000o\000n\000\040\000i\000s\000\040\000F\000o\000r\000c\000e\000d}{chapter.8}% 46
\BOOKMARK [1][-]{section.8.3}{\376\377\000D\000e\000f\000i\000n\000i\000t\000i\000o\000n\000s\000\040\000a\000n\000d\000\040\000C\000o\000n\000s\000t\000r\000u\000c\000t\000i\000o\000n\000s}{chapter.8}% 47
\BOOKMARK [1][-]{section.8.4}{\376\377\000O\000p\000e\000r\000a\000t\000i\000o\000n\000a\000l\000\040\000C\000o\000r\000r\000e\000s\000p\000o\000n\000d\000e\000n\000c\000e}{chapter.8}% 48
\BOOKMARK [1][-]{section.8.5}{\376\377\000B\000o\000u\000n\000d\000a\000r\000i\000e\000s}{chapter.8}% 49
\BOOKMARK [0][-]{chapter.9}{\376\377\000C\000h\000a\000p\000t\000e\000r\000\040\0009\000:\000\040\000C\000o\000n\000s\000e\000r\000v\000a\000t\000i\000o\000n\000\040\000o\000f\000\040\000C\000o\000n\000s\000e\000q\000u\000e\000n\000c\000e}{}% 50
\BOOKMARK [1][-]{section.9.1}{\376\377\000T\000h\000e\000\040\000Q\000u\000e\000s\000t\000i\000o\000n}{chapter.9}% 51
\BOOKMARK [1][-]{section.9.2}{\376\377\000W\000h\000y\000\040\000t\000h\000e\000\040\000Q\000u\000e\000s\000t\000i\000o\000n\000\040\000i\000s\000\040\000F\000o\000r\000c\000e\000d}{chapter.9}% 52
\BOOKMARK [1][-]{section.9.3}{\376\377\000D\000e\000f\000i\000n\000i\000t\000i\000o\000n\000s\000\040\000a\000n\000d\000\040\000T\000h\000e\000o\000r\000e\000m\000s}{chapter.9}% 53
\BOOKMARK [1][-]{section.9.4}{\376\377\000O\000p\000e\000r\000a\000t\000i\000o\000n\000a\000l\000\040\000C\000o\000r\000r\000e\000s\000p\000o\000n\000d\000e\000n\000c\000e}{chapter.9}% 54
\BOOKMARK [1][-]{section.9.5}{\376\377\000B\000o\000u\000n\000d\000a\000r\000i\000e\000s}{chapter.9}% 55
\BOOKMARK [0][-]{chapter.10}{\376\377\000C\000h\000a\000p\000t\000e\000r\000\040\0001\0000\000:\000\040\000W\000o\000r\000k\000e\000d\000\040\000E\000x\000a\000m\000p\000l\000e\000:\000\040\000A\000\040\000C\000o\000n\000t\000r\000a\000c\000t\000-\000C\000l\000a\000i\000m\000\040\000L\000a\000w\000\040\000O\000b\000j\000e\000c\000t}{}% 56
\BOOKMARK [1][-]{section.10.1}{\376\377\000T\000h\000e\000\040\000Q\000u\000e\000s\000t\000i\000o\000n}{chapter.10}% 57
\BOOKMARK [1][-]{section.10.2}{\376\377\000W\000h\000y\000\040\000t\000h\000e\000\040\000Q\000u\000e\000s\000t\000i\000o\000n\000\040\000i\000s\000\040\000F\000o\000r\000c\000e\000d}{chapter.10}% 58
\BOOKMARK [1][-]{section.10.3}{\376\377\000D\000e\000f\000i\000n\000i\000t\000i\000o\000n\000s\000\040\000a\000n\000d\000\040\000C\000o\000n\000s\000t\000r\000u\000c\000t\000i\000o\000n\000s}{chapter.10}% 59
\BOOKMARK [1][-]{section.10.4}{\376\377\000O\000p\000e\000r\000a\000t\000i\000o\000n\000a\000l\000\040\000C\000o\000r\000r\000e\000s\000p\000o\000n\000d\000e\000n\000c\000e}{chapter.10}% 60
\BOOKMARK [1][-]{section.10.5}{\376\377\000B\000o\000u\000n\000d\000a\000r\000i\000e\000s}{chapter.10}% 61
\BOOKMARK [0][-]{chapter.11}{\376\377\000C\000h\000a\000p\000t\000e\000r\000\040\0001\0001\000:\000\040\000M\000a\000p\000\040\000o\000f\000\040\000t\000h\000e\000\040\000T\000h\000e\000s\000i\000s\000\040\000P\000r\000o\000g\000r\000a\000m}{}% 62
\BOOKMARK [1][-]{section.11.1}{\376\377\000T\000h\000e\000\040\000Q\000u\000e\000s\000t\000i\000o\000n}{chapter.11}% 63
\BOOKMARK [1][-]{section.11.2}{\376\377\000W\000h\000y\000\040\000t\000h\000e\000\040\000Q\000u\000e\000s\000t\000i\000o\000n\000\040\000i\000s\000\040\000F\000o\000r\000c\000e\000d}{chapter.11}% 64
\BOOKMARK [1][-]{section.11.3}{\376\377\000M\000a\000p\000\040\000o\000f\000\040\000P\000i\000l\000l\000a\000r\000s}{chapter.11}% 65
\BOOKMARK [1][-]{section.11.4}{\376\377\000O\000p\000e\000r\000a\000t\000i\000o\000n\000a\000l\000\040\000C\000o\000r\000r\000e\000s\000p\000o\000n\000d\000e\000n\000c\000e}{chapter.11}% 66
\BOOKMARK [1][-]{section.11.5}{\376\377\000B\000o\000u\000n\000d\000a\000r\000i\000e\000s}{chapter.11}% 67
\BOOKMARK [0][-]{chapter.12}{\376\377\000C\000h\000a\000p\000t\000e\000r\000\040\0001\0002\000:\000\040\000C\000o\000n\000c\000l\000u\000s\000i\000o\000n}{}% 68
\BOOKMARK [1][-]{section.12.1}{\376\377\000T\000h\000e\000\040\000Q\000u\000e\000s\000t\000i\000o\000n}{chapter.12}% 69
\BOOKMARK [1][-]{section.12.2}{\376\377\000W\000h\000y\000\040\000t\000h\000e\000\040\000Q\000u\000e\000s\000t\000i\000o\000n\000\040\000i\000s\000\040\000F\000o\000r\000c\000e\000d}{chapter.12}% 70
\BOOKMARK [1][-]{section.12.3}{\376\377\000S\000y\000n\000t\000h\000e\000s\000i\000s\000\040\000o\000f\000\040\000G\000u\000a\000r\000a\000n\000t\000e\000e\000s}{chapter.12}% 71
\BOOKMARK [1][-]{section.12.4}{\376\377\000O\000p\000e\000r\000a\000t\000i\000o\000n\000a\000l\000\040\000C\000o\000r\000r\000e\000s\000p\000o\000n\000d\000e\000n\000c\000e}{chapter.12}% 72
\BOOKMARK [1][-]{section.12.5}{\376\377\000B\000o\000u\000n\000d\000a\000r\000i\000e\000s}{chapter.12}% 73
\BOOKMARK [0][-]{appendix.A}{\376\377\000A\000p\000p\000e\000n\000d\000i\000x\000\040\000A\000:\000\040\000N\000o\000t\000a\000t\000i\000o\000n}{}% 74
\BOOKMARK [0][-]{appendix.B}{\376\377\000A\000p\000p\000e\000n\000d\000i\000x\000\040\000B\000:\000\040\000C\000o\000d\000e\000\040\000C\000o\000r\000r\000e\000s\000p\000o\000n\000d\000e\000n\000c\000e}{}% 75
\BOOKMARK [0][-]{appendix.C}{\376\377\000A\000p\000p\000e\000n\000d\000i\000x\000\040\000C\000:\000\040\000C\000l\000a\000i\000m\000\040\000S\000t\000a\000n\000d\000i\000n\000g\000\040\000T\000a\000b\000l\000e}{}% 76
