\BOOKMARK [0][-]{chapter.1}{\376\377\000I\000n\000t\000r\000o\000d\000u\000c\000t\000i\000o\000n}{}% 1
\BOOKMARK [1][-]{section.1.1}{\376\377\000T\000h\000e\000s\000i\000s\000\040\000s\000t\000a\000t\000e\000m\000e\000n\000t}{chapter.1}% 2
\BOOKMARK [1][-]{section.1.2}{\376\377\000W\000h\000y\000\040\000t\000h\000e\000\040\000d\000i\000s\000t\000i\000n\000c\000t\000i\000o\000n\000\040\000m\000a\000t\000t\000e\000r\000s}{chapter.1}% 3
\BOOKMARK [1][-]{section.1.3}{\376\377\000S\000t\000r\000u\000c\000t\000u\000r\000e\000\040\000o\000f\000\040\000t\000h\000i\000s\000\040\000d\000o\000c\000u\000m\000e\000n\000t}{chapter.1}% 4
\BOOKMARK [0][-]{chapter.2}{\376\377\000B\000a\000c\000k\000g\000r\000o\000u\000n\000d\000:\000\040\000t\000h\000e\000\040\000C\000h\000a\000t\000m\000a\000n\000\040\000E\000q\000u\000a\000t\000i\000o\000n\000\040\000a\000n\000d\000\040\000m\000a\000n\000u\000f\000a\000c\000t\000u\000r\000i\000n\000g\000\040\000m\000o\000r\000p\000h\000i\000s\000m\000s}{}% 5
\BOOKMARK [1][-]{section.2.1}{\376\377\000T\000h\000e\000\040\000C\000h\000a\000t\000m\000a\000n\000\040\000E\000q\000u\000a\000t\000i\000o\000n}{chapter.2}% 6
\BOOKMARK [1][-]{section.2.2}{\376\377\000A\000d\000m\000i\000s\000s\000i\000o\000n\000\040\000a\000l\000g\000e\000b\000r\000a\000:\000\040\000r\000e\000f\000u\000s\000a\000l\000\040\000a\000s\000\040\000d\000a\000t\000a}{chapter.2}% 7
\BOOKMARK [1][-]{section.2.3}{\376\377\000R\000e\000c\000e\000i\000p\000t\000s\000:\000\040\000c\000o\000m\000p\000u\000t\000e\000d\000,\000\040\000n\000o\000t\000\040\000a\000s\000s\000e\000r\000t\000e\000d}{chapter.2}% 8
\BOOKMARK [1][-]{section.2.4}{\376\377\000T\000h\000e\000\040\000f\000i\000r\000s\000t\000\040\000m\000a\000n\000u\000f\000a\000c\000t\000u\000r\000i\000n\000g\000\040\000m\000o\000r\000p\000h\000i\000s\000m\000:\000\040\000s\000r\000c\000/\000m\000f\000g\000.\000r\000s}{chapter.2}% 9
\BOOKMARK [0][-]{chapter.3}{\376\377\000M\000a\000t\000h\000\040\000m\000a\000n\000u\000f\000a\000c\000t\000u\000r\000i\000n\000g\000:\000\040\000t\000h\000e\000\040\000s\000e\000c\000o\000n\000d\000\040\000m\000a\000n\000u\000f\000a\000c\000t\000u\000r\000i\000n\000g\000\040\000m\000o\000r\000p\000h\000i\000s\000m}{}% 10
\BOOKMARK [1][-]{section.3.1}{\376\377\000T\000h\000e\000\040\000c\000o\000r\000r\000e\000s\000p\000o\000n\000d\000e\000n\000c\000e\000,\000\040\000t\000e\000r\000m\000\040\000f\000o\000r\000\040\000t\000e\000r\000m}{chapter.3}% 11
\BOOKMARK [1][-]{section.3.2}{\376\377\000A\000\040\000t\000h\000i\000r\000d\000\040\000i\000n\000s\000t\000a\000n\000t\000i\000a\000t\000i\000o\000n\000:\000\040\000t\000h\000i\000s\000\040\000d\000o\000c\000u\000m\000e\000n\000t}{chapter.3}% 12
\BOOKMARK [1][-]{section.3.3}{\376\377\000T\000h\000e\000\040\000p\000i\000p\000e\000l\000i\000n\000e\000\040\000i\000n\000\040\000d\000e\000t\000a\000i\000l}{chapter.3}% 13
\BOOKMARK [2][-]{subsection.3.3.1}{\376\377\000N\000o\000\040\000s\000e\000l\000f\000-\000r\000e\000p\000o\000r\000t\000e\000d\000\040\000s\000u\000c\000c\000e\000s\000s}{section.3.3}% 14
\BOOKMARK [2][-]{subsection.3.3.2}{\376\377\000D\000e\000d\000u\000p\000l\000i\000c\000a\000t\000i\000o\000n}{section.3.3}% 15
\BOOKMARK [2][-]{subsection.3.3.3}{\376\377\000A\000\040\000p\000r\000i\000o\000r\000i\000\040\000e\000x\000c\000l\000u\000s\000i\000o\000n}{section.3.3}% 16
\BOOKMARK [1][-]{section.3.4}{\376\377\000T\000h\000e\000\040\000c\000o\000m\000p\000o\000s\000i\000t\000e\000\040\000c\000h\000a\000i\000n\000:\000\040\000c\000o\000r\000p\000u\000s\000,\000\040\000k\000e\000r\000n\000e\000l\000,\000\040\000a\000n\000d\000\040\000d\000o\000c\000u\000m\000e\000n\000t}{chapter.3}% 17
\BOOKMARK [1][-]{section.3.5}{\376\377\000S\000e\000m\000a\000n\000t\000i\000c\000\040\000R\000i\000c\000e\000\040\000q\000u\000a\000r\000a\000n\000t\000i\000n\000e}{chapter.3}% 18
\BOOKMARK [1][-]{section.3.6}{\376\377\000H\000a\000r\000d\000e\000n\000i\000n\000g\000\040\000t\000h\000e\000\040\000a\000d\000m\000i\000s\000s\000i\000o\000n\000\040\000g\000a\000t\000e\000:\000\040\000t\000h\000e\000\040\000p\000r\000a\000x\000i\000s\000-\000l\000e\000a\000n\000\040\000c\000r\000a\000t\000e}{chapter.3}% 19
\BOOKMARK [0][-]{chapter.4}{\376\377\000E\000m\000p\000i\000r\000i\000c\000a\000l\000\040\000r\000e\000s\000u\000l\000t\000s}{}% 20
\BOOKMARK [1][-]{section.4.1}{\376\377\000C\000o\000r\000p\000u\000s\000\040\000n\000u\000m\000b\000e\000r\000s}{chapter.4}% 21
\BOOKMARK [1][-]{section.4.2}{\376\377\000F\000o\000r\000m\000a\000l\000i\000z\000a\000t\000i\000o\000n\000\040\000d\000i\000s\000p\000o\000s\000i\000t\000i\000o\000n}{chapter.4}% 22
\BOOKMARK [1][-]{section.4.3}{\376\377\000L\000e\000a\000n\000\040\0004\000\040\000a\000d\000m\000i\000s\000s\000i\000o\000n\000,\000\040\000n\000o\000t\000\040\000s\000e\000l\000f\000-\000r\000e\000p\000o\000r\000t}{chapter.4}% 23
\BOOKMARK [1][-]{section.4.4}{\376\377\000T\000h\000e\000\040\000f\000o\000u\000r\000\040\000k\000e\000r\000n\000e\000l\000\040\000r\000e\000j\000e\000c\000t\000i\000o\000n\000s}{chapter.4}% 24
\BOOKMARK [1][-]{section.4.5}{\376\377\000T\000w\000o\000\040\000i\000n\000f\000r\000a\000s\000t\000r\000u\000c\000t\000u\000r\000e\000\040\000b\000u\000g\000s\000,\000\040\000f\000o\000u\000n\000d\000\040\000a\000n\000d\000\040\000f\000i\000x\000e\000d\000\040\000d\000u\000r\000i\000n\000g\000\040\000t\000h\000e\000\040\000r\000u\000n}{chapter.4}% 25
\BOOKMARK [1][-]{section.4.6}{\376\377\000T\000h\000e\000\040\000r\000e\000c\000e\000i\000p\000t\000s\000-\000c\000o\000n\000s\000o\000l\000i\000d\000a\000t\000i\000o\000n\000\040\000g\000a\000p}{chapter.4}% 26
\BOOKMARK [0][-]{chapter.5}{\376\377\000C\000i\000v\000i\000l\000i\000z\000a\000t\000i\000o\000n\000a\000l\000-\000i\000m\000p\000a\000c\000t\000\040\000a\000n\000a\000l\000y\000s\000i\000s}{}% 27
\BOOKMARK [1][-]{section.5.1}{\376\377\000A\000n\000\040\000a\000n\000c\000h\000o\000r\000\040\000n\000u\000m\000b\000e\000r\000,\000\040\000n\000o\000t\000\040\000a\000n\000\040\000e\000s\000t\000i\000m\000a\000t\000e}{chapter.5}% 28
\BOOKMARK [1][-]{section.5.2}{\376\377\000W\000h\000a\000t\000\040\000c\000h\000a\000n\000g\000e\000s\000\040\000i\000f\000\040\000v\000e\000r\000i\000f\000i\000e\000d\000\040\000m\000a\000t\000h\000\040\000h\000a\000s\000\040\000a\000\040\000m\000a\000n\000u\000f\000a\000c\000t\000u\000r\000i\000n\000g\000\040\000c\000o\000s\000t\000\040\000c\000u\000r\000v\000e}{chapter.5}% 29
\BOOKMARK [1][-]{section.5.3}{\376\377\000R\000e\000p\000l\000a\000c\000e\000m\000e\000n\000t\000\040\000c\000o\000s\000t\000:\000\040\000p\000r\000i\000c\000i\000n\000g\000\040\000t\000h\000e\000\040\000o\000u\000t\000p\000u\000t\000,\000\040\000t\000h\000e\000\040\000s\000y\000s\000t\000e\000m\000,\000\040\000a\000n\000d\000\040\000t\000h\000e\000\040\000o\000n\000b\000o\000a\000r\000d\000i\000n\000g\000\040\000s\000e\000p\000a\000r\000a\000t\000e\000l\000y}{chapter.5}% 30
\BOOKMARK [1][-]{section.5.4}{\376\377\000T\000h\000e\000\040\000l\000o\000a\000d\000-\000b\000e\000a\000r\000i\000n\000g\000\040\000c\000a\000v\000e\000a\000t}{chapter.5}% 31
\BOOKMARK [0][-]{chapter.6}{\376\377\000R\000e\000l\000a\000t\000e\000d\000\040\000w\000o\000r\000k}{}% 32
\BOOKMARK [1][-]{section.6.1}{\376\377\000L\000a\000r\000g\000e\000-\000s\000c\000a\000l\000e\000\040\000v\000e\000r\000i\000f\000i\000e\000d\000\040\000l\000i\000b\000r\000a\000r\000i\000e\000s}{chapter.6}% 33
\BOOKMARK [1][-]{section.6.2}{\376\377\000L\000L\000M\000-\000a\000s\000s\000i\000s\000t\000e\000d\000\040\000f\000o\000r\000m\000a\000l\000\040\000p\000r\000o\000o\000f\000\040\000s\000e\000a\000r\000c\000h}{chapter.6}% 34
\BOOKMARK [1][-]{section.6.3}{\376\377\000A\000u\000t\000o\000f\000o\000r\000m\000a\000l\000i\000z\000a\000t\000i\000o\000n\000\040\000o\000f\000\040\000e\000x\000i\000s\000t\000i\000n\000g\000\040\000m\000a\000t\000h\000e\000m\000a\000t\000i\000c\000a\000l\000\040\000t\000e\000x\000t}{chapter.6}% 35
\BOOKMARK [1][-]{section.6.4}{\376\377\000W\000h\000a\000t\000\040\000i\000s\000\040\000n\000o\000t\000\040\000a\000d\000d\000r\000e\000s\000s\000e\000d}{chapter.6}% 36
\BOOKMARK [0][-]{chapter.7}{\376\377\000L\000i\000m\000i\000t\000a\000t\000i\000o\000n\000s}{}% 37
\BOOKMARK [1][-]{section.7.1}{\376\377\000B\000a\000r\000e\000\040\000L\000e\000a\000n\000\040\000c\000o\000r\000e\000,\000\040\000n\000o\000\040\000m\000a\000t\000h\000l\000i\000b}{chapter.7}% 38
\BOOKMARK [1][-]{section.7.2}{\376\377\000S\000i\000n\000g\000l\000e\000\040\000k\000e\000r\000n\000e\000l\000,\000\040\000n\000o\000\040\000c\000r\000o\000s\000s\000-\000c\000h\000e\000c\000k}{chapter.7}% 39
\BOOKMARK [1][-]{section.7.3}{\376\377\000S\000c\000o\000p\000e\000:\000\040\0001\0009\0004\000\040\000o\000f\000\040\0002\0001\0009\000,\000\040\000n\000o\000t\000\040\000t\000h\000e\000\040\000w\000h\000o\000l\000e\000\040\000c\000o\000r\000p\000u\000s}{chapter.7}% 40
\BOOKMARK [1][-]{section.7.4}{\376\377\000T\000h\000e\000\040\000r\000e\000c\000e\000i\000p\000t\000s\000-\000c\000o\000n\000s\000o\000l\000i\000d\000a\000t\000i\000o\000n\000\040\000g\000a\000p\000,\000\040\000t\000w\000i\000c\000e}{chapter.7}% 41
\BOOKMARK [1][-]{section.7.5}{\376\377\000T\000h\000e\000\040\000c\000o\000r\000r\000e\000s\000p\000o\000n\000d\000e\000n\000c\000e\000\040\000i\000n\000\040\000C\000h\000a\000p\000t\000e\000r\000\040\0003\000\040\000i\000s\000\040\000a\000n\000\040\000a\000n\000a\000l\000o\000g\000y\000,\000\040\000n\000o\000t\000\040\000a\000\040\000p\000r\000o\000o\000f}{chapter.7}% 42
\BOOKMARK [1][-]{section.7.6}{\376\377\000T\000h\000i\000s\000\040\000d\000o\000c\000u\000m\000e\000n\000t\000'\000s\000\040\000o\000w\000n\000\040\000m\000a\000n\000u\000f\000a\000c\000t\000u\000r\000i\000n\000g\000\040\000i\000s\000\040\000n\000e\000w\000\040\000a\000n\000d\000\040\000u\000n\000t\000e\000s\000t\000e\000d\000\040\000a\000t\000\040\000s\000c\000a\000l\000e}{chapter.7}% 43
\BOOKMARK [0][-]{chapter.8}{\376\377\000C\000o\000n\000c\000l\000u\000s\000i\000o\000n}{}% 44
\BOOKMARK [1][-]{section.8.1}{\376\377\000W\000h\000a\000t\000\040\000w\000a\000s\000\040\000a\000c\000t\000u\000a\000l\000l\000y\000\040\000s\000h\000o\000w\000n}{chapter.8}% 45
\BOOKMARK [1][-]{section.8.2}{\376\377\000W\000h\000a\000t\000\040\000w\000a\000s\000\040\000a\000d\000d\000i\000t\000i\000o\000n\000a\000l\000l\000y\000\040\000s\000h\000o\000w\000n\000,\000\040\000a\000b\000o\000u\000t\000\040\000t\000h\000i\000s\000\040\000d\000o\000c\000u\000m\000e\000n\000t\000\040\000i\000t\000s\000e\000l\000f}{chapter.8}% 46
\BOOKMARK [1][-]{section.8.3}{\376\377\000W\000h\000a\000t\000\040\000w\000a\000s\000\040\000n\000o\000t\000\040\000s\000h\000o\000w\000n}{chapter.8}% 47
\BOOKMARK [1][-]{section.8.4}{\376\377\000A\000d\000v\000e\000r\000s\000a\000r\000i\000a\000l\000\040\000r\000e\000v\000i\000e\000w\000\040\000s\000u\000r\000f\000a\000c\000e}{chapter.8}% 48
\BOOKMARK [1][-]{section.8.5}{\376\377\000C\000l\000o\000s\000i\000n\000g}{chapter.8}% 49
