\BOOKMARK [0][-]{chapter.1}{\376\377\000I\000n\000t\000r\000o\000d\000u\000c\000t\000i\000o\000n}{}% 1
\BOOKMARK [1][-]{section.1.1}{\376\377\000T\000h\000e\000s\000i\000s\000\040\000s\000t\000a\000t\000e\000m\000e\000n\000t}{chapter.1}% 2
\BOOKMARK [1][-]{section.1.2}{\376\377\000W\000h\000a\000t\000\040\000i\000s\000\040\000c\000i\000t\000e\000d\000\040\000f\000r\000o\000m\000\040\000t\000h\000e\000\040\000k\000e\000y\000s\000t\000o\000n\000e\000,\000\040\000n\000o\000t\000\040\000r\000e\000-\000d\000e\000r\000i\000v\000e\000d}{chapter.1}% 3
\BOOKMARK [1][-]{section.1.3}{\376\377\000A\000\040\000b\000o\000r\000r\000o\000w\000e\000d\000\040\000d\000i\000s\000c\000i\000p\000l\000i\000n\000e\000,\000\040\000b\000r\000i\000e\000f\000l\000y\000\040\000\050\000s\000p\000e\000c\000u\000l\000a\000t\000i\000v\000e\000\051}{chapter.1}% 4
\BOOKMARK [1][-]{section.1.4}{\376\377\000S\000t\000r\000u\000c\000t\000u\000r\000e\000\040\000o\000f\000\040\000t\000h\000i\000s\000\040\000d\000o\000c\000u\000m\000e\000n\000t}{chapter.1}% 5
\BOOKMARK [0][-]{chapter.2}{\376\377\000T\000h\000e\000\040\000C\000o\000m\000p\000r\000e\000h\000e\000n\000s\000i\000o\000n\040\023\000V\000e\000r\000i\000f\000i\000c\000a\000t\000i\000o\000n\000\040\000G\000a\000p\000,\000\040\000I\000n\000s\000t\000a\000n\000t\000i\000a\000t\000e\000d\000\040\000a\000t\000\040\000S\000c\000a\000l\000e}{}% 6
\BOOKMARK [1][-]{section.2.1}{\376\377\000M\000e\000a\000s\000u\000r\000e\000d\000\040\000a\000n\000d\000\040\000e\000s\000t\000i\000m\000a\000t\000e\000d\000\040\000q\000u\000a\000n\000t\000i\000t\000i\000e\000s}{chapter.2}% 7
\BOOKMARK [1][-]{section.2.2}{\376\377\000T\000h\000e\000\040\000m\000e\000a\000s\000u\000r\000e\000d\000\040\000r\000a\000t\000i\000o\000,\000\040\000n\000o\000t\000\040\000a\000n\000\040\000e\000s\000t\000i\000m\000a\000t\000e}{chapter.2}% 8
\BOOKMARK [1][-]{section.2.3}{\376\377\000B\000o\000u\000n\000d\000a\000r\000y\000\040\000c\000o\000s\000t\000\040\000i\000s\000\040\000i\000n\000v\000a\000r\000i\000a\000n\000t\000\040\000a\000s\000\040\000t\000h\000e\000\040\000i\000n\000t\000e\000r\000i\000o\000r\000\040\000g\000r\000o\000w\000s}{chapter.2}% 9
\BOOKMARK [1][-]{section.2.4}{\376\377\000P\000e\000r\000-\000m\000e\000s\000s\000a\000g\000e\000\040\000w\000a\000l\000l\000\040\000t\000i\000m\000e\000:\000\040\000a\000n\000\040\000e\000s\000t\000i\000m\000a\000t\000e\000,\000\040\000n\000o\000t\000\040\000a\000\040\000m\000e\000a\000s\000u\000r\000e\000m\000e\000n\000t}{chapter.2}% 10
\BOOKMARK [0][-]{chapter.3}{\376\377\000M\000a\000n\000u\000f\000a\000c\000t\000u\000r\000e\000d\000\040\000T\000r\000u\000s\000t\000:\000\040\000D\000e\000c\000i\000d\000a\000b\000l\000e\000\040\000O\000r\000a\000c\000l\000e\000s}{}% 11
\BOOKMARK [1][-]{section.3.1}{\376\377\000W\000h\000y\000\040\000a\000d\000m\000i\000s\000s\000i\000o\000n\000\040\000n\000e\000e\000d\000s\000\040\000a\000\040\000d\000e\000c\000i\000d\000a\000b\000l\000e\000\040\000o\000r\000a\000c\000l\000e}{chapter.3}% 12
\BOOKMARK [1][-]{section.3.2}{\376\377\000D\000i\000f\000f\000e\000r\000e\000n\000t\000i\000a\000l\000\040\000a\000g\000r\000e\000e\000m\000e\000n\000t\000\040\000b\000e\000t\000w\000e\000e\000n\000\040\000i\000n\000d\000e\000p\000e\000n\000d\000e\000n\000t\000\040\000i\000m\000p\000l\000e\000m\000e\000n\000t\000a\000t\000i\000o\000n\000s}{chapter.3}% 13
\BOOKMARK [1][-]{section.3.3}{\376\377\000A\000d\000m\000i\000s\000s\000i\000o\000n\000-\000b\000o\000u\000n\000d\000a\000r\000y\000\040\000f\000u\000z\000z\000i\000n\000g}{chapter.3}% 14
\BOOKMARK [1][-]{section.3.4}{\376\377\000T\000h\000e\000\040\000M\000u\000t\000a\000n\000t\000\040\000K\000i\000l\000l\000\040\000T\000h\000e\000o\000r\000e\000m}{chapter.3}% 15
\BOOKMARK [0][-]{chapter.4}{\376\377\000T\000h\000e\000\040\000A\000g\000e\000n\000t\0008\000\040\000B\000y\000t\000e\000\040\000a\000n\000d\000\040\000B\000r\000a\000n\000c\000h\000l\000e\000s\000s\000\040\000F\000l\000e\000e\000t\000\040\000A\000d\000m\000i\000s\000s\000i\000o\000n}{}% 16
\BOOKMARK [1][-]{section.4.1}{\376\377\000T\000h\000e\000\040\000s\000t\000a\000t\000u\000s\000\040\000b\000y\000t\000e\000\040\000a\000s\000\040\000a\000n\000\040\000O\000K\000-\000p\000o\000l\000a\000r\000i\000t\000y\000\040\000p\000r\000o\000j\000e\000c\000t\000i\000o\000n}{chapter.4}% 17
\BOOKMARK [1][-]{section.4.2}{\376\377\000B\000i\000t\000-\000p\000l\000a\000n\000e\000\040\000l\000a\000y\000o\000u\000t\000s\000\040\000a\000n\000d\000\040\000t\000h\000e\000\040\000b\000r\000a\000n\000c\000h\000l\000e\000s\000s\000\040\000a\000d\000m\000i\000s\000s\000i\000o\000n\000\040\000w\000o\000r\000d}{chapter.4}% 18
\BOOKMARK [1][-]{section.4.3}{\376\377\000T\000h\000e\000\040\000d\000e\000n\000i\000a\000l\000-\000p\000o\000l\000a\000r\000i\000t\000y\000\040\000d\000u\000a\000l}{chapter.4}% 19
\BOOKMARK [1][-]{section.4.4}{\376\377\000B\000o\000r\000r\000o\000w\000-\000s\000a\000f\000e\000\040\000S\000W\000A\000R\000\040\000z\000e\000r\000o\000-\000l\000a\000n\000e\000\040\000d\000e\000t\000e\000c\000t\000i\000o\000n}{chapter.4}% 20
\BOOKMARK [1][-]{section.4.5}{\376\377\000P\000o\000p\000c\000o\000u\000n\000t\000\040\000a\000d\000m\000i\000s\000s\000i\000o\000n\000\040\000i\000n\000\040\000o\000n\000e\000\040\000i\000n\000s\000t\000r\000u\000c\000t\000i\000o\000n}{chapter.4}% 21
\BOOKMARK [1][-]{section.4.6}{\376\377\000M\000e\000m\000o\000r\000y\000\040\000f\000o\000o\000t\000p\000r\000i\000n\000t\000:\000\040\000a\000n\000\040\000e\000x\000a\000c\000t\000\040\000i\000d\000e\000n\000t\000i\000t\000y}{chapter.4}% 22
\BOOKMARK [1][-]{section.4.7}{\376\377\000S\000w\000e\000e\000p\000\040\000t\000i\000m\000e\000:\000\040\000a\000n\000\040\000o\000r\000d\000e\000r\000-\000o\000f\000-\000m\000a\000g\000n\000i\000t\000u\000d\000e\000\040\000e\000s\000t\000i\000m\000a\000t\000e}{chapter.4}% 23
\BOOKMARK [0][-]{chapter.5}{\376\377\000P\000l\000a\000n\000e\000t\000a\000r\000y\000\040\000E\000c\000o\000n\000o\000m\000i\000c\000s\000\040\000o\000f\000\040\000A\000d\000m\000i\000s\000s\000i\000o\000n\000\040\000\050\000S\000p\000e\000c\000u\000l\000a\000t\000i\000v\000e\000\051}{}% 24
\BOOKMARK [1][-]{section.5.1}{\376\377\000D\000e\000m\000a\000n\000d}{chapter.5}% 25
\BOOKMARK [1][-]{section.5.2}{\376\377\000C\000o\000m\000p\000r\000e\000h\000e\000n\000s\000i\000o\000n\000-\000b\000a\000s\000e\000d\000\040\000s\000u\000p\000p\000l\000y\000\040\000c\000e\000i\000l\000i\000n\000g}{chapter.5}% 26
\BOOKMARK [1][-]{section.5.3}{\376\377\000B\000i\000t\000-\000p\000a\000r\000a\000l\000l\000e\000l\000\040\000s\000u\000p\000p\000l\000y}{chapter.5}% 27
\BOOKMARK [1][-]{section.5.4}{\376\377\000T\000h\000e\000\040\000a\000f\000f\000o\000r\000d\000a\000b\000i\000l\000i\000t\000y\000\040\000s\000e\000p\000a\000r\000a\000t\000i\000o\000n\000\040\000t\000h\000e\000o\000r\000e\000m}{chapter.5}% 28
\BOOKMARK [0][-]{chapter.6}{\376\377\000T\000h\000e\000\040\000A\000n\000t\000i\000b\000o\000d\000y\000\040\000C\000l\000a\000u\000s\000e\000:\000\040\000C\000l\000a\000i\000m\000\040\000M\000a\000g\000n\000i\000t\000u\000d\000e\000\040\000B\000o\000u\000n\000d\000e\000d\000\040\000b\000y\000\040\000R\000e\000c\000e\000i\000p\000t\000i\000n\000g}{}% 29
\BOOKMARK [1][-]{section.6.1}{\376\377\000C\000l\000a\000i\000m\000s\000\040\000a\000n\000d\000\040\000r\000e\000c\000e\000i\000p\000t\000\040\000w\000i\000t\000n\000e\000s\000s\000e\000s}{chapter.6}% 30
\BOOKMARK [1][-]{section.6.2}{\376\377\000T\000h\000e\000\040\000M\000a\000g\000n\000i\000t\000u\000d\000e\000\040\000T\000h\000e\000o\000r\000e\000m}{chapter.6}% 31
\BOOKMARK [1][-]{section.6.3}{\376\377\000R\000e\000f\000l\000e\000x\000i\000v\000e\000\040\000a\000p\000p\000l\000i\000c\000a\000t\000i\000o\000n\000:\000\040\000t\000h\000i\000s\000\040\000p\000a\000p\000e\000r\000'\000s\000\040\000o\000w\000n\000\040\000o\000v\000e\000r\000c\000l\000a\000i\000m\000\040\000s\000e\000t}{chapter.6}% 32
\BOOKMARK [0][-]{chapter.7}{\376\377\000D\000e\000r\000i\000v\000e\000d\000\040\000S\000u\000p\000e\000r\000v\000i\000s\000i\000o\000n\000\040\000T\000o\000p\000o\000l\000o\000g\000y}{}% 33
\BOOKMARK [1][-]{section.7.1}{\376\377\000S\000t\000a\000g\000e\000\040\000d\000e\000p\000t\000h\000\040\000f\000r\000o\000m\000\040\000t\000h\000e\000\040\000d\000a\000t\000a\000-\000d\000e\000p\000e\000n\000d\000e\000n\000c\000y\000\040\000D\000A\000G}{chapter.7}% 34
\BOOKMARK [1][-]{section.7.2}{\376\377\000R\000e\000s\000t\000a\000r\000t\000\040\000s\000t\000r\000a\000t\000e\000g\000y\000\040\000e\000a\000r\000n\000e\000d\000\040\000f\000r\000o\000m\000\040\000t\000h\000e\000\040\000d\000e\000p\000e\000n\000d\000e\000n\000t\000\040\000s\000e\000t}{chapter.7}% 35
\BOOKMARK [1][-]{section.7.3}{\376\377\000T\000h\000e\000\040\000s\000e\000a\000l\000e\000d\000\040\000d\000e\000r\000i\000v\000e\000\040\000c\000o\000n\000s\000t\000r\000u\000c\000t\000o\000r\000\040\000a\000n\000d\000\040\000t\000o\000p\000o\000l\000o\000g\000y\000\137\000h\000a\000s\000h}{chapter.7}% 36
\BOOKMARK [1][-]{section.7.4}{\376\377\000R\000e\000f\000u\000s\000a\000l\000:\000\040\000n\000o\000\040\000O\000n\000e\000F\000o\000r\000A\000l\000l}{chapter.7}% 37
\BOOKMARK [1][-]{section.7.5}{\376\377\000R\000e\000f\000u\000s\000a\000l\000:\000\040\000n\000o\000\040\000S\000i\000m\000p\000l\000e\000O\000n\000e\000F\000o\000r\000O\000n\000e\000,\000\040\000n\000o\000\040\000c\000l\000a\000m\000p\000e\000d\000\040\000i\000n\000t\000e\000n\000s\000i\000t\000y}{chapter.7}% 38
\BOOKMARK [0][-]{chapter.8}{\376\377\000D\000e\000r\000i\000v\000e\000d\000\040\000F\000a\000i\000l\000u\000r\000e\000\040\000G\000e\000o\000m\000e\000t\000r\000y}{}% 39
\BOOKMARK [1][-]{section.8.1}{\376\377\000T\000h\000e\000\040\000e\000i\000g\000h\000t\000-\000m\000e\000m\000b\000e\000r\000\040\000F\000a\000i\000l\000u\000r\000e\000C\000l\000a\000s\000s\000\040\000e\000n\000u\000m}{chapter.8}% 40
\BOOKMARK [1][-]{section.8.2}{\376\377\000B\000r\000a\000n\000c\000h\000e\000s\000\040\000a\000n\000d\000\040\000f\000i\000r\000s\000t\000-\000m\000a\000t\000c\000h\000\040\000c\000l\000a\000s\000s\000i\000f\000i\000c\000a\000t\000i\000o\000n}{chapter.8}% 41
\BOOKMARK [1][-]{section.8.3}{\376\377\000C\000o\000m\000p\000l\000e\000t\000e\000n\000e\000s\000s\000\040\000b\000y\000\040\000c\000o\000n\000s\000t\000r\000u\000c\000t\000i\000o\000n\000:\000\040\000t\000h\000e\000\040\000g\000a\000p\000\040\000o\000u\000t\000c\000o\000m\000e}{chapter.8}% 42
\BOOKMARK [1][-]{section.8.4}{\376\377\000F\000r\000a\000g\000i\000l\000e\000\040\000p\000r\000e\000c\000o\000n\000d\000i\000t\000i\000o\000n\000s}{chapter.8}% 43
\BOOKMARK [1][-]{section.8.5}{\376\377\000T\000o\000t\000a\000l\000\040\000a\000c\000c\000o\000u\000n\000t\000i\000n\000g}{chapter.8}% 44
\BOOKMARK [0][-]{chapter.9}{\376\377\000S\000u\000p\000e\000r\000v\000i\000s\000e\000d\000\040\000E\000x\000e\000c\000u\000t\000i\000o\000n\000:\000\040\000C\000e\000l\000l\000\040\000M\000e\000a\000s\000u\000r\000e\000m\000e\000n\000t\000s}{}% 45
\BOOKMARK [1][-]{section.9.1}{\376\377\000R\000e\000c\000o\000v\000e\000r\000y\000\040\000i\000s\000\040\000i\000n\000v\000i\000s\000i\000b\000l\000e\000\040\000i\000n\000\040\000t\000h\000e\000\040\000r\000e\000c\000e\000i\000p\000t\000\040\000c\000h\000a\000i\000n}{chapter.9}% 46
\BOOKMARK [1][-]{section.9.2}{\376\377\000T\000h\000e\000\040\0001\0000\000,\0000\0000\0000\000-\000m\000e\000m\000b\000e\000r\000\040\000c\000e\000l\000l}{chapter.9}% 47
\BOOKMARK [1][-]{section.9.3}{\376\377\000W\000h\000a\000t\000\040\000f\000l\000a\000t\000\040\000t\000h\000r\000o\000u\000g\000h\000p\000u\000t\000\040\000m\000e\000a\000n\000s}{chapter.9}% 48
\BOOKMARK [1][-]{section.9.4}{\376\377\000T\000h\000e\000\040\000d\000e\000f\000e\000r\000r\000e\000d\000\040\000n\000o\000v\000e\000l\000t\000y\000-\000c\000u\000r\000v\000e\000\040\000m\000e\000a\000s\000u\000r\000e\000m\000e\000n\000t}{chapter.9}% 49
\BOOKMARK [0][-]{chapter.10}{\376\377\000F\000l\000e\000e\000t\000\040\000A\000p\000p\000l\000i\000c\000a\000t\000i\000o\000n\000\040\000T\000o\000o\000l\000i\000n\000g\000:\000\040\000R\000e\000t\000r\000o\000f\000i\000t\000\040\000a\000n\000d\000\040\000R\000e\000c\000o\000n\000c\000i\000l\000i\000a\000t\000i\000o\000n}{}% 50
\BOOKMARK [1][-]{section.10.1}{\376\377\000A\000S\000T\000\040\000g\000a\000t\000e\000s\000\040\000a\000n\000d\000\040\000t\000h\000e\000\040\000i\000s\000o\000l\000a\000t\000e\000d\000\040\000w\000o\000r\000k\000t\000r\000e\000e\000\040\000a\000p\000p\000l\000i\000e\000r}{chapter.10}% 51
\BOOKMARK [1][-]{section.10.2}{\376\377\000G\000i\000t\000-\000w\000o\000r\000k\000t\000r\000e\000e\000\040\000i\000s\000o\000l\000a\000t\000i\000o\000n\000\040\000e\000n\000d\000\040\000t\000o\000\040\000e\000n\000d}{chapter.10}% 52
\BOOKMARK [1][-]{section.10.3}{\376\377\000A\000u\000t\000o\000n\000o\000m\000i\000c\000\040\000r\000e\000c\000o\000n\000c\000i\000l\000i\000a\000t\000i\000o\000n\000:\000\040\000r\000e\000s\000i\000d\000u\000a\000l\000\040\000v\000e\000c\000t\000o\000r\000s\000\040\000a\000n\000d\000\040\000g\000a\000p\000\040\000r\000e\000p\000o\000r\000t\000s}{chapter.10}% 53
\BOOKMARK [0][-]{chapter.11}{\376\377\000F\000a\000b\000l\000e\000\040\000H\000a\000r\000n\000e\000s\000s\000:\000\040\000S\000p\000e\000c\000-\000D\000r\000i\000v\000e\000n\000\040\000L\000L\000M\000\040\000E\000v\000a\000l\000u\000a\000t\000i\000o\000n}{}% 54
\BOOKMARK [1][-]{section.11.1}{\376\377\000H\000a\000r\000n\000e\000s\000s\000\040\000m\000e\000c\000h\000a\000n\000i\000c\000s}{chapter.11}% 55
\BOOKMARK [1][-]{section.11.2}{\376\377\000R\000e\000c\000e\000i\000p\000t\000i\000n\000g\000\040\000f\000a\000b\000l\000e\000\040\000r\000u\000n\000s}{chapter.11}% 56
\BOOKMARK [1][-]{section.11.3}{\376\377\000S\000p\000e\000c\000u\000l\000a\000t\000i\000v\000e\000:\000\040\000d\000e\000c\000i\000d\000a\000b\000i\000l\000i\000t\000y\000\040\000a\000n\000d\000\040\000d\000i\000f\000f\000e\000r\000e\000n\000t\000i\000a\000l\000-\000o\000r\000a\000c\000l\000e\000\040\000c\000l\000a\000i\000m\000s}{chapter.11}% 57
\BOOKMARK [0][-]{chapter.12}{\376\377\000H\000i\000e\000r\000a\000r\000c\000h\000i\000c\000a\000l\000\040\000M\000e\000r\000k\000l\000e\000\040\000C\000e\000l\000l\000\040\000R\000o\000l\000l\000u\000p\000s\000\040\000a\000n\000d\000\040\000W\000r\000i\000t\000e\000-\000A\000h\000e\000a\000d\000\040\000L\000o\000g\000s}{}% 58
\BOOKMARK [1][-]{section.12.1}{\376\377\000C\000e\000l\000l\000\040\000r\000o\000l\000l\000u\000p}{chapter.12}% 59
\BOOKMARK [1][-]{section.12.2}{\376\377\000W\000r\000i\000t\000e\000-\000a\000h\000e\000a\000d\000\040\000l\000o\000g\000\040\000f\000r\000a\000m\000e\000s}{chapter.12}% 60
\BOOKMARK [0][-]{chapter.13}{\376\377\000S\000c\000o\000p\000e\000\040\000D\000i\000s\000c\000i\000p\000l\000i\000n\000e\000:\000\040\000T\000h\000e\000\040\000R\000e\000f\000u\000s\000a\000l\000\040\000R\000e\000g\000i\000s\000t\000e\000r}{}% 61
\BOOKMARK [1][-]{section.13.1}{\376\377\000N\000o\000\040\000p\000a\000t\000h\000\040\000d\000e\000p\000e\000n\000d\000e\000n\000c\000y\000\040\000o\000n\000\040\000k\000n\000h\000k}{chapter.13}% 62
\BOOKMARK [1][-]{section.13.2}{\376\377\000N\000o\000\040\000m\000e\000a\000s\000u\000r\000e\000d\000\040\000C\000P\000U\000\040\000t\000i\000c\000k\000s}{chapter.13}% 63
\BOOKMARK [1][-]{section.13.3}{\376\377\000v\0001\000\040\000s\000c\000o\000p\000e\000,\000\040\000n\000a\000m\000e\000d}{chapter.13}% 64
\BOOKMARK [0][-]{chapter.14}{\376\377\000C\000o\000n\000c\000l\000u\000s\000i\000o\000n}{}% 65
