\BOOKMARK [0][-]{chapter.1}{\376\377\000C\000o\000m\000b\000i\000n\000a\000t\000o\000r\000i\000a\000l\000\040\000M\000a\000x\000i\000m\000a\000l\000i\000s\000m\000\040\000i\000n\000\040\000D\000i\000s\000t\000r\000i\000b\000u\000t\000e\000d\000\040\000S\000y\000s\000t\000e\000m\000s}{}% 1
\BOOKMARK [1][-]{section.1.1}{\376\377\000I\000n\000t\000r\000o\000d\000u\000c\000t\000i\000o\000n}{chapter.1}% 2
\BOOKMARK [1][-]{section.1.2}{\376\377\000T\000o\000p\000o\000l\000o\000g\000i\000c\000a\000l\000\040\000a\000n\000d\000\040\000A\000l\000g\000e\000b\000r\000a\000i\000c\000\040\000F\000o\000u\000n\000d\000a\000t\000i\000o\000n\000s}{chapter.1}% 3
\BOOKMARK [1][-]{section.1.3}{\376\377\000T\000h\000e\000\040\000M\000a\000x\000i\000m\000a\000l\000i\000s\000t\000\040\000F\000u\000n\000c\000t\000o\000r\000\040\000a\000n\000d\000\040\000C\000o\000n\000s\000t\000r\000a\000i\000n\000t\000\040\000E\000q\000u\000a\000t\000i\000o\000n\000s}{chapter.1}% 4
\BOOKMARK [1][-]{section.1.4}{\376\377\000H\000o\000m\000o\000l\000o\000g\000i\000c\000a\000l\000\040\000C\000h\000a\000r\000a\000c\000t\000e\000r\000i\000z\000a\000t\000i\000o\000n\000\040\000o\000f\000\040\000M\000a\000x\000i\000m\000a\000l\000\040\000S\000t\000a\000t\000e\000s}{chapter.1}% 5
\BOOKMARK [1][-]{section.1.5}{\376\377\000E\000x\000a\000c\000t\000\040\000S\000e\000q\000u\000e\000n\000c\000e\000s\000\040\000a\000n\000d\000\040\000t\000h\000e\000\040\000M\000a\000y\000e\000r\000-\000V\000i\000e\000t\000o\000r\000i\000s\000\040\000S\000e\000q\000u\000e\000n\000c\000e\000\040\000f\000o\000r\000\040\000M\000a\000x\000i\000m\000a\000l\000i\000s\000t\000\040\000F\000u\000n\000c\000t\000o\000r\000s}{chapter.1}% 6
\BOOKMARK [1][-]{section.1.6}{\376\377\000T\000h\000e\000\040\000C\000o\000r\000e\000\040\000T\000h\000e\000o\000r\000e\000m\000\040\000o\000f\000\040\000C\000o\000m\000b\000i\000n\000a\000t\000o\000r\000i\000a\000l\000\040\000M\000a\000x\000i\000m\000a\000l\000i\000s\000m}{chapter.1}% 7
\BOOKMARK [1][-]{section.1.7}{\376\377\000C\000o\000h\000o\000m\000o\000l\000o\000g\000i\000c\000a\000l\000\040\000O\000b\000s\000t\000r\000u\000c\000t\000i\000o\000n\000s\000\040\000t\000o\000\040\000M\000a\000x\000i\000m\000a\000l\000\040\000M\000a\000t\000c\000h\000i\000n\000g}{chapter.1}% 8
\BOOKMARK [1][-]{section.1.8}{\376\377\000D\000i\000s\000t\000r\000i\000b\000u\000t\000e\000d\000\040\000S\000h\000e\000l\000l\000i\000n\000g\000s\000\040\000a\000n\000d\000\040\000M\000a\000x\000i\000m\000a\000l\000\040\000C\000o\000l\000l\000a\000p\000s\000e}{chapter.1}% 9
\BOOKMARK [1][-]{section.1.9}{\376\377\000S\000h\000e\000a\000f\000-\000T\000h\000e\000o\000r\000e\000t\000i\000c\000\040\000A\000p\000p\000r\000o\000a\000c\000h\000\040\000t\000o\000\040\000C\000o\000m\000b\000i\000n\000a\000t\000o\000r\000i\000a\000l\000\040\000M\000a\000x\000i\000m\000a\000l\000i\000s\000m}{chapter.1}% 10
\BOOKMARK [1][-]{section.1.10}{\376\377\000A\000s\000y\000m\000p\000t\000o\000t\000i\000c\000\040\000B\000o\000u\000n\000d\000s\000\040\000a\000n\000d\000\040\000t\000h\000e\000\040\000C\000o\000m\000b\000i\000n\000a\000t\000o\000r\000i\000a\000l\000\040\000M\000a\000x\000i\000m\000a\000l\000i\000s\000m\000\040\000I\000n\000e\000q\000u\000a\000l\000i\000t\000y}{chapter.1}% 11
\BOOKMARK [1][-]{section.1.11}{\376\377\000C\000o\000n\000c\000l\000u\000s\000i\000o\000n}{chapter.1}% 12
\BOOKMARK [0][-]{chapter.2}{\376\377\000A\000d\000v\000a\000n\000c\000e\000d\000\040\000D\000i\000s\000c\000r\000e\000t\000e\000\040\000T\000o\000p\000o\000l\000o\000g\000y\000\040\000o\000n\000\040\000F\000i\000n\000i\000t\000e\000\040\000S\000t\000a\000t\000e\000\040\000M\000a\000c\000h\000i\000n\000e\000s}{}% 13
\BOOKMARK [1][-]{section.2.1}{\376\377\000I\000n\000t\000r\000o\000d\000u\000c\000t\000i\000o\000n\000\040\000a\000n\000d\000\040\000M\000o\000t\000i\000v\000a\000t\000i\000o\000n}{chapter.2}% 14
\BOOKMARK [1][-]{section.2.2}{\376\377\000T\000o\000p\000o\000l\000o\000g\000i\000c\000a\000l\000\040\000P\000r\000e\000l\000i\000m\000i\000n\000a\000r\000i\000e\000s\000\040\000a\000n\000d\000\040\000A\000x\000i\000o\000m\000a\000t\000i\000c\000\040\000F\000o\000u\000n\000d\000a\000t\000i\000o\000n\000s}{chapter.2}% 15
\BOOKMARK [1][-]{section.2.3}{\376\377\000T\000h\000e\000\040\000R\000e\000a\000c\000h\000a\000b\000i\000l\000i\000t\000y\000\040\000T\000o\000p\000o\000l\000o\000g\000y\000\040\000a\000n\000d\000\040\000A\000l\000e\000x\000a\000n\000d\000r\000o\000v\000\040\000S\000p\000a\000c\000e\000s}{chapter.2}% 16
\BOOKMARK [1][-]{section.2.4}{\376\377\000D\000i\000s\000c\000r\000e\000t\000e\000\040\000C\000a\000l\000c\000u\000l\000u\000s\000\040\000a\000n\000d\000\040\000D\000i\000f\000f\000e\000r\000e\000n\000t\000i\000a\000l\000\040\000V\000a\000l\000u\000a\000t\000i\000o\000n\000s}{chapter.2}% 17
\BOOKMARK [1][-]{section.2.5}{\376\377\000S\000e\000t\000-\000T\000h\000e\000o\000r\000e\000t\000i\000c\000\040\000a\000n\000d\000\040\000M\000e\000a\000s\000u\000r\000e\000-\000T\000h\000e\000o\000r\000e\000t\000i\000c\000\040\000P\000r\000o\000p\000e\000r\000t\000i\000e\000s}{chapter.2}% 18
\BOOKMARK [1][-]{section.2.6}{\376\377\000C\000o\000n\000c\000l\000u\000s\000i\000o\000n}{chapter.2}% 19
\BOOKMARK [0][-]{chapter.3}{\376\377\000A\000d\000v\000a\000n\000c\000e\000d\000\040\000C\000a\000t\000e\000g\000o\000r\000i\000c\000a\000l\000\040\000P\000e\000r\000s\000p\000e\000c\000t\000i\000v\000e\000s\000\040\000o\000n\000\040\000G\000a\000l\000o\000i\000s\000\040\000C\000o\000n\000n\000e\000c\000t\000i\000o\000n\000s}{}% 20
\BOOKMARK [1][-]{section.3.1}{\376\377\000I\000n\000t\000r\000o\000d\000u\000c\000t\000i\000o\000n\000\040\000a\000n\000d\000\040\000T\000h\000e\000o\000r\000e\000t\000i\000c\000a\000l\000\040\000P\000r\000e\000l\000i\000m\000i\000n\000a\000r\000i\000e\000s}{chapter.3}% 21
\BOOKMARK [1][-]{section.3.2}{\376\377\000U\000n\000i\000t\000s\000,\000\040\000C\000o\000u\000n\000i\000t\000s\000,\000\040\000a\000n\000d\000\040\000C\000a\000t\000e\000g\000o\000r\000i\000c\000a\000l\000\040\000E\000q\000u\000i\000v\000a\000l\000e\000n\000c\000e}{chapter.3}% 22
\BOOKMARK [1][-]{section.3.3}{\376\377\000M\000o\000n\000a\000d\000s\000,\000\040\000C\000o\000m\000o\000n\000a\000d\000s\000,\000\040\000a\000n\000d\000\040\000C\000l\000o\000s\000u\000r\000e\000\040\000O\000p\000e\000r\000a\000t\000o\000r\000s}{chapter.3}% 23
\BOOKMARK [1][-]{section.3.4}{\376\377\000E\000i\000l\000e\000n\000b\000e\000r\000g\000-\000M\000o\000o\000r\000e\000\040\000a\000n\000d\000\040\000K\000l\000e\000i\000s\000l\000i\000\040\000C\000a\000t\000e\000g\000o\000r\000i\000e\000s\000\040\000f\000o\000r\000\040\000P\000o\000s\000e\000t\000s}{chapter.3}% 24
\BOOKMARK [1][-]{section.3.5}{\376\377\000G\000a\000l\000o\000i\000s\000\040\000C\000o\000n\000n\000e\000c\000t\000i\000o\000n\000s\000\040\000a\000s\000\040\000K\000a\000n\000\040\000E\000x\000t\000e\000n\000s\000i\000o\000n\000s}{chapter.3}% 25
\BOOKMARK [1][-]{section.3.6}{\376\377\000I\000s\000o\000m\000o\000r\000p\000h\000i\000s\000m\000s\000\040\000o\000f\000\040\000F\000i\000x\000e\000d\000\040\000P\000o\000i\000n\000t\000\040\000S\000u\000b\000p\000o\000s\000e\000t\000s}{chapter.3}% 26
\BOOKMARK [1][-]{section.3.7}{\376\377\000A\000n\000t\000i\000t\000o\000n\000e\000\040\000G\000a\000l\000o\000i\000s\000\040\000C\000o\000n\000n\000e\000c\000t\000i\000o\000n\000s\000\040\000a\000n\000d\000\040\000C\000a\000t\000e\000g\000o\000r\000i\000c\000a\000l\000\040\000D\000u\000a\000l\000i\000t\000y}{chapter.3}% 27
\BOOKMARK [1][-]{section.3.8}{\376\377\000A\000d\000j\000u\000n\000c\000t\000i\000o\000n\000s\000\040\000a\000n\000d\000\040\000M\000o\000o\000r\000e\000\040\000F\000a\000m\000i\000l\000i\000e\000s\000\040\000\050\000C\000l\000o\000s\000u\000r\000e\000\040\000S\000y\000s\000t\000e\000m\000s\000\051}{chapter.3}% 28
\BOOKMARK [1][-]{section.3.9}{\376\377\000A\000p\000p\000l\000i\000c\000a\000t\000i\000o\000n\000s\000\040\000i\000n\000\040\000A\000b\000s\000t\000r\000a\000c\000t\000\040\000I\000n\000t\000e\000r\000p\000r\000e\000t\000a\000t\000i\000o\000n\000:\000\040\000F\000i\000x\000e\000d\000\040\000P\000o\000i\000n\000t\000\040\000S\000e\000m\000a\000n\000t\000i\000c\000s}{chapter.3}% 29
\BOOKMARK [1][-]{section.3.10}{\376\377\000C\000o\000n\000t\000i\000n\000u\000o\000u\000s\000\040\000F\000u\000n\000c\000t\000o\000r\000s\000\040\000a\000n\000d\000\040\000t\000h\000e\000\040\000T\000a\000r\000s\000k\000i\000-\000K\000n\000a\000s\000t\000e\000r\000\040\000T\000h\000e\000o\000r\000e\000m}{chapter.3}% 30
\BOOKMARK [1][-]{section.3.11}{\376\377\000G\000r\000o\000t\000h\000e\000n\000d\000i\000e\000c\000k\000\040\000F\000i\000b\000r\000a\000t\000i\000o\000n\000s\000\040\000a\000n\000d\000\040\000I\000n\000d\000e\000x\000e\000d\000\040\000G\000a\000l\000o\000i\000s\000\040\000C\000o\000n\000n\000e\000c\000t\000i\000o\000n\000s}{chapter.3}% 31
\BOOKMARK [1][-]{section.3.12}{\376\377\000C\000o\000n\000c\000l\000u\000s\000i\000o\000n\000\040\000a\000n\000d\000\040\000O\000p\000e\000n\000\040\000P\000r\000o\000b\000l\000e\000m\000s}{chapter.3}% 32
\BOOKMARK [0][-]{chapter.4}{\376\377\000C\000a\000t\000e\000g\000o\000r\000i\000c\000a\000l\000\040\000P\000u\000l\000l\000b\000a\000c\000k\000s\000,\000\040\000R\000e\000p\000l\000a\000y\000\040\000D\000y\000n\000a\000m\000i\000c\000s\000,\000\040\000a\000n\000d\000\040\000F\000i\000b\000e\000r\000\040\000P\000r\000o\000d\000u\000c\000t\000s}{}% 33
\BOOKMARK [1][-]{section.4.1}{\376\377\000I\000n\000t\000r\000o\000d\000u\000c\000t\000i\000o\000n\000\040\000t\000o\000\040\000C\000a\000t\000e\000g\000o\000r\000i\000c\000a\000l\000\040\000P\000u\000l\000l\000b\000a\000c\000k\000s}{chapter.4}% 34
\BOOKMARK [1][-]{section.4.2}{\376\377\000T\000h\000e\000\040\000P\000u\000l\000l\000b\000a\000c\000k\000\040\000L\000e\000m\000m\000a\000\040\000a\000n\000d\000\040\000C\000o\000m\000p\000o\000s\000i\000t\000i\000o\000n\000\040\000o\000f\000\040\000S\000q\000u\000a\000r\000e\000s}{chapter.4}% 35
\BOOKMARK [1][-]{section.4.3}{\376\377\000F\000i\000b\000e\000r\000\040\000P\000r\000o\000d\000u\000c\000t\000s\000\040\000i\000n\000\040\000A\000l\000g\000e\000b\000r\000a\000i\000c\000\040\000G\000e\000o\000m\000e\000t\000r\000y}{chapter.4}% 36
\BOOKMARK [1][-]{section.4.4}{\376\377\000R\000e\000p\000l\000a\000y\000\040\000D\000y\000n\000a\000m\000i\000c\000s\000\040\000a\000s\000\040\000C\000a\000t\000e\000g\000o\000r\000i\000c\000a\000l\000\040\000P\000u\000l\000l\000b\000a\000c\000k\000s}{chapter.4}% 37
\BOOKMARK [1][-]{section.4.5}{\376\377\000L\000i\000m\000i\000t\000s\000\040\000a\000n\000d\000\040\000C\000o\000l\000i\000m\000i\000t\000s\000:\000\040\000B\000e\000y\000o\000n\000d\000\040\000P\000u\000l\000l\000b\000a\000c\000k\000s}{chapter.4}% 38
\BOOKMARK [1][-]{section.4.6}{\376\377\000P\000u\000l\000l\000b\000a\000c\000k\000s\000\040\000i\000n\000\040\000T\000o\000p\000o\000s\000\040\000T\000h\000e\000o\000r\000y}{chapter.4}% 39
\BOOKMARK [1][-]{section.4.7}{\376\377\000C\000o\000n\000c\000l\000u\000s\000i\000o\000n}{chapter.4}% 40
\BOOKMARK [0][-]{chapter.5}{\376\377\000D\000i\000s\000c\000r\000e\000t\000e\000\040\000M\000o\000r\000s\000e\000\040\000T\000h\000e\000o\000r\000y\000\040\000a\000n\000d\000\040\000C\000o\000m\000b\000i\000n\000a\000t\000o\000r\000i\000a\000l\000\040\000T\000o\000p\000o\000l\000o\000g\000y}{}% 41
\BOOKMARK [1][-]{section.5.1}{\376\377\000I\000n\000t\000r\000o\000d\000u\000c\000t\000i\000o\000n\000\040\000t\000o\000\040\000D\000i\000s\000c\000r\000e\000t\000e\000\040\000M\000o\000r\000s\000e\000\040\000T\000h\000e\000o\000r\000y}{chapter.5}% 42
\BOOKMARK [1][-]{section.5.2}{\376\377\000S\000i\000m\000p\000l\000i\000c\000i\000a\000l\000\040\000C\000o\000m\000p\000l\000e\000x\000e\000s\000\040\000a\000n\000d\000\040\000A\000l\000g\000e\000b\000r\000a\000i\000c\000\040\000T\000o\000p\000o\000l\000o\000g\000y\000\040\000P\000r\000e\000l\000i\000m\000i\000n\000a\000r\000i\000e\000s}{chapter.5}% 43
\BOOKMARK [1][-]{section.5.3}{\376\377\000D\000i\000s\000c\000r\000e\000t\000e\000\040\000M\000o\000r\000s\000e\000\040\000F\000u\000n\000c\000t\000i\000o\000n\000s}{chapter.5}% 44
\BOOKMARK [1][-]{section.5.4}{\376\377\000D\000i\000s\000c\000r\000e\000t\000e\000\040\000G\000r\000a\000d\000i\000e\000n\000t\000\040\000V\000e\000c\000t\000o\000r\000\040\000F\000i\000e\000l\000d\000s}{chapter.5}% 45
\BOOKMARK [1][-]{section.5.5}{\376\377\000T\000h\000e\000\040\000M\000o\000r\000s\000e\000\040\000I\000n\000e\000q\000u\000a\000l\000i\000t\000i\000e\000s\000\040\000a\000n\000d\000\040\000H\000o\000m\000o\000t\000o\000p\000y\000\040\000T\000y\000p\000e}{chapter.5}% 46
\BOOKMARK [1][-]{section.5.6}{\376\377\000T\000h\000e\000\040\000M\000o\000r\000s\000e\000\040\000C\000o\000m\000p\000l\000e\000x\000\040\000a\000n\000d\000\040\000H\000o\000m\000o\000l\000o\000g\000y}{chapter.5}% 47
\BOOKMARK [1][-]{section.5.7}{\376\377\000A\000l\000g\000o\000r\000i\000t\000h\000m\000i\000c\000\040\000C\000o\000m\000p\000l\000e\000x\000i\000t\000y\000\040\000a\000n\000d\000\040\000C\000o\000n\000s\000t\000r\000u\000c\000t\000i\000b\000i\000l\000i\000t\000y}{chapter.5}% 48
\BOOKMARK [1][-]{section.5.8}{\376\377\000C\000o\000n\000c\000l\000u\000s\000i\000o\000n}{chapter.5}% 49
\BOOKMARK [0][-]{chapter.6}{\376\377\000C\000o\000m\000p\000u\000t\000a\000t\000i\000o\000n\000a\000l\000\040\000C\000o\000m\000p\000l\000e\000x\000i\000t\000y\000\040\000a\000n\000d\000\040\000D\000e\000c\000i\000d\000a\000b\000i\000l\000i\000t\000y\000\040\000B\000o\000u\000n\000d\000s}{}% 50
\BOOKMARK [1][-]{section.6.1}{\376\377\000F\000o\000r\000m\000a\000l\000\040\000S\000e\000t\000u\000p\000:\000\040\000T\000u\000r\000i\000n\000g\000\040\000M\000a\000c\000h\000i\000n\000e\000s\000\040\000a\000n\000d\000\040\000B\000o\000u\000n\000d\000e\000d\000\040\000C\000o\000n\000t\000e\000x\000t\000s}{chapter.6}% 51
\BOOKMARK [1][-]{section.6.2}{\376\377\000D\000e\000c\000i\000d\000a\000b\000i\000l\000i\000t\000y\000\040\000A\000l\000g\000e\000b\000r\000a\000\040\000a\000n\000d\000\040\000t\000h\000e\000\040\000R\000e\000c\000e\000i\000p\000t\000\040\000V\000e\000r\000i\000f\000i\000c\000a\000t\000i\000o\000n\000\040\000P\000r\000o\000t\000o\000c\000o\000l}{chapter.6}% 52
\BOOKMARK [2][-]{subsection.6.2.1}{\376\377\000V\000e\000r\000i\000f\000i\000c\000a\000t\000i\000o\000n\000\040\000C\000o\000m\000p\000l\000e\000x\000i\000t\000y\000\040\000a\000n\000d\000\040\000N\000-\000Q\000u\000a\000d\000s\000\040\000O\000r\000d\000e\000r\000i\000n\000g}{section.6.2}% 53
\BOOKMARK [1][-]{section.6.3}{\376\377\000A\000l\000g\000e\000b\000r\000a\000i\000c\000\040\000I\000n\000d\000e\000p\000e\000n\000d\000e\000n\000c\000e\000\040\000o\000f\000\040\000W\000a\000l\000l\000-\000C\000l\000o\000c\000k\000\040\000T\000i\000m\000e}{chapter.6}% 54
\BOOKMARK [1][-]{section.6.4}{\376\377\000T\000h\000e\000\040\000H\000a\000l\000t\000i\000n\000g\000\040\000P\000r\000o\000b\000l\000e\000m\000\040\000i\000n\000\040\000U\000n\000b\000o\000u\000n\000d\000e\000d\000\040\000S\000u\000b\000a\000g\000e\000n\000t\000\040\000T\000r\000e\000e\000s}{chapter.6}% 55
\BOOKMARK [1][-]{section.6.5}{\376\377\000A\000l\000g\000o\000r\000i\000t\000h\000m\000i\000c\000\040\000S\000u\000r\000p\000r\000i\000s\000e\000s\000\040\000a\000n\000d\000\040\000O\000\050\000n\000\051\000\040\000B\000o\000u\000n\000d\000s}{chapter.6}% 56
\BOOKMARK [1][-]{section.6.6}{\376\377\000C\000l\000o\000s\000e\000d\000\040\000V\000o\000c\000a\000b\000u\000l\000a\000r\000i\000e\000s\000\040\000a\000n\000d\000\040\000t\000h\000e\000\040\000R\000e\000f\000u\000s\000a\000l\000\040\000M\000a\000n\000i\000f\000o\000l\000d}{chapter.6}% 57
\BOOKMARK [1][-]{section.6.7}{\376\377\000S\000p\000a\000c\000e\000\040\000C\000o\000m\000p\000l\000e\000x\000i\000t\000y\000\040\000o\000f\000\040\000E\000r\000r\000o\000r\000\040\000P\000a\000t\000h\000s\000\040\000v\000s\000\040\000H\000a\000p\000p\000y\000\040\000P\000a\000t\000h\000s}{chapter.6}% 58
\BOOKMARK [1][-]{section.6.8}{\376\377\000C\000o\000n\000c\000l\000u\000s\000i\000o\000n\000s\000\040\000o\000n\000\040\000I\000n\000t\000r\000a\000c\000t\000a\000b\000i\000l\000i\000t\000y\000\040\000a\000n\000d\000\040\000V\000e\000r\000i\000f\000i\000a\000b\000i\000l\000i\000t\000y}{chapter.6}% 59
\BOOKMARK [0][-]{chapter.7}{\376\377\000C\000o\000h\000o\000m\000o\000l\000o\000g\000i\000c\000a\000l\000\040\000I\000n\000v\000a\000r\000i\000a\000n\000t\000s\000\040\000o\000f\000\040\000F\000i\000n\000i\000t\000e\000\040\000S\000t\000a\000t\000e\000\040\000M\000a\000c\000h\000i\000n\000e\000s}{}% 60
\BOOKMARK [1][-]{section.7.1}{\376\377\000I\000n\000t\000r\000o\000d\000u\000c\000t\000i\000o\000n\000\040\000t\000o\000\040\000F\000S\000M\000\040\000C\000o\000h\000o\000m\000o\000l\000o\000g\000y}{chapter.7}% 61
\BOOKMARK [1][-]{section.7.2}{\376\377\000T\000h\000e\000\040\000C\000e\000l\000l\000u\000l\000a\000r\000\040\000S\000t\000r\000u\000c\000t\000u\000r\000e\000\040\000o\000f\000\040\000a\000\040\000F\000i\000n\000i\000t\000e\000\040\000S\000t\000a\000t\000e\000\040\000M\000a\000c\000h\000i\000n\000e}{chapter.7}% 62
\BOOKMARK [1][-]{section.7.3}{\376\377\000C\000o\000h\000o\000m\000o\000l\000o\000g\000y\000\040\000G\000r\000o\000u\000p\000s\000\040\000o\000f\000\040\000F\000i\000n\000i\000t\000e\000\040\000S\000t\000a\000t\000e\000\040\000M\000a\000c\000h\000i\000n\000e\000s}{chapter.7}% 63
\BOOKMARK [1][-]{section.7.4}{\376\377\000C\000u\000p\000\040\000P\000r\000o\000d\000u\000c\000t\000s\000\040\000a\000n\000d\000\040\000t\000h\000e\000\040\000C\000o\000h\000o\000m\000o\000l\000o\000g\000y\000\040\000R\000i\000n\000g\000\040\000S\000t\000r\000u\000c\000t\000u\000r\000e}{chapter.7}% 64
\BOOKMARK [1][-]{section.7.5}{\376\377\000O\000b\000s\000t\000r\000u\000c\000t\000i\000o\000n\000\040\000T\000h\000e\000o\000r\000y\000\040\000f\000o\000r\000\040\000A\000u\000t\000o\000m\000a\000t\000o\000n\000\040\000R\000e\000d\000u\000c\000t\000i\000o\000n}{chapter.7}% 65
\BOOKMARK [1][-]{section.7.6}{\376\377\000A\000p\000p\000l\000i\000c\000a\000t\000i\000o\000n\000s\000\040\000t\000o\000\040\000N\000o\000n\000d\000e\000t\000e\000r\000m\000i\000n\000i\000s\000t\000i\000c\000\040\000F\000i\000n\000i\000t\000e\000\040\000A\000u\000t\000o\000m\000a\000t\000a\000\040\000\050\000N\000F\000A\000\051}{chapter.7}% 66
\BOOKMARK [1][-]{section.7.7}{\376\377\000P\000o\000i\000n\000c\000a\000r\000\351\000\040\000D\000u\000a\000l\000i\000t\000y\000\040\000i\000n\000\040\000R\000e\000v\000e\000r\000s\000i\000b\000l\000e\000\040\000A\000u\000t\000o\000m\000a\000t\000a}{chapter.7}% 67
\BOOKMARK [1][-]{section.7.8}{\376\377\000C\000o\000h\000o\000m\000o\000l\000o\000g\000i\000c\000a\000l\000\040\000I\000n\000t\000e\000r\000s\000e\000c\000t\000i\000o\000n\000\040\000T\000h\000e\000o\000r\000y\000\040\000o\000f\000\040\000C\000o\000n\000c\000u\000r\000r\000e\000n\000t\000\040\000A\000u\000t\000o\000m\000a\000t\000a}{chapter.7}% 68
\BOOKMARK [1][-]{section.7.9}{\376\377\000C\000o\000h\000o\000m\000o\000l\000o\000g\000y\000\040\000o\000f\000\040\000t\000h\000e\000\040\000C\000h\000o\000m\000s\000k\000y\000\040\000H\000i\000e\000r\000a\000r\000c\000h\000y}{chapter.7}% 69
\BOOKMARK [1][-]{section.7.10}{\376\377\000C\000o\000n\000c\000l\000u\000s\000i\000o\000n}{chapter.7}% 70
\BOOKMARK [0][-]{chapter.8}{\376\377\000A\000l\000g\000e\000b\000r\000a\000i\000c\000\040\000a\000n\000d\000\040\000G\000r\000a\000p\000h\000-\000B\000a\000s\000e\000d\000\040\000E\000r\000r\000o\000r\000-\000C\000o\000r\000r\000e\000c\000t\000i\000n\000g\000\040\000C\000o\000d\000e\000s}{}% 71
\BOOKMARK [1][-]{section.8.1}{\376\377\000I\000n\000t\000r\000o\000d\000u\000c\000t\000i\000o\000n\000\040\000a\000n\000d\000\040\000A\000b\000s\000t\000r\000a\000c\000t\000\040\000M\000a\000t\000h\000e\000m\000a\000t\000i\000c\000a\000l\000\040\000F\000o\000u\000n\000d\000a\000t\000i\000o\000n\000s}{chapter.8}% 72
\BOOKMARK [1][-]{section.8.2}{\376\377\000G\000e\000n\000e\000r\000a\000l\000i\000z\000e\000d\000\040\000R\000e\000e\000d\000-\000S\000o\000l\000o\000m\000o\000n\000\040\000a\000n\000d\000\040\000A\000l\000g\000e\000b\000r\000a\000i\000c\000\040\000G\000e\000o\000m\000e\000t\000r\000y\000\040\000C\000o\000d\000e\000s}{chapter.8}% 73
\BOOKMARK [1][-]{section.8.3}{\376\377\000L\000o\000w\000-\000D\000e\000n\000s\000i\000t\000y\000\040\000P\000a\000r\000i\000t\000y\000-\000C\000h\000e\000c\000k\000\040\000\050\000L\000D\000P\000C\000\051\000\040\000C\000o\000d\000e\000s\000\040\000a\000n\000d\000\040\000T\000a\000n\000n\000e\000r\000\040\000G\000r\000a\000p\000h\000s}{chapter.8}% 74
\BOOKMARK [1][-]{section.8.4}{\376\377\000D\000e\000n\000s\000i\000t\000y\000\040\000E\000v\000o\000l\000u\000t\000i\000o\000n\000\040\000a\000n\000d\000\040\000P\000r\000o\000b\000a\000b\000i\000l\000i\000s\000t\000i\000c\000\040\000D\000e\000c\000o\000d\000i\000n\000g\000\040\000A\000n\000a\000l\000y\000s\000i\000s}{chapter.8}% 75
\BOOKMARK [1][-]{section.8.5}{\376\377\000E\000x\000p\000a\000n\000d\000e\000r\000\040\000C\000o\000d\000e\000s\000\040\000a\000n\000d\000\040\000L\000i\000n\000e\000a\000r\000-\000T\000i\000m\000e\000\040\000D\000e\000c\000o\000d\000i\000n\000g\000\040\000B\000o\000u\000n\000d\000s}{chapter.8}% 76
\BOOKMARK [1][-]{section.8.6}{\376\377\000A\000s\000y\000m\000p\000t\000o\000t\000i\000c\000\040\000B\000o\000u\000n\000d\000s\000\040\000o\000n\000\040\000A\000r\000b\000i\000t\000r\000a\000r\000y\000\040\000C\000o\000d\000e\000\040\000E\000n\000s\000e\000m\000b\000l\000e\000s}{chapter.8}% 77
\BOOKMARK [1][-]{section.8.7}{\376\377\000Q\000u\000a\000n\000t\000u\000m\000\040\000E\000r\000r\000o\000r\000-\000C\000o\000r\000r\000e\000c\000t\000i\000n\000g\000\040\000G\000r\000a\000p\000h\000\040\000C\000o\000d\000e\000s\000\040\000\050\000Q\000-\000L\000D\000P\000C\000\051}{chapter.8}% 78
\BOOKMARK [1][-]{section.8.8}{\376\377\000C\000o\000n\000c\000l\000u\000s\000i\000o\000n\000\040\000a\000n\000d\000\040\000F\000u\000r\000t\000h\000e\000r\000\040\000A\000p\000p\000l\000i\000c\000a\000t\000i\000o\000n\000s}{chapter.8}% 79
\BOOKMARK [0][-]{chapter.9}{\376\377\000T\000w\000o\000-\000T\000y\000p\000e\000\040\000L\000o\000g\000i\000c\000\040\000a\000n\000d\000\040\000D\000e\000p\000e\000n\000d\000e\000n\000t\000\040\000T\000y\000p\000e\000\040\000T\000h\000e\000o\000r\000y}{}% 80
\BOOKMARK [1][-]{section.9.1}{\376\377\000I\000n\000t\000r\000o\000d\000u\000c\000t\000i\000o\000n}{chapter.9}% 81
\BOOKMARK [1][-]{section.9.2}{\376\377\000S\000y\000n\000t\000a\000x\000\040\000a\000n\000d\000\040\000J\000u\000d\000g\000m\000e\000n\000t\000s\000\040\000o\000f\000\040\000t\000h\000e\000\040\000C\000o\000r\000e\000\040\000T\000h\000e\000o\000r\000y}{chapter.9}% 82
\BOOKMARK [1][-]{section.9.3}{\376\377\000D\000e\000p\000e\000n\000d\000e\000n\000t\000\040\000F\000u\000n\000c\000t\000i\000o\000n\000\040\000T\000y\000p\000e\000s\000\040\000\050\000-\000t\000y\000p\000e\000s\000\051}{chapter.9}% 83
\BOOKMARK [1][-]{section.9.4}{\376\377\000D\000e\000p\000e\000n\000d\000e\000n\000t\000\040\000P\000a\000i\000r\000\040\000T\000y\000p\000e\000s\000\040\000\050\000-\000t\000y\000p\000e\000s\000\051}{chapter.9}% 84
\BOOKMARK [1][-]{section.9.5}{\376\377\000I\000d\000e\000n\000t\000i\000t\000y\000\040\000T\000y\000p\000e\000s\000\040\000a\000n\000d\000\040\000P\000a\000t\000h\000\040\000I\000n\000d\000u\000c\000t\000i\000o\000n}{chapter.9}% 85
\BOOKMARK [1][-]{section.9.6}{\376\377\000W\000e\000l\000l\000-\000F\000o\000u\000n\000d\000e\000d\000\040\000T\000r\000e\000e\000s\000\040\000\050\000W\000-\000t\000y\000p\000e\000s\000\051}{chapter.9}% 86
\BOOKMARK [1][-]{section.9.7}{\376\377\000T\000w\000o\000-\000T\000y\000p\000e\000\040\000L\000o\000g\000i\000c\000\040\000I\000s\000o\000m\000o\000r\000p\000h\000i\000s\000m\000\040\000a\000n\000d\000\040\000M\000o\000d\000a\000l\000i\000t\000i\000e\000s}{chapter.9}% 87
\BOOKMARK [1][-]{section.9.8}{\376\377\000A\000d\000v\000a\000n\000c\000e\000d\000\040\000T\000y\000p\000i\000n\000g\000\040\000D\000e\000r\000i\000v\000a\000t\000i\000o\000n\000s\000\040\000i\000n\000\040\000T\000w\000o\000-\000T\000y\000p\000e\000\040\000L\000o\000g\000i\000c}{chapter.9}% 88
\BOOKMARK [1][-]{section.9.9}{\376\377\000C\000o\000n\000c\000l\000u\000s\000i\000o\000n}{chapter.9}% 89
\BOOKMARK [0][-]{chapter.10}{\376\377\000C\000o\000n\000c\000l\000u\000s\000i\000o\000n\000:\000\040\000A\000\040\000G\000r\000a\000n\000d\000\040\000U\000n\000i\000f\000i\000e\000d\000\040\000T\000h\000e\000o\000r\000e\000m\000\040\000o\000f\000\040\000C\000a\000t\000e\000g\000o\000r\000i\000c\000a\000l\000\040\000D\000y\000n\000a\000m\000i\000c\000s\000\040\000a\000n\000d\000\040\000T\000o\000p\000o\000l\000o\000g\000i\000c\000a\000l\000\040\000M\000a\000n\000i\000f\000o\000l\000d\000s}{}% 90
\BOOKMARK [1][-]{section.10.1}{\376\377\000I\000n\000t\000r\000o\000d\000u\000c\000t\000i\000o\000n\000\040\000a\000n\000d\000\040\000R\000e\000t\000r\000o\000s\000p\000e\000c\000t\000i\000v\000e\000\040\000S\000y\000n\000t\000h\000e\000s\000i\000s}{chapter.10}% 91
\BOOKMARK [1][-]{section.10.2}{\376\377\000C\000a\000t\000e\000g\000o\000r\000i\000c\000a\000l\000\040\000F\000o\000u\000n\000d\000a\000t\000i\000o\000n\000s\000\040\000a\000n\000d\000\040\000P\000r\000e\000l\000i\000m\000i\000n\000a\000r\000y\000\040\000D\000e\000f\000i\000n\000i\000t\000i\000o\000n\000s}{chapter.10}% 92
\BOOKMARK [1][-]{section.10.3}{\376\377\000D\000i\000f\000f\000e\000r\000e\000n\000t\000i\000a\000l\000\040\000G\000e\000o\000m\000e\000t\000r\000i\000c\000\040\000C\000o\000n\000s\000i\000d\000e\000r\000a\000t\000i\000o\000n\000s}{chapter.10}% 93
\BOOKMARK [1][-]{section.10.4}{\376\377\000C\000a\000l\000c\000u\000l\000u\000s\000\040\000o\000f\000\040\000V\000a\000r\000i\000a\000t\000i\000o\000n\000s\000\040\000a\000n\000d\000\040\000S\000y\000m\000p\000l\000e\000c\000t\000i\000c\000\040\000S\000t\000r\000u\000c\000t\000u\000r\000e\000s}{chapter.10}% 94
\BOOKMARK [1][-]{section.10.5}{\376\377\000T\000h\000e\000\040\000G\000r\000a\000n\000d\000\040\000U\000n\000i\000f\000i\000e\000d\000\040\000T\000h\000e\000o\000r\000e\000m}{chapter.10}% 95
\BOOKMARK [1][-]{section.10.6}{\376\377\000C\000o\000h\000o\000m\000o\000l\000o\000g\000i\000c\000a\000l\000\040\000R\000a\000m\000i\000f\000i\000c\000a\000t\000i\000o\000n\000s}{chapter.10}% 96
\BOOKMARK [1][-]{section.10.7}{\376\377\000C\000o\000n\000c\000l\000u\000d\000i\000n\000g\000\040\000R\000e\000m\000a\000r\000k\000s\000\040\000a\000n\000d\000\040\000F\000u\000t\000u\000r\000e\000\040\000D\000i\000r\000e\000c\000t\000i\000o\000n\000s}{chapter.10}% 97
