\BOOKMARK [0][-]{chapter.1}{\376\377\000I\000n\000t\000r\000o\000d\000u\000c\000t\000i\000o\000n}{}% 1
\BOOKMARK [1][-]{section.1.1}{\376\377\000R\000e\000a\000d\000i\000n\000g\000\040\000o\000r\000d\000e\000r}{chapter.1}% 2
\BOOKMARK [0][-]{chapter.2}{\376\377\000T\000h\000e\000\040\000C\000h\000a\000t\000m\000a\000n\000\040\000E\000q\000u\000a\000t\000i\000o\000n\000\040\000a\000n\000d\000\040\000t\000h\000e\000\040\000R\000i\000c\000e\000\040\000Q\000u\000a\000r\000a\000n\000t\000i\000n\000e}{}% 3
\BOOKMARK [1][-]{section.2.1}{\376\377\000F\000i\000v\000e\000\040\000o\000b\000j\000e\000c\000t\000s}{chapter.2}% 4
\BOOKMARK [1][-]{section.2.2}{\376\377\000T\000h\000e\000\040\000R\000i\000c\000e\000\040\000q\000u\000a\000r\000a\000n\000t\000i\000n\000e}{chapter.2}% 5
\BOOKMARK [0][-]{chapter.3}{\376\377\000A\000d\000m\000i\000s\000s\000i\000o\000n\000\040\000A\000l\000g\000e\000b\000r\000a\000:\000\040\000O\000b\000l\000i\000g\000a\000t\000i\000o\000n\000s\000,\000\040\000D\000e\000n\000i\000a\000l\000,\000\040\000a\000n\000d\000\040\000T\000a\000x\000o\000n\000o\000m\000y}{}% 6
\BOOKMARK [1][-]{section.3.1}{\376\377\000R\000e\000f\000u\000s\000a\000l\000\040\000a\000s\000\040\000d\000a\000t\000a\000\040\000a\000n\000d\000\040\000t\000h\000e\000\040\000a\000d\000m\000i\000s\000s\000i\000o\000n\000\040\000r\000e\000t\000r\000a\000c\000t\000i\000o\000n}{chapter.3}% 7
\BOOKMARK [1][-]{section.3.2}{\376\377\000T\000h\000e\000\040\000d\000e\000n\000i\000a\000l\000\040\000w\000o\000r\000d\000\040\000a\000l\000g\000e\000b\000r\000a}{chapter.3}% 8
\BOOKMARK [1][-]{section.3.3}{\376\377\000T\000h\000e\000\040\000f\000i\000r\000e\000d\000-\000m\000a\000s\000k\000\040\000p\000r\000o\000j\000e\000c\000t\000i\000o\000n}{chapter.3}% 9
\BOOKMARK [1][-]{section.3.4}{\376\377\000O\000b\000l\000i\000g\000a\000t\000i\000o\000n\000s\000\040\000a\000n\000d\000\040\000m\000o\000n\000o\000t\000o\000n\000i\000c\000i\000t\000y}{chapter.3}% 10
\BOOKMARK [1][-]{section.3.5}{\376\377\000T\000h\000e\000\040\000r\000e\000f\000u\000s\000a\000l\000\040\000t\000a\000x\000o\000n\000o\000m\000y}{chapter.3}% 11
\BOOKMARK [1][-]{section.3.6}{\376\377\000T\000a\000x\000o\000n\000o\000m\000y\000\040\000t\000o\000t\000a\000l\000i\000t\000y\000:\000\040\000a\000\040\000d\000i\000s\000p\000u\000t\000e\000d\000\040\000c\000l\000a\000i\000m\000\040\000\050\000s\000p\000e\000c\000u\000l\000a\000t\000i\000v\000e\000\051}{chapter.3}% 12
\BOOKMARK [1][-]{section.3.7}{\376\377\000P\000a\000r\000t\000i\000a\000l\000i\000t\000y\000\040\000a\000t\000\040\000t\000h\000e\000\040\000l\000a\000n\000e\000-\000d\000e\000c\000o\000d\000e\000r\000\040\000b\000o\000u\000n\000d\000a\000r\000y}{chapter.3}% 13
\BOOKMARK [1][-]{section.3.8}{\376\377\000A\000s\000s\000e\000m\000b\000l\000e\000d\000\040\000t\000o\000t\000a\000l\000i\000t\000y\000:\000\040\000a\000\040\000d\000i\000s\000p\000u\000t\000e\000d\000\040\000c\000o\000r\000o\000l\000l\000a\000r\000y\000\040\000\050\000s\000p\000e\000c\000u\000l\000a\000t\000i\000v\000e\000\051}{chapter.3}% 14
\BOOKMARK [1][-]{section.3.9}{\376\377\000P\000i\000p\000e\000l\000i\000n\000e\000s\000\040\000a\000n\000d\000\040\000f\000l\000e\000e\000t\000-\000w\000i\000d\000e\000\040\000d\000e\000n\000i\000a\000l}{chapter.3}% 15
\BOOKMARK [1][-]{section.3.10}{\376\377\000L\000o\000g\000i\000c\000a\000l\000\040\000q\000u\000a\000r\000a\000n\000t\000i\000n\000e\000\040\000a\000n\000d\000\040\000p\000r\000o\000o\000f\000-\000c\000a\000r\000r\000y\000i\000n\000g\000\040\000a\000d\000m\000i\000s\000s\000i\000o\000n}{chapter.3}% 16
\BOOKMARK [1][-]{section.3.11}{\376\377\000T\000h\000e\000\040\000u\000n\000t\000r\000u\000s\000t\000e\000d\000-\000o\000b\000s\000e\000r\000v\000a\000t\000i\000o\000n\000\040\000b\000o\000u\000n\000d\000a\000r\000y}{chapter.3}% 17
\BOOKMARK [0][-]{chapter.4}{\376\377\000L\000i\000f\000e\000c\000y\000c\000l\000e\000\040\000a\000s\000\040\000a\000\040\000T\000y\000p\000e\000s\000t\000a\000t\000e\000\040\000C\000a\000t\000e\000g\000o\000r\000y}{}% 18
\BOOKMARK [0][-]{chapter.5}{\376\377\000M\000a\000n\000u\000f\000a\000c\000t\000u\000r\000e\000\040\000a\000n\000d\000\040\000t\000h\000e\000\040\000B\000o\000u\000n\000d\000e\000d\000\040\000R\000e\000c\000e\000i\000p\000t\000e\000d\000\040\000C\000h\000a\000t\000m\000a\000n\000\040\000E\000q\000u\000a\000t\000i\000o\000n}{}% 19
\BOOKMARK [0][-]{chapter.6}{\376\377\000R\000e\000c\000e\000i\000p\000t\000\040\000C\000r\000y\000p\000t\000o\000g\000r\000a\000p\000h\000y\000:\000\040\000F\000r\000a\000m\000e\000s\000,\000\040\000C\000h\000a\000i\000n\000s\000,\000\040\000a\000n\000d\000\040\000t\000h\000e\000\040\000F\000a\000i\000t\000h\000f\000u\000l\000\040\000C\000h\000a\000i\000n\000\040\000T\000h\000e\000o\000r\000e\000m}{}% 20
\BOOKMARK [1][-]{section.6.1}{\376\377\000F\000r\000a\000m\000e\000\040\000l\000a\000y\000o\000u\000t\000\040\000a\000n\000d\000\040\000c\000o\000n\000t\000e\000n\000t\000\040\000c\000o\000m\000m\000i\000t\000m\000e\000n\000t}{chapter.6}% 21
\BOOKMARK [1][-]{section.6.2}{\376\377\000H\000a\000s\000h\000\040\000c\000h\000a\000i\000n\000\040\000c\000o\000n\000s\000t\000r\000u\000c\000t\000i\000o\000n\000\040\000a\000n\000d\000\040\000d\000e\000t\000e\000r\000m\000i\000n\000i\000s\000m}{chapter.6}% 22
\BOOKMARK [1][-]{section.6.3}{\376\377\000T\000h\000e\000\040\000F\000a\000i\000t\000h\000f\000u\000l\000\040\000C\000h\000a\000i\000n\000\040\000T\000h\000e\000o\000r\000e\000m}{chapter.6}% 23
\BOOKMARK [0][-]{chapter.7}{\376\377\000C\000o\000n\000s\000e\000r\000v\000a\000t\000i\000o\000n\000\040\000o\000f\000\040\000C\000o\000n\000s\000e\000q\000u\000e\000n\000c\000e\000\040\000a\000n\000d\000\040\000t\000h\000e\000\040\000V\000a\000l\000i\000d\000a\000t\000o\000r\000\040\000P\000i\000p\000e\000l\000i\000n\000e}{}% 24
\BOOKMARK [1][-]{section.7.1}{\376\377\000C\000o\000n\000s\000e\000r\000v\000a\000t\000i\000o\000n\000\040\000o\000f\000\040\000C\000o\000n\000s\000e\000q\000u\000e\000n\000c\000e}{chapter.7}% 25
\BOOKMARK [1][-]{section.7.2}{\376\377\000T\000h\000e\000\040\000v\000a\000l\000i\000d\000a\000t\000o\000r\000\040\000p\000i\000p\000e\000l\000i\000n\000e}{chapter.7}% 26
\BOOKMARK [0][-]{chapter.8}{\376\377\000S\000i\000g\000n\000e\000d\000\040\000R\000e\000c\000e\000i\000p\000t\000s\000,\000\040\000C\000o\000n\000t\000e\000n\000t\000\040\000A\000d\000d\000r\000e\000s\000s\000i\000n\000g\000,\000\040\000a\000n\000d\000\040\000I\000n\000t\000e\000r\000o\000p\000e\000r\000a\000b\000i\000l\000i\000t\000y}{}% 27
\BOOKMARK [1][-]{section.8.1}{\376\377\000I\000n\000t\000e\000g\000r\000i\000t\000y\000\040\000v\000e\000r\000s\000u\000s\000\040\000a\000u\000t\000h\000e\000n\000t\000i\000c\000i\000t\000y}{chapter.8}% 28
\BOOKMARK [1][-]{section.8.2}{\376\377\000C\000o\000n\000t\000e\000n\000t\000-\000a\000d\000d\000r\000e\000s\000s\000e\000d\000\040\000s\000t\000o\000r\000a\000g\000e\000\040\000a\000n\000d\000\040\000i\000n\000t\000e\000r\000o\000p\000e\000r\000a\000b\000i\000l\000i\000t\000y\000\040\000e\000x\000p\000o\000r\000t\000s}{chapter.8}% 29
\BOOKMARK [0][-]{chapter.9}{\376\377\000T\000h\000e\000\040\000G\000i\000t\000-\000B\000a\000c\000k\000e\000d\000\040\000A\000u\000d\000i\000t\000\040\000L\000e\000d\000g\000e\000r}{}% 30
\BOOKMARK [0][-]{chapter.10}{\376\377\000S\000c\000o\000p\000e\000\040\000T\000h\000e\000o\000r\000e\000m\000:\000\040\000W\000h\000a\000t\000\040\000a\000\040\000R\000e\000c\000e\000i\000p\000t\000\040\000C\000h\000a\000i\000n\000\040\000D\000o\000e\000s\000\040\000N\000o\000t\000\040\000E\000s\000t\000a\000b\000l\000i\000s\000h}{}% 31
\BOOKMARK [0][-]{chapter.11}{\376\377\000W\000o\000r\000k\000e\000d\000\040\000E\000x\000a\000m\000p\000l\000e\000:\000\040\000A\000\040\000C\000o\000n\000t\000r\000a\000c\000t\000-\000C\000l\000a\000i\000m\000\040\000L\000a\000w\000\040\000O\000b\000j\000e\000c\000t}{}% 32
\BOOKMARK [0][-]{chapter.12}{\376\377\000S\000p\000e\000c\000u\000l\000a\000t\000i\000v\000e\000\040\000R\000e\000g\000i\000s\000t\000e\000r}{}% 33
\BOOKMARK [1][-]{section.12.1}{\376\377\000C\000o\000g\000n\000i\000t\000i\000v\000e\000-\000l\000o\000a\000d\000\040\000c\000a\000p\000a\000c\000i\000t\000y\000\040\000a\000s\000\040\000a\000\040\000m\000o\000t\000i\000v\000a\000t\000i\000o\000n\000\040\000f\000o\000r\000\040\000b\000o\000u\000n\000d\000e\000d\000\040\000r\000e\000c\000e\000i\000p\000t\000s}{chapter.12}% 34
\BOOKMARK [1][-]{section.12.2}{\376\377\000T\000h\000e\000\040\000B\000R\000C\000E\000\040\000b\000y\000t\000e\000:\000\040\000a\000\040\000p\000e\000r\000f\000o\000r\000m\000a\000n\000c\000e\000\040\000n\000a\000r\000r\000a\000t\000i\000v\000e}{chapter.12}% 35
\BOOKMARK [1][-]{section.12.3}{\376\377\000T\000h\000e\000\040\000a\000g\000e\000n\000t\0008\000\040\000b\000y\000t\000e\000\040\000a\000n\000d\000\040\000m\000e\000m\000b\000r\000a\000n\000e\000\040\000f\000l\000e\000e\000t\000s}{chapter.12}% 36
\BOOKMARK [1][-]{section.12.4}{\376\377\000P\000r\000i\000o\000r\000\040\000e\000n\000t\000e\000r\000p\000r\000i\000s\000e\000-\000s\000c\000a\000l\000e\000\040\000c\000l\000a\000i\000m\000s}{chapter.12}% 37
\BOOKMARK [1][-]{section.12.5}{\376\377\000M\000a\000x\000i\000m\000u\000m\000\040\000R\000e\000a\000c\000h\000a\000b\000l\000e\000\040\000R\000e\000v\000e\000n\000u\000e\000:\000\040\000a\000n\000\040\000a\000p\000p\000l\000i\000e\000d\000\040\000a\000s\000i\000d\000e}{chapter.12}% 38
\BOOKMARK [0][-]{chapter.13}{\376\377\000N\000o\000t\000a\000t\000i\000o\000n\000\040\000a\000n\000d\000\040\000C\000o\000d\000e\000\040\000C\000o\000r\000r\000e\000s\000p\000o\000n\000d\000e\000n\000c\000e}{}% 39
\BOOKMARK [0][-]{chapter.14}{\376\377\000C\000o\000n\000c\000l\000u\000s\000i\000o\000n}{}% 40
\BOOKMARK [1][-]{section.14.1}{\376\377\000W\000h\000a\000t\000\040\000w\000o\000u\000l\000d\000\040\000c\000h\000a\000n\000g\000e\000\040\000t\000h\000e\000\040\000b\000a\000l\000a\000n\000c\000e\000\040\000\050\000s\000p\000e\000c\000u\000l\000a\000t\000i\000v\000e\000\051}{chapter.14}% 41
