This is pdfTeX, Version 3.141592653-2.6-1.40.26 (TeX Live 2024) (preloaded format=pdflatex 2024.10.26)  5 JUL 2026 22:51
entering extended mode
 restricted \write18 enabled.
 %&-line parsing enabled.
**thesis.tex
(./thesis.tex
LaTeX2e <2023-11-01> patch level 1
L3 programming layer <2024-02-20>
(/usr/local/texlive/2024/texmf-dist/tex/latex/base/report.cls
Document Class: report 2023/05/17 v1.4n Standard LaTeX document class
(/usr/local/texlive/2024/texmf-dist/tex/latex/base/size11.clo
File: size11.clo 2023/05/17 v1.4n Standard LaTeX file (size option)
)
\c@part=\count188
\c@chapter=\count189
\c@section=\count190
\c@subsection=\count191
\c@subsubsection=\count192
\c@paragraph=\count193
\c@subparagraph=\count194
\c@figure=\count195
\c@table=\count196
\abovecaptionskip=\skip48
\belowcaptionskip=\skip49
\bibindent=\dimen140
)
(/usr/local/texlive/2024/texmf-dist/tex/latex/geometry/geometry.sty
Package: geometry 2020/01/02 v5.9 Page Geometry

(/usr/local/texlive/2024/texmf-dist/tex/latex/graphics/keyval.sty
Package: keyval 2022/05/29 v1.15 key=value parser (DPC)
\KV@toks@=\toks17
)
(/usr/local/texlive/2024/texmf-dist/tex/generic/iftex/ifvtex.sty
Package: ifvtex 2019/10/25 v1.7 ifvtex legacy package. Use iftex instead.

(/usr/local/texlive/2024/texmf-dist/tex/generic/iftex/iftex.sty
Package: iftex 2022/02/03 v1.0f TeX engine tests
))
\Gm@cnth=\count197
\Gm@cntv=\count198
\c@Gm@tempcnt=\count199
\Gm@bindingoffset=\dimen141
\Gm@wd@mp=\dimen142
\Gm@odd@mp=\dimen143
\Gm@even@mp=\dimen144
\Gm@layoutwidth=\dimen145
\Gm@layoutheight=\dimen146
\Gm@layouthoffset=\dimen147
\Gm@layoutvoffset=\dimen148
\Gm@dimlist=\toks18
)
(/usr/local/texlive/2024/texmf-dist/tex/latex/amsmath/amsmath.sty
Package: amsmath 2023/05/13 v2.17o AMS math features
\@mathmargin=\skip50

For additional information on amsmath, use the `?' option.
(/usr/local/texlive/2024/texmf-dist/tex/latex/amsmath/amstext.sty
Package: amstext 2021/08/26 v2.01 AMS text

(/usr/local/texlive/2024/texmf-dist/tex/latex/amsmath/amsgen.sty
File: amsgen.sty 1999/11/30 v2.0 generic functions
\@emptytoks=\toks19
\ex@=\dimen149
))
(/usr/local/texlive/2024/texmf-dist/tex/latex/amsmath/amsbsy.sty
Package: amsbsy 1999/11/29 v1.2d Bold Symbols
\pmbraise@=\dimen150
)
(/usr/local/texlive/2024/texmf-dist/tex/latex/amsmath/amsopn.sty
Package: amsopn 2022/04/08 v2.04 operator names
)
\inf@bad=\count266
LaTeX Info: Redefining \frac on input line 234.
\uproot@=\count267
\leftroot@=\count268
LaTeX Info: Redefining \overline on input line 399.
LaTeX Info: Redefining \colon on input line 410.
\classnum@=\count269
\DOTSCASE@=\count270
LaTeX Info: Redefining \ldots on input line 496.
LaTeX Info: Redefining \dots on input line 499.
LaTeX Info: Redefining \cdots on input line 620.
\Mathstrutbox@=\box51
\strutbox@=\box52
LaTeX Info: Redefining \big on input line 722.
LaTeX Info: Redefining \Big on input line 723.
LaTeX Info: Redefining \bigg on input line 724.
LaTeX Info: Redefining \Bigg on input line 725.
\big@size=\dimen151
LaTeX Font Info:    Redeclaring font encoding OML on input line 743.
LaTeX Font Info:    Redeclaring font encoding OMS on input line 744.
\macc@depth=\count271
LaTeX Info: Redefining \bmod on input line 905.
LaTeX Info: Redefining \pmod on input line 910.
LaTeX Info: Redefining \smash on input line 940.
LaTeX Info: Redefining \relbar on input line 970.
LaTeX Info: Redefining \Relbar on input line 971.
\c@MaxMatrixCols=\count272
\dotsspace@=\muskip16
\c@parentequation=\count273
\dspbrk@lvl=\count274
\tag@help=\toks20
\row@=\count275
\column@=\count276
\maxfields@=\count277
\andhelp@=\toks21
\eqnshift@=\dimen152
\alignsep@=\dimen153
\tagshift@=\dimen154
\tagwidth@=\dimen155
\totwidth@=\dimen156
\lineht@=\dimen157
\@envbody=\toks22
\multlinegap=\skip51
\multlinetaggap=\skip52
\mathdisplay@stack=\toks23
LaTeX Info: Redefining \[ on input line 2953.
LaTeX Info: Redefining \] on input line 2954.
)
(/usr/local/texlive/2024/texmf-dist/tex/latex/amsfonts/amssymb.sty
Package: amssymb 2013/01/14 v3.01 AMS font symbols

(/usr/local/texlive/2024/texmf-dist/tex/latex/amsfonts/amsfonts.sty
Package: amsfonts 2013/01/14 v3.01 Basic AMSFonts support
\symAMSa=\mathgroup4
\symAMSb=\mathgroup5
LaTeX Font Info:    Redeclaring math symbol \hbar on input line 98.
LaTeX Font Info:    Overwriting math alphabet `\mathfrak' in version `bold'
(Font)                  U/euf/m/n --> U/euf/b/n on input line 106.
))
(/usr/local/texlive/2024/texmf-dist/tex/latex/amscls/amsthm.sty
Package: amsthm 2020/05/29 v2.20.6
\thm@style=\toks24
\thm@bodyfont=\toks25
\thm@headfont=\toks26
\thm@notefont=\toks27
\thm@headpunct=\toks28
\thm@preskip=\skip53
\thm@postskip=\skip54
\thm@headsep=\skip55
\dth@everypar=\toks29
)
(/usr/local/texlive/2024/texmf-dist/tex/latex/mathtools/mathtools.sty
Package: mathtools 2024/03/11 v1.30 mathematical typesetting tools

(/usr/local/texlive/2024/texmf-dist/tex/latex/tools/calc.sty
Package: calc 2023/07/08 v4.3 Infix arithmetic (KKT,FJ)
\calc@Acount=\count278
\calc@Bcount=\count279
\calc@Adimen=\dimen158
\calc@Bdimen=\dimen159
\calc@Askip=\skip56
\calc@Bskip=\skip57
LaTeX Info: Redefining \setlength on input line 80.
LaTeX Info: Redefining \addtolength on input line 81.
\calc@Ccount=\count280
\calc@Cskip=\skip58
)
(/usr/local/texlive/2024/texmf-dist/tex/latex/mathtools/mhsetup.sty
Package: mhsetup 2021/03/18 v1.4 programming setup (MH)
)
\g_MT_multlinerow_int=\count281
\l_MT_multwidth_dim=\dimen160
\origjot=\skip59
\l_MT_shortvdotswithinadjustabove_dim=\dimen161
\l_MT_shortvdotswithinadjustbelow_dim=\dimen162
\l_MT_above_intertext_sep=\dimen163
\l_MT_below_intertext_sep=\dimen164
\l_MT_above_shortintertext_sep=\dimen165
\l_MT_below_shortintertext_sep=\dimen166
\xmathstrut@box=\box53
\xmathstrut@dim=\dimen167
)
(/usr/local/texlive/2024/texmf-dist/tex/latex/tools/bm.sty
Package: bm 2023/07/08 v1.2f Bold Symbol Support (DPC/FMi)
\symboldoperators=\mathgroup6
\symboldletters=\mathgroup7
\symboldsymbols=\mathgroup8
Package bm Info: No bold for \OMX/cmex/m/n, using \pmb.
Package bm Info: No bold for \U/msa/m/n, using \pmb.
Package bm Info: No bold for \U/msb/m/n, using \pmb.
LaTeX Font Info:    Redeclaring math alphabet \mathbf on input line 149.
)
(/usr/local/texlive/2024/texmf-dist/tex/latex/enumitem/enumitem.sty
Package: enumitem 2019/06/20 v3.9 Customized lists
\labelindent=\skip60
\enit@outerparindent=\dimen168
\enit@toks=\toks30
\enit@inbox=\box54
\enit@count@id=\count282
\enitdp@description=\count283
)
(/usr/local/texlive/2024/texmf-dist/tex/latex/microtype/microtype.sty
Package: microtype 2023/03/13 v3.1a Micro-typographical refinements (RS)

(/usr/local/texlive/2024/texmf-dist/tex/latex/etoolbox/etoolbox.sty
Package: etoolbox 2020/10/05 v2.5k e-TeX tools for LaTeX (JAW)
\etb@tempcnta=\count284
)
\MT@toks=\toks31
\MT@tempbox=\box55
\MT@count=\count285
LaTeX Info: Redefining \noprotrusionifhmode on input line 1059.
LaTeX Info: Redefining \leftprotrusion on input line 1060.
\MT@prot@toks=\toks32
LaTeX Info: Redefining \rightprotrusion on input line 1078.
LaTeX Info: Redefining \textls on input line 1368.
\MT@outer@kern=\dimen169
LaTeX Info: Redefining \textmicrotypecontext on input line 1988.
\MT@listname@count=\count286

(/usr/local/texlive/2024/texmf-dist/tex/latex/microtype/microtype-pdftex.def
File: microtype-pdftex.def 2023/03/13 v3.1a Definitions specific to pdftex (RS)

LaTeX Info: Redefining \lsstyle on input line 902.
LaTeX Info: Redefining \lslig on input line 902.
\MT@outer@space=\skip61
)
Package microtype Info: Loading configuration file microtype.cfg.

(/usr/local/texlive/2024/texmf-dist/tex/latex/microtype/microtype.cfg
File: microtype.cfg 2023/03/13 v3.1a microtype main configuration file (RS)
))
(/usr/local/texlive/2024/texmf-dist/tex/latex/booktabs/booktabs.sty
Package: booktabs 2020/01/12 v1.61803398 Publication quality tables
\heavyrulewidth=\dimen170
\lightrulewidth=\dimen171
\cmidrulewidth=\dimen172
\belowrulesep=\dimen173
\belowbottomsep=\dimen174
\aboverulesep=\dimen175
\abovetopsep=\dimen176
\cmidrulesep=\dimen177
\cmidrulekern=\dimen178
\defaultaddspace=\dimen179
\@cmidla=\count287
\@cmidlb=\count288
\@aboverulesep=\dimen180
\@belowrulesep=\dimen181
\@thisruleclass=\count289
\@lastruleclass=\count290
\@thisrulewidth=\dimen182
)
(/usr/local/texlive/2024/texmf-dist/tex/latex/hyperref/hyperref.sty
Package: hyperref 2024-01-20 v7.01h Hypertext links for LaTeX

(/usr/local/texlive/2024/texmf-dist/tex/latex/kvsetkeys/kvsetkeys.sty
Package: kvsetkeys 2022-10-05 v1.19 Key value parser (HO)
)
(/usr/local/texlive/2024/texmf-dist/tex/generic/kvdefinekeys/kvdefinekeys.sty
Package: kvdefinekeys 2019-12-19 v1.6 Define keys (HO)
)
(/usr/local/texlive/2024/texmf-dist/tex/generic/pdfescape/pdfescape.sty
Package: pdfescape 2019/12/09 v1.15 Implements pdfTeX's escape features (HO)

(/usr/local/texlive/2024/texmf-dist/tex/generic/ltxcmds/ltxcmds.sty
Package: ltxcmds 2023-12-04 v1.26 LaTeX kernel commands for general use (HO)
)
(/usr/local/texlive/2024/texmf-dist/tex/generic/pdftexcmds/pdftexcmds.sty
Package: pdftexcmds 2020-06-27 v0.33 Utility functions of pdfTeX for LuaTeX (HO
)

(/usr/local/texlive/2024/texmf-dist/tex/generic/infwarerr/infwarerr.sty
Package: infwarerr 2019/12/03 v1.5 Providing info/warning/error messages (HO)
)
Package pdftexcmds Info: \pdf@primitive is available.
Package pdftexcmds Info: \pdf@ifprimitive is available.
Package pdftexcmds Info: \pdfdraftmode found.
))
(/usr/local/texlive/2024/texmf-dist/tex/latex/hycolor/hycolor.sty
Package: hycolor 2020-01-27 v1.10 Color options for hyperref/bookmark (HO)
)
(/usr/local/texlive/2024/texmf-dist/tex/latex/auxhook/auxhook.sty
Package: auxhook 2019-12-17 v1.6 Hooks for auxiliary files (HO)
)
(/usr/local/texlive/2024/texmf-dist/tex/latex/hyperref/nameref.sty
Package: nameref 2023-11-26 v2.56 Cross-referencing by name of section

(/usr/local/texlive/2024/texmf-dist/tex/latex/refcount/refcount.sty
Package: refcount 2019/12/15 v3.6 Data extraction from label references (HO)
)
(/usr/local/texlive/2024/texmf-dist/tex/generic/gettitlestring/gettitlestring.s
ty
Package: gettitlestring 2019/12/15 v1.6 Cleanup title references (HO)
 (/usr/local/texlive/2024/texmf-dist/tex/latex/kvoptions/kvoptions.sty
Package: kvoptions 2022-06-15 v3.15 Key value format for package options (HO)
))
\c@section@level=\count291
)
\@linkdim=\dimen183
\Hy@linkcounter=\count292
\Hy@pagecounter=\count293

(/usr/local/texlive/2024/texmf-dist/tex/latex/hyperref/pd1enc.def
File: pd1enc.def 2024-01-20 v7.01h Hyperref: PDFDocEncoding definition (HO)
Now handling font encoding PD1 ...
... no UTF-8 mapping file for font encoding PD1
)
(/usr/local/texlive/2024/texmf-dist/tex/generic/intcalc/intcalc.sty
Package: intcalc 2019/12/15 v1.3 Expandable calculations with integers (HO)
)
\Hy@SavedSpaceFactor=\count294

(/usr/local/texlive/2024/texmf-dist/tex/latex/hyperref/puenc.def
File: puenc.def 2024-01-20 v7.01h Hyperref: PDF Unicode definition (HO)
Now handling font encoding PU ...
... no UTF-8 mapping file for font encoding PU
)
Package hyperref Info: Hyper figures OFF on input line 4179.
Package hyperref Info: Link nesting OFF on input line 4184.
Package hyperref Info: Hyper index ON on input line 4187.
Package hyperref Info: Plain pages OFF on input line 4194.
Package hyperref Info: Backreferencing OFF on input line 4199.
Package hyperref Info: Implicit mode ON; LaTeX internals redefined.
Package hyperref Info: Bookmarks ON on input line 4446.
\c@Hy@tempcnt=\count295

(/usr/local/texlive/2024/texmf-dist/tex/latex/url/url.sty
\Urlmuskip=\muskip17
Package: url 2013/09/16  ver 3.4  Verb mode for urls, etc.
)
LaTeX Info: Redefining \url on input line 4784.
\XeTeXLinkMargin=\dimen184

(/usr/local/texlive/2024/texmf-dist/tex/generic/bitset/bitset.sty
Package: bitset 2019/12/09 v1.3 Handle bit-vector datatype (HO)

(/usr/local/texlive/2024/texmf-dist/tex/generic/bigintcalc/bigintcalc.sty
Package: bigintcalc 2019/12/15 v1.5 Expandable calculations on big integers (HO
)
))
\Fld@menulength=\count296
\Field@Width=\dimen185
\Fld@charsize=\dimen186
Package hyperref Info: Hyper figures OFF on input line 6063.
Package hyperref Info: Link nesting OFF on input line 6068.
Package hyperref Info: Hyper index ON on input line 6071.
Package hyperref Info: backreferencing OFF on input line 6078.
Package hyperref Info: Link coloring OFF on input line 6083.
Package hyperref Info: Link coloring with OCG OFF on input line 6088.
Package hyperref Info: PDF/A mode OFF on input line 6093.

(/usr/local/texlive/2024/texmf-dist/tex/latex/base/atbegshi-ltx.sty
Package: atbegshi-ltx 2021/01/10 v1.0c Emulation of the original atbegshi
package with kernel methods
)
\Hy@abspage=\count297
\c@Item=\count298
\c@Hfootnote=\count299
)
Package hyperref Info: Driver (autodetected): hpdftex.

(/usr/local/texlive/2024/texmf-dist/tex/latex/hyperref/hpdftex.def
File: hpdftex.def 2024-01-20 v7.01h Hyperref driver for pdfTeX

(/usr/local/texlive/2024/texmf-dist/tex/latex/base/atveryend-ltx.sty
Package: atveryend-ltx 2020/08/19 v1.0a Emulation of the original atveryend pac
kage
with kernel methods
)
\Fld@listcount=\count300
\c@bookmark@seq@number=\count301

(/usr/local/texlive/2024/texmf-dist/tex/latex/rerunfilecheck/rerunfilecheck.sty
Package: rerunfilecheck 2022-07-10 v1.10 Rerun checks for auxiliary files (HO)

(/usr/local/texlive/2024/texmf-dist/tex/generic/uniquecounter/uniquecounter.sty
Package: uniquecounter 2019/12/15 v1.4 Provide unlimited unique counter (HO)
)
Package uniquecounter Info: New unique counter `rerunfilecheck' on input line 2
85.
)
\Hy@SectionHShift=\skip62
)
\c@definition=\count302
\c@axiom=\count303
\c@construction=\count304
\c@theorem=\count305

(/usr/local/texlive/2024/texmf-dist/tex/latex/l3backend/l3backend-pdftex.def
File: l3backend-pdftex.def 2024-02-20 L3 backend support: PDF output (pdfTeX)
\l__color_backend_stack_int=\count306
\l__pdf_internal_box=\box56
)
(./thesis.aux)
\openout1 = `thesis.aux'.

LaTeX Font Info:    Checking defaults for OML/cmm/m/it on input line 94.
LaTeX Font Info:    ... okay on input line 94.
LaTeX Font Info:    Checking defaults for OMS/cmsy/m/n on input line 94.
LaTeX Font Info:    ... okay on input line 94.
LaTeX Font Info:    Checking defaults for OT1/cmr/m/n on input line 94.
LaTeX Font Info:    ... okay on input line 94.
LaTeX Font Info:    Checking defaults for T1/cmr/m/n on input line 94.
LaTeX Font Info:    ... okay on input line 94.
LaTeX Font Info:    Checking defaults for TS1/cmr/m/n on input line 94.
LaTeX Font Info:    ... okay on input line 94.
LaTeX Font Info:    Checking defaults for OMX/cmex/m/n on input line 94.
LaTeX Font Info:    ... okay on input line 94.
LaTeX Font Info:    Checking defaults for U/cmr/m/n on input line 94.
LaTeX Font Info:    ... okay on input line 94.
LaTeX Font Info:    Checking defaults for PD1/pdf/m/n on input line 94.
LaTeX Font Info:    ... okay on input line 94.
LaTeX Font Info:    Checking defaults for PU/pdf/m/n on input line 94.
LaTeX Font Info:    ... okay on input line 94.

*geometry* driver: auto-detecting
*geometry* detected driver: pdftex
*geometry* verbose mode - [ preamble ] result:
* driver: pdftex
* paper: <default>
* layout: <same size as paper>
* layoutoffset:(h,v)=(0.0pt,0.0pt)
* modes: 
* h-part:(L,W,R)=(83.11005pt, 448.0749pt, 83.11005pt)
* v-part:(T,H,B)=(83.11005pt, 628.7499pt, 83.11005pt)
* \paperwidth=614.295pt
* \paperheight=794.96999pt
* \textwidth=448.0749pt
* \textheight=628.7499pt
* \oddsidemargin=10.84006pt
* \evensidemargin=10.84006pt
* \topmargin=-26.15994pt
* \headheight=12.0pt
* \headsep=25.0pt
* \topskip=11.0pt
* \footskip=30.0pt
* \marginparwidth=59.0pt
* \marginparsep=10.0pt
* \columnsep=10.0pt
* \skip\footins=10.0pt plus 4.0pt minus 2.0pt
* \hoffset=0.0pt
* \voffset=0.0pt
* \mag=1000
* \@twocolumnfalse
* \@twosidefalse
* \@mparswitchfalse
* \@reversemarginfalse
* (1in=72.27pt=25.4mm, 1cm=28.453pt)

(/usr/local/texlive/2024/texmf-dist/tex/latex/graphics/graphicx.sty
Package: graphicx 2021/09/16 v1.2d Enhanced LaTeX Graphics (DPC,SPQR)

(/usr/local/texlive/2024/texmf-dist/tex/latex/graphics/graphics.sty
Package: graphics 2022/03/10 v1.4e Standard LaTeX Graphics (DPC,SPQR)

(/usr/local/texlive/2024/texmf-dist/tex/latex/graphics/trig.sty
Package: trig 2021/08/11 v1.11 sin cos tan (DPC)
)
(/usr/local/texlive/2024/texmf-dist/tex/latex/graphics-cfg/graphics.cfg
File: graphics.cfg 2016/06/04 v1.11 sample graphics configuration
)
Package graphics Info: Driver file: pdftex.def on input line 107.

(/usr/local/texlive/2024/texmf-dist/tex/latex/graphics-def/pdftex.def
File: pdftex.def 2022/09/22 v1.2b Graphics/color driver for pdftex

(/usr/local/texlive/2024/texmf-dist/tex/context/base/mkii/supp-pdf.mkii
[Loading MPS to PDF converter (version 2006.09.02).]
\scratchcounter=\count307
\scratchdimen=\dimen187
\scratchbox=\box57
\nofMPsegments=\count308
\nofMParguments=\count309
\everyMPshowfont=\toks33
\MPscratchCnt=\count310
\MPscratchDim=\dimen188
\MPnumerator=\count311
\makeMPintoPDFobject=\count312
\everyMPtoPDFconversion=\toks34
)))
(/usr/local/texlive/2024/texmf-dist/tex/latex/epstopdf-pkg/epstopdf-base.sty
Package: epstopdf-base 2020-01-24 v2.11 Base part for package epstopdf
Package epstopdf-base Info: Redefining graphics rule for `.eps' on input line 4
85.

(/usr/local/texlive/2024/texmf-dist/tex/latex/latexconfig/epstopdf-sys.cfg
File: epstopdf-sys.cfg 2010/07/13 v1.3 Configuration of (r)epstopdf for TeX Liv
e
))
\Gin@req@height=\dimen189
\Gin@req@width=\dimen190
)
LaTeX Info: Redefining \microtypecontext on input line 94.
Package microtype Info: Applying patch `item' on input line 94.
Package microtype Info: Applying patch `toc' on input line 94.
Package microtype Info: Applying patch `eqnum' on input line 94.
Package microtype Info: Applying patch `footnote' on input line 94.
Package microtype Info: Applying patch `verbatim' on input line 94.
Package microtype Info: Generating PDF output.
Package microtype Info: Character protrusion enabled (level 2).
Package microtype Info: Using default protrusion set `alltext'.
Package microtype Info: Automatic font expansion enabled (level 2),
(microtype)             stretch: 20, shrink: 20, step: 1, non-selected.
Package microtype Info: Using default expansion set `alltext-nott'.
LaTeX Info: Redefining \showhyphens on input line 94.
Package microtype Info: No adjustment of tracking.
Package microtype Info: No adjustment of interword spacing.
Package microtype Info: No adjustment of character kerning.

(/usr/local/texlive/2024/texmf-dist/tex/latex/microtype/mt-cmr.cfg
File: mt-cmr.cfg 2013/05/19 v2.2 microtype config. file: Computer Modern Roman 
(RS)
)
Package hyperref Info: Link coloring OFF on input line 94.

(./thesis.out) (./thesis.out)
\@outlinefile=\write3
\openout3 = `thesis.out'.

LaTeX Font Info:    Trying to load font information for U+msa on input line 96.


(/usr/local/texlive/2024/texmf-dist/tex/latex/amsfonts/umsa.fd
File: umsa.fd 2013/01/14 v3.01 AMS symbols A
)
(/usr/local/texlive/2024/texmf-dist/tex/latex/microtype/mt-msa.cfg
File: mt-msa.cfg 2006/02/04 v1.1 microtype config. file: AMS symbols (a) (RS)
)
LaTeX Font Info:    Trying to load font information for U+msb on input line 96.


(/usr/local/texlive/2024/texmf-dist/tex/latex/amsfonts/umsb.fd
File: umsb.fd 2013/01/14 v3.01 AMS symbols B
)
(/usr/local/texlive/2024/texmf-dist/tex/latex/microtype/mt-msb.cfg
File: mt-msb.cfg 2005/06/01 v1.0 microtype config. file: AMS symbols (b) (RS)
) [1

{/usr/local/texlive/2024/texmf-var/fonts/map/pdftex/updmap/pdftex.map}]
pdfTeX warning (ext4): destination with the same identifier (name{page.1}) has 
been already used, duplicate ignored
<to be read again> 
                   \relax 
l.117 \end{abstract}
                     [1] (./thesis.toc
pdfTeX warning (ext4): destination with the same identifier (name{page.1}) has 
been already used, duplicate ignored
<to be read again> 
                   \relax 
l.30 ...he Git-Backed Audit Ledger}{25}{chapter.9}
                                                  % [1

])
\tf@toc=\write4
\openout4 = `thesis.toc'.


(./generated/chapters_body.tex [2]
Chapter 1.
Package microtype Info: Loading generic protrusion settings for font family
(microtype)             `cmtt' (encoding: OT1).
(microtype)             For optimal results, create family-specific settings.
(microtype)             See the microtype manual for details.

Overfull \hbox (93.99492pt too wide) in paragraph at lines 12--26
\OT1/cmr/m/n/10.95 (-20) This pa-per con-sol-i-dates three sources from the Cha
t-man Equa-tion the-sis se-ries -- \OT1/cmtt/m/n/10.95 docs/thesis/00[]foundati
ons.tex\OT1/cmr/m/n/10.95 (-20) ,
 []


Overfull \hbox (1.7304pt too wide) in paragraph at lines 12--26
\OT1/cmtt/m/n/10.95 docs/thesis/01[]admission[]algebra.tex\OT1/cmr/m/n/10.95 (-
20) , and \OT1/cmtt/m/n/10.95 docs/thesis/02[]receipt[]cryptography.tex
 []


Overfull \hbox (90.48734pt too wide) in paragraph at lines 12--26
\OT1/cmr/m/n/10.95 (-20) own for-mal state-ments (\OT1/cmtt/m/n/10.95 docs/thes
is/rdf/00[]foundations.ttl\OT1/cmr/m/n/10.95 (-20) , \OT1/cmtt/m/n/10.95 docs/t
hesis/rdf/01[]admission[]algebra.ttl\OT1/cmr/m/n/10.95 (-20) ,
 []


Overfull \hbox (18.67732pt too wide) in paragraph at lines 50--60
[]\OT1/cmr/m/n/10.95 (-20) Every para-graph in this pa-per car-ries a \OT1/cmtt
/m/n/10.95 doc:register \OT1/cmr/m/n/10.95 (-20) value of \OT1/cmtt/m/n/10.95 e
vidence-bound \OT1/cmr/m/n/10.95 (-20) or \OT1/cmtt/m/n/10.95 speculative\OT1/c
mr/m/n/10.95 (-20) .
 []


LaTeX Font Warning: Font shape `OT1/cmr/m/scit' undefined
(Font)              using `OT1/cmr/m/sc' instead on input line 67.

[3

{/usr/local/texlive/2024/texmf-dist/fonts/enc/dvips/cm-super/cm-super-ts1.enc}]
 [4]
Chapter 2.

Overfull \hbox (67.23354pt too wide) in paragraph at lines 148--157
\OT1/cmr/m/n/10.95 (-20) both the bare-core and Math-lib lanes (\OT1/cmtt/m/n/1
0.95 tools/paper-factory/lean-pilot/formalization[]receipts.jsonl\OT1/cmr/m/n/1
0.95 (-20) ,
 []


Overfull \hbox (10.12064pt too wide) in paragraph at lines 148--157
\OT1/cmtt/m/n/10.95 tools/paper-factory/lean-lake/mathlib[]migration[]receipts.
jsonl\OT1/cmr/m/n/10.95 (-20) ). The re-main-ing chap-
 []

[5

] [6]
Chapter 3.
LaTeX Font Info:    Trying to load font information for OMS+cmtt on input line 
227.
LaTeX Font Info:    No file OMScmtt.fd. on input line 227.

LaTeX Font Warning: Font shape `OMS/cmtt/m/n' undefined
(Font)              using `OMS/cmsy/m/n' instead
(Font)              for symbol `textbraceleft' on input line 227.


Overfull \hbox (10.90787pt too wide) in paragraph at lines 225--232
[]\OT1/cmr/m/n/10.95 (-20) Source: \OT1/cmtt/m/n/10.95 01[]admission[]algebra.t
ex\OT1/cmr/m/n/10.95 (-20) , [][]\OT1/cmtt/m/n/10.95 \label{ax:refusal}[]\OT1/c
mr/m/n/10.95 (-20) ; Lean sta-tus \OT1/cmtt/m/n/10.95 verified\OT1/cmr/m/n/10.9
5 (-20) /\OT1/cmtt/m/n/10.95 verified\OT1/cmr/m/n/10.95 (-20) .
 []


Overfull \hbox (144.70113pt too wide) in paragraph at lines 225--232
\OT1/cmr/m/n/10.95 (-20) In praxis this is re-al-ized con-cretely by \OT1/cmtt/
m/n/10.95 Andon::Halted\OMS/cmtt/m/n/10.95 f\OT1/cmtt/m/n/10.95 unmet, refusals
, at\OMS/cmtt/m/n/10.95 g \OT1/cmr/m/n/10.95 (-20) (\OT1/cmtt/m/n/10.95 crates/
praxis-core/src/default[]law.rs\OT1/cmr/m/n/10.95 (-20) ),
 []

[7

]
Overfull \hbox (15.28853pt too wide) in paragraph at lines 272--278
\OT1/cmr/m/n/10.95 (-20) states the same fact con-cretely as \OT1/cmtt/m/n/10.9
5 con:denial\OT1/cmr/m/n/10.95 (-20) /\OT1/cmtt/m/n/10.95 prop:semilattice \OT1
/cmr/m/n/10.95 (-20) (also both \OT1/cmtt/m/n/10.95 verified\OT1/cmr/m/n/10.95 
(-20) /\OT1/cmtt/m/n/10.95 verified\OT1/cmr/m/n/10.95 (-20) ):
 []

Package microtype Info: Loading generic protrusion settings for font family
(microtype)             `cmss' (encoding: OT1).
(microtype)             For optimal results, create family-specific settings.
(microtype)             See the microtype manual for details.

Overfull \hbox (14.14177pt too wide) in paragraph at lines 281--287
\OT1/cmtt/m/n/10.95 repr(transparent) \OT1/cmr/m/n/10.95 (-20) new-type over \O
T1/cmtt/m/n/10.95 u64 \OT1/cmr/m/n/10.95 (-20) carved into eight byte-lanes; th
e clean word is $[] =$
 []


Overfull \hbox (51.07545pt too wide) in paragraph at lines 289--294
[]\OT1/cmr/bx/n/10.95 (-20) Proposition 3.3 \OT1/cmr/m/n/10.95 (-20) (Con-crete
 word is the same semi-lat-tice)\OT1/cmr/bx/n/10.95 (-20) . $\U/msb/m/n/10.95 D
 \OT1/cmr/m/n/10.95 (-20) = (\OMS/cmtt/m/n/10.95 f[]g\OML/cmm/m/it/10.95 ; []; 
[]\OT1/cmr/m/n/10.95 (-20) )$
 []


Overfull \hbox (101.05994pt too wide) in paragraph at lines 295--300
\OT1/cmr/m/n/10.95 (-20) de-fined in the ex-ter-nal \OT1/cmtt/m/n/10.95 bcinr[]
powl[]receipt::denial \OT1/cmr/m/n/10.95 (-20) crate and im-ported by \OT1/cmtt
/m/n/10.95 crates/praxis-core/src/refusal.rs\OT1/cmr/m/n/10.95 (-20) ,
 []


Overfull \hbox (90.63376pt too wide) in paragraph at lines 334--338
\OT1/cmtt/m/n/10.95 Precondition\OT1/cmr/m/n/10.95 (-20) , \OT1/cmtt/m/n/10.95 
BlockingConstraint\OT1/cmr/m/n/10.95 (-20) , \OT1/cmtt/m/n/10.95 EvidenceRequir
ed \OT1/cmr/m/n/10.95 (-20) -- are enu-mer-ated in \OT1/cmtt/m/n/10.95 crates/p
raxis-core/src/law.rs\OT1/cmr/m/n/10.95 (-20) . 
 []

[8]
Overfull \hbox (5.43556pt too wide) in paragraph at lines 341--343
[]\OT1/cmr/bx/n/10.95 (-20) Proposition 3.5 \OT1/cmr/m/n/10.95 (-20) (Bot-tom c
har-ac-ter-izes ad-mis-sion)\OT1/cmr/bx/n/10.95 (-20) . $\OML/cmm/m/it/10.95 [
]\OT1/cmr/m/n/10.95 (-20) (\OML/cmm/m/it/10.95 o\OT1/cmr/m/n/10.95 (-20) ) \OMS
/cmtt/m/n/10.95 6\OT1/cmr/m/n/10.95 (-20) = \OMS/cmtt/m/n/10.95 ?  ([])  \OML/c
mm/m/it/10.95 d[]\OT1/cmr/m/n/10.95 (-20) (\OML/cmm/m/it/10.95 o\OT1/cmr/m/n/10
.95 (-20) ) = []  \OMS/cmtt/m/n/10.95 ([])
 []


Overfull \hbox (130.88536pt too wide) in paragraph at lines 344--353
[]\OT1/cmr/m/n/10.95 (-20) Lean sta-tus: \OT1/cmtt/m/n/10.95 verified \OT1/cmr/
m/n/10.95 (-20) in the Math-lib lane (\OT1/cmtt/m/n/10.95 tools/paper-factory/l
ean-lake/mathlib[]migration[]receipts.jsonl\OT1/cmr/m/n/10.95 (-20) ),
 []


Overfull \hbox (155.47769pt too wide) in paragraph at lines 344--353
\OT1/cmtt/m/n/10.95 unformalized \OT1/cmr/m/n/10.95 (-20) in the bare-core lane
 af-ter three at-tempts (\OT1/cmtt/m/n/10.95 tools/paper-factory/lean-pilot/for
malization[]receipts.jsonl
 []


Overfull \hbox (129.26747pt too wide) in paragraph at lines 393--418
\OT1/cmr/m/n/10.95 (-20) (\OT1/cmtt/m/n/10.95 tools/paper-factory/lean-pilot/de
f[]tax.lean\OT1/cmr/m/n/10.95 (-20) , \OT1/cmtt/m/n/10.95 tools/paper-factory/l
ean-lake/Praxis/Corpus/def[]tax.lean\OT1/cmr/m/n/10.95 (-20) )
 []


Overfull \hbox (53.62836pt too wide) in paragraph at lines 393--418
\OT1/cmr/m/n/10.95 (-20) do not use the real \OT1/cmtt/m/n/10.95 RefusalScenari
o \OT1/cmr/m/n/10.95 (-20) vari-ant names from \OT1/cmtt/m/n/10.95 crates/praxi
s-core/src/refusal.rs:82--136
 []


Overfull \hbox (90.53912pt too wide) in paragraph at lines 393--418
\OT1/cmr/m/n/10.95 (-20) (\OT1/cmtt/m/n/10.95 BlockingConstraint\OT1/cmr/m/n/10
.95 (-20) , \OT1/cmtt/m/n/10.95 MissingEvidence\OT1/cmr/m/n/10.95 (-20) , \OT1/
cmtt/m/n/10.95 UnsatisfiedPrecondition\OT1/cmr/m/n/10.95 (-20) , \OT1/cmtt/m/n/
10.95 WatchdogDrained\OT1/cmr/m/n/10.95 (-20) , \OT1/cmtt/m/n/10.95 Preconditio
nFailed\OT1/cmr/m/n/10.95 (-20) ,
 []


Overfull \hbox (93.39578pt too wide) in paragraph at lines 393--418
\OT1/cmtt/m/n/10.95 SlaBreach\OT1/cmr/m/n/10.95 (-20) , \OT1/cmtt/m/n/10.95 Aut
horizationDenied\OT1/cmr/m/n/10.95 (-20) , \OT1/cmtt/m/n/10.95 ResourceExhauste
d\OT1/cmr/m/n/10.95 (-20) , \OT1/cmtt/m/n/10.95 ObjectLifecycleViolation\OT1/cm
r/m/n/10.95 (-20) , \OT1/cmtt/m/n/10.95 ConformanceGateFailed\OT1/cmr/m/n/10.95
 (-20) ,
 []

[9]
LaTeX Font Info:    Font shape `OT1/cmtt/bx/n' in size <10.95> not available
(Font)              Font shape `OT1/cmtt/m/n' tried instead on input line 432.

Overfull \hbox (35.9089pt too wide) in paragraph at lines 429--457
\OT1/cmtt/m/n/10.95 MissingEvidence\OT1/cmr/m/n/10.95 (-20) , \OT1/cmtt/m/n/10.
95 UnsatisfiedPrecondition\OT1/cmr/m/n/10.95 (-20) , \OT1/cmtt/m/n/10.95 Watchd
ogDrained\OT1/cmr/m/n/10.95 (-20) , \OT1/cmtt/m/n/10.95 PreconditionFailed\OT1/
cmr/m/n/10.95 (-20) , \OT1/cmtt/m/n/10.95 SlaBreach\OT1/cmr/m/n/10.95 (-20) ,
 []


Overfull \hbox (35.71266pt too wide) in paragraph at lines 429--457
\OT1/cmtt/m/n/10.95 AuthorizationDenied\OT1/cmr/m/n/10.95 (-20) , \OT1/cmtt/m/n
/10.95 ResourceExhausted\OT1/cmr/m/n/10.95 (-20) , \OT1/cmtt/m/n/10.95 ObjectLi
fecycleViolation\OT1/cmr/m/n/10.95 (-20) , \OT1/cmtt/m/n/10.95 ConformanceGateF
ailed\OT1/cmr/m/n/10.95 (-20) ,
 []


Overfull \hbox (79.97408pt too wide) in paragraph at lines 429--457
\OT1/cmtt/m/n/10.95 KernelDenied\OT1/cmr/m/n/10.95 (-20) , \OT1/cmtt/m/n/10.95 
KernelInvalid\OT1/cmr/m/n/10.95 (-20) , \OT1/cmtt/m/n/10.95 AndonInvariantViola
ted\OT1/cmr/m/n/10.95 (-20) ; \OT1/cmtt/m/n/10.95 crates/praxis-core/src/refusa
l.rs:82--136\OT1/cmr/m/n/10.95 (-20) ).
 []


Overfull \hbox (148.30531pt too wide) in paragraph at lines 429--457
\OT1/cmr/m/n/10.95 (-20) Both lanes in-stead for-mal-ize an in-vented place-hol
der enum. \OT1/cmtt/m/n/10.95 tools/paper-factory/lean-lake/Praxis/Corpus/def[]
tax.lean
 []


Overfull \hbox (30.46223pt too wide) in paragraph at lines 429--457
\OT1/cmr/m/n/10.95 (-20) names its thir-teen vari-ants \OT1/cmtt/m/n/10.95 sche
maViolation\OT1/cmr/m/n/10.95 (-20) , \OT1/cmtt/m/n/10.95 policyViolation\OT1/c
mr/m/n/10.95 (-20) , \OT1/cmtt/m/n/10.95 temporalViolation\OT1/cmr/m/n/10.95 (-
20) , \OT1/cmtt/m/n/10.95 lane1Denial\OT1/cmr/m/n/10.95 (-20) --
 []


Overfull \hbox (4.35382pt too wide) in paragraph at lines 429--457
\OT1/cmr/m/n/10.95 (-20) three to \OT1/cmtt/m/n/10.95 Category.Reserved \OT1/cm
r/m/n/10.95 (-20) by fiat. \OT1/cmtt/m/n/10.95 tools/paper-factory/lean-pilot/d
ef[]tax.lean \OT1/cmr/m/n/10.95 (-20) names
 []


Overfull \hbox (1.32045pt too wide) in paragraph at lines 429--457
\OT1/cmtt/m/n/10.95 denialG\OT1/cmr/m/n/10.95 (-20) , \OT1/cmtt/m/n/10.95 logic
Andon1\OT1/cmr/m/n/10.95 (-20) --\OT1/cmtt/m/n/10.95 logicAndon3\OT1/cmr/m/n/10
.95 (-20) , and like-wise hard-codes the last three (\OT1/cmtt/m/n/10.95 logicA
ndon1\OT1/cmr/m/n/10.95 (-20) /\OT1/cmtt/m/n/10.95 2\OT1/cmr/m/n/10.95 (-20) /\
OT1/cmtt/m/n/10.95 3\OT1/cmr/m/n/10.95 (-20) )
 []


Overfull \hbox (66.07565pt too wide) in paragraph at lines 429--457
\OT1/cmr/m/n/10.95 (-20) is gen-uinely empty, ex-actly as the orig-i-nal source
 proof (\OT1/cmtt/m/n/10.95 docs/thesis/01[]admission[]algebra.tex:380--446\OT1
/cmr/m/n/10.95 (-20) )
 []


Overfull \hbox (36.3373pt too wide) in paragraph at lines 458--480
\OT1/cmr/m/n/10.95 (-20) Mathlib-lane re-derivation (\OT1/cmtt/m/n/10.95 tools/
paper-factory/lean-lake/mathlib[]migration[]receipts.jsonl\OT1/cmr/m/n/10.95 (-
20) )
 []


Overfull \hbox (46.46385pt too wide) in paragraph at lines 458--480
\OT1/cmr/m/n/10.95 (-20) holder \OT1/cmtt/m/n/10.95 def:tax \OT1/cmr/m/n/10.95 
(-20) maps \OT1/cmtt/m/n/10.95 logicContradiction\OT1/cmr/m/n/10.95 (-20) , \OT
1/cmtt/m/n/10.95 andonPull\OT1/cmr/m/n/10.95 (-20) , and \OT1/cmtt/m/n/10.95 an
donEscalation \OT1/cmr/m/n/10.95 (-20) into \OT1/cmtt/m/n/10.95 Category.Reserv
ed
 []

[10]
Overfull \hbox (28.27534pt too wide) in paragraph at lines 543--566
[]\OT1/cmr/m/n/10.95 (-20) These two state-ments are wrapped in the \OT1/cmtt/m
/n/10.95 speculative \OT1/cmr/m/n/10.95 (-20) en-vi-ron-ment, not \OT1/cmtt/m/n
/10.95 proposition\OT1/cmr/m/n/10.95 (-20) /\OT1/cmtt/m/n/10.95 corollary\OT1/c
mr/m/n/10.95 (-20) ,
 []

[11]
Overfull \hbox (58.0238pt too wide) in paragraph at lines 579--584
[]\OT1/cmr/bx/n/10.95 (-20) Theorem 3.13 \OT1/cmr/m/n/10.95 (-20) (Ag-gre-gate 
de-nial is the free ho-mo-mor-phism)\OT1/cmr/bx/n/10.95 (-20) . $\OT1/cmr/m/n/1
0.95 (-20) ^^H[] : ([][]\OML/cmm/m/it/10.95 ; \OMS/cmtt/m/n/10.95 ^^A\OML/cmm/m
/it/10.95 ; "\OT1/cmr/m/n/10.95 (-20) ) \OMS/cmtt/m/n/10.95 ! \OT1/cmr/m/n/10.9
5 (-20) (\U/msb/m/n/10.95 D\OML/cmm/m/it/10.95 ; []; []\OT1/cmr/m/n/10.95 (-20)
 )$
 []


Overfull \hbox (52.58107pt too wide) in paragraph at lines 636--641
[]\OT1/cmr/bx/n/10.95 (-20) Definition 3.10 \OT1/cmr/m/n/10.95 (-20) (Query re-
sult)\OT1/cmr/bx/n/10.95 (-20) . \OT1/cmtt/m/n/10.95 Kernel::query \OT1/cmr/m/n
/10.95 (-20) re-turns \OT1/cmtt/m/n/10.95 QueryResult\OT1/cmr/m/n/10.95 (-20) ,
 one of \OT1/cmtt/m/n/10.95 Answered(Vec<Decision>)\OT1/cmr/m/n/10.95 (-20) ,
 []


Overfull \hbox (38.94113pt too wide) in paragraph at lines 636--641
\OT1/cmtt/m/n/10.95 Denied(Box<Decision>)\OT1/cmr/m/n/10.95 (-20) , or \OT1/cmt
t/m/n/10.95 Invalid(RejectionCode)\OT1/cmr/m/n/10.95 (-20) ; a \OT1/cmtt/m/n/10
.95 Decision \OT1/cmr/m/n/10.95 (-20) car-ries a proof (a \OT1/cmtt/m/n/10.95 V
ec<ProofNode>
 []

[12] [13] [14]
Chapter 4.

Overfull \hbox (76.67752pt too wide) in paragraph at lines 717--720
\OT1/cmr/m/n/10.95 (-20) This ma-te-rial is unique to \OT1/cmtt/m/n/10.95 00[]f
oundations.tex\OT1/cmr/m/n/10.95 (-20) : nei-ther \OT1/cmtt/m/n/10.95 01[]admis
sion[]algebra \OT1/cmr/m/n/10.95 (-20) nor \OT1/cmtt/m/n/10.95 02[]receipt[]cry
ptography
 []


Overfull \hbox (57.80199pt too wide) in paragraph at lines 738--742
\OT1/cmr/m/n/10.95 (-20) (3-Node SEQ POWL to-ken game) over the mark-ing $\OML/
cmm/m/it/10.95 M \OT1/cmr/m/n/10.95 (-20) = ([]\OML/cmm/m/it/10.95 ; []; []; []
\OT1/cmr/m/n/10.95 (-20) )$,
 []

[15

]
Chapter 5.

Overfull \hbox (8.32323pt too wide) in paragraph at lines 784--791
\OT1/cmr/m/n/10.95 (-20) as PDDL8 do-main/problem man-u-fac-ture from a \OT1/cm
tt/m/n/10.95 pdl: \OT1/cmr/m/n/10.95 (-20) RDF on-tol-ogy (\OT1/cmtt/m/n/10.95 
mfg pddl \OT1/cmr/m/n/10.95 (-20) over \OT1/cmtt/m/n/10.95 bcinr-pddl\OT1/cmr/m
/n/10.95 (-20) ),
 []

[16

] [17]
Chapter 6.

Overfull \hbox (274.46582pt too wide) in paragraph at lines 844--850
[]\OT1/cmr/bx/n/10.95 (-20) Construction 6.1 \OT1/cmr/m/n/10.95 (-20) (Frame)\O
T1/cmr/bx/n/10.95 (-20) . \OT1/cmr/m/n/10.95 (-20) A frame $[]$ is the record $
\OMS/cmtt/m/n/10.95 h[]\OML/cmm/m/it/10.95 ; []; []; []\OT1/cmr/m/n/10.95 (-20)
 [0[]8]\OML/cmm/m/it/10.95 ; []; []; []; []\OMS/cmtt/m/n/10.95 i$\OT1/cmr/m/n/1
0.95 (-20) ,
 []


Overfull \hbox (42.8398pt too wide) in paragraph at lines 879--884
[]\OT1/cmr/m/n/10.95 (-20) Source: \OT1/cmtt/m/n/10.95 02[]receipt[]cryptograph
y.tex\OT1/cmr/m/n/10.95 (-20) ; \OT1/cmtt/m/n/10.95 con:commit \OT1/cmr/m/n/10.
95 (-20) is \OT1/cmtt/m/n/10.95 verified\OT1/cmr/m/n/10.95 (-20) /\OT1/cmtt/m/n
/10.95 verified\OT1/cmr/m/n/10.95 (-20) . \OT1/cmtt/m/n/10.95 prop:payloadcommi
t
 []

[18

]
Overfull \hbox (66.31145pt too wide) in paragraph at lines 910--916
\OT1/cmr/m/it/10.95 (-20) and later re-com-puted by \OT1/cmtt/m/it/10.95 Receip
tRecord::recompute[]chain[]hash \OT1/cmr/m/it/10.95 (-20) both route through \O
T1/cmtt/m/it/10.95 build[]admission[]frame
 []

[19] [20]
Chapter 7.

LaTeX Font Warning: Font shape `OT1/cmr/m/scit' undefined
(Font)              using `OT1/cmr/m/sc' instead on input line 1014.

[21

]
Overfull \hbox (20.8132pt too wide) in paragraph at lines 1037--1055
[]\OT1/cmr/m/n/10.95 (-20) Source: \OT1/cmtt/m/n/10.95 02[]receipt[]cryptograph
y.tex\OT1/cmr/m/n/10.95 (-20) , [][]\OT1/cmtt/m/n/10.95 \label{def:pipeline} []
\OT1/cmr/m/n/10.95 (-20) (re-named \OT1/cmtt/m/n/10.95 def:pipeline-val
 []


Overfull \hbox (13.72449pt too wide) in paragraph at lines 1037--1055
\OT1/cmr/m/n/10.95 (-20) for-mal-iza-tion re-ceipt files (\OT1/cmtt/m/n/10.95 t
ools/paper-factory/lean-pilot/formalization[]receipts.jsonl\OT1/cmr/m/n/10.95 (
-20) ,
 []


Overfull \hbox (186.75435pt too wide) in paragraph at lines 1037--1055
\OT1/cmr/m/n/10.95 (-20) (\OT1/cmtt/m/n/10.95 tools/paper-factory/lean-pilot/de
f[]pipeline.lean\OT1/cmr/m/n/10.95 (-20) , \OT1/cmtt/m/n/10.95 tools/paper-fact
ory/lean-lake/Praxis/Corpus/def[]pipeline.lean\OT1/cmr/m/n/10.95 (-20) )
 []


Overfull \hbox (6.03369pt too wide) in paragraph at lines 1075--1079
[]\OT1/cmr/bx/n/10.95 (-20) Proposition 7.5 \OT1/cmr/m/n/10.95 (-20) (Fit-ness 
char-ac-ter-izes con-for-mance)\OT1/cmr/bx/n/10.95 (-20) . \OT1/cmr/m/it/10.95 
(-20) A record's re-play at-tains $\OML/cmm/m/it/10.95 ' \OT1/cmr/m/n/10.95 (-2
0) = []$
 []

[22]
Chapter 8.

Overfull \hbox (61.4993pt too wide) in paragraph at lines 1101--1104
[]\OT1/cmr/m/n/10.95 (-20) Source: \OT1/cmtt/m/n/10.95 02[]receipt[]cryptograph
y.tex\OT1/cmr/m/n/10.95 (-20) , re-al-ized in \OT1/cmtt/m/n/10.95 crates/chatma
n-common/src/signed[]receipt.rs\OT1/cmr/m/n/10.95 (-20) ;
 []


Overfull \hbox (132.38359pt too wide) in paragraph at lines 1116--1119
[]\OT1/cmr/m/n/10.95 (-20) Source: \OT1/cmtt/m/n/10.95 02[]receipt[]cryptograph
y.tex\OT1/cmr/m/n/10.95 (-20) ; both \OT1/cmtt/m/n/10.95 verified\OT1/cmr/m/n/1
0.95 (-20) /\OT1/cmtt/m/n/10.95 verified\OT1/cmr/m/n/10.95 (-20) , re-al-ized i
n \OT1/cmtt/m/n/10.95 crates/praxis-core/src/signing.rs\OT1/cmr/m/n/10.95 (-20)
 . 
 []

[23

] [24]
Chapter 9.

Overfull \hbox (44.25323pt too wide) in paragraph at lines 1182--1186
[]\OT1/cmr/m/n/10.95 (-20) Source: \OT1/cmtt/m/n/10.95 02[]receipt[]cryptograph
y.tex\OT1/cmr/m/n/10.95 (-20) , re-al-ized in \OT1/cmtt/m/n/10.95 crates/chatma
n-common/src/git[]runtime.rs\OT1/cmr/m/n/10.95 (-20) ;
 []

[25

]
Chapter 10.

Overfull \hbox (114.71626pt too wide) in paragraph at lines 1210--1219
[]\OT1/cmr/m/n/10.95 (-20) Source: \OT1/cmtt/m/n/10.95 02[]receipt[]cryptograph
y.tex\OT1/cmr/m/n/10.95 (-20) ; Lean sta-tus \OT1/cmtt/m/n/10.95 blocked\OT1/cm
r/m/n/10.95 (-20) /\OT1/cmtt/m/n/10.95 blocked\OT1/cmr/m/n/10.95 (-20) . Per \O
T1/cmtt/m/n/10.95 rdf/02[]receipt[]cryptography.ttl\OT1/cmr/m/n/10.95 (-20) 's
 []


LaTeX Font Warning: Font shape `OT1/cmr/m/scit' undefined
(Font)              using `OT1/cmr/m/sc' instead on input line 1229.

[26

]
Chapter 11.
[27

]
Chapter 12.
[28

] [29
pdfTeX warning (ext4): destination with the same identifier (name{definition.12
.1}) has been already used, duplicate ignored
<argument> ...shipout:D \box_use:N \l_shipout_box 
                                                  \__shipout_drop_firstpage_...
l.1408 \end{corollary}
                      ] [30]
Chapter 13.

Underfull \hbox (badness 10000) in paragraph at lines 1447--1447
[]\OT1/cmr/m/n/10.95 (+20) Denial word,
 []


Underfull \hbox (badness 10000) in paragraph at lines 1447--1447
\OT1/cmtt/m/n/10.95 RefusalScenario\OT1/cmr/m/n/10.95 (+20) ,
 []


Underfull \hbox (badness 4543) in paragraph at lines 1448--1448
[]\OT1/cmtt/m/n/10.95 DenialPolarity \OT1/cmr/m/n/10.95 (+20) (ex-ter-nal
 []


Underfull \hbox (badness 10000) in paragraph at lines 1449--1449
[]\OT1/cmr/m/n/10.95 (+20) Typestate
 []


Overfull \hbox (3.54468pt too wide) in paragraph at lines 1449--1449
\OT1/cmtt/m/n/10.95 LawObject<Payload,S,Law>| 
 []


Underfull \hbox (badness 10000) in paragraph at lines 1457--1457
[]\OT1/cmr/m/n/10.95 (+20) Untrusted-
 []


Underfull \hbox (badness 10000) in paragraph at lines 1457--1457
\OT1/cmr/m/n/10.95 (+20) observation bound-ary,
 []


Underfull \hbox (badness 10000) in paragraph at lines 1457--1457
\OT1/cmtt/m/n/10.95 engine::Proposer<D:
 []


Underfull \hbox (badness 6125) in paragraph at lines 1458--1458
[]\OT1/cmr/m/n/10.95 (+20) agent8 byte (spec-u-la-tive,
 []

[31

]
Chapter 14.

Overfull \hbox (52.4643pt too wide) in paragraph at lines 1478--1532
\OT1/cmr/m/n/10.95 (-20) (\OT1/cmtt/m/n/10.95 axiom\OT1/cmr/m/n/10.95 (-20) /\O
T1/cmtt/m/n/10.95 definition\OT1/cmr/m/n/10.95 (-20) /\OT1/cmtt/m/n/10.95 propo
sition\OT1/cmr/m/n/10.95 (-20) /\OT1/cmtt/m/n/10.95 corollary\OT1/cmr/m/n/10.95
 (-20) / \OT1/cmtt/m/n/10.95 theorem\OT1/cmr/m/n/10.95 (-20) /\OT1/cmtt/m/n/10.
95 lemma\OT1/cmr/m/n/10.95 (-20) /\OT1/cmtt/m/n/10.95 construction\OT1/cmr/m/n/
10.95 (-20) /\OT1/cmtt/m/n/10.95 disputed\OT1/cmr/m/n/10.95 (-20) / \OT1/cmtt/m
/n/10.95 speculative\OT1/cmr/m/n/10.95 (-20) ,
 []


Overfull \hbox (35.72653pt too wide) in paragraph at lines 1478--1532
\OT1/cmtt/m/n/10.95 thm:conservation\OT1/cmr/m/n/10.95 (-20) , \OT1/cmtt/m/n/10
.95 cor:orphan\OT1/cmr/m/n/10.95 (-20) , \OT1/cmtt/m/n/10.95 thm:localize\OT1/c
mr/m/n/10.95 (-20) , \OT1/cmtt/m/n/10.95 prop:mapcommit\OT1/cmr/m/n/10.95 (-20)
 , \OT1/cmtt/m/n/10.95 thm:scope\OT1/cmr/m/n/10.95 (-20) , \OT1/cmtt/m/n/10.95 
def:mrr\OT1/cmr/m/n/10.95 (-20) , \OT1/cmtt/m/n/10.95 thm:mrrsep\OT1/cmr/m/n/10
.95 (-20) ,
 []

[32

]
Overfull \hbox (96.59317pt too wide) in paragraph at lines 1538--1550
\OT1/cmr/m/n/10.95 (-20) mal-iz-ing \OT1/cmtt/m/n/10.95 def:tax \OT1/cmr/m/n/10
.95 (-20) and \OT1/cmtt/m/n/10.95 thm:total \OT1/cmr/m/n/10.95 (-20) against th
e real \OT1/cmtt/m/n/10.95 RefusalScenario \OT1/cmr/m/n/10.95 (-20) enum (\OT1/
cmtt/m/n/10.95 crates/praxis-core/src/refusal.rs\OT1/cmr/m/n/10.95 (-20) )
 []

) [33] (./thesis.aux)
 ***********
LaTeX2e <2023-11-01> patch level 1
L3 programming layer <2024-02-20>
 ***********


LaTeX Font Warning: Some font shapes were not available, defaults substituted.

Package rerunfilecheck Info: File `thesis.out' has not changed.
(rerunfilecheck)             Checksum: 0F340451888B2BE1FBADF6D1CDCB978E;9975.
 ) 
Here is how much of TeX's memory you used:
 13968 strings out of 474116
 215505 string characters out of 5743681
 1939187 words of memory out of 5000000
 35692 multiletter control sequences out of 15000+600000
 583687 words of font info for 242 fonts, out of 8000000 for 9000
 1141 hyphenation exceptions out of 8191
 75i,12n,79p,1003b,673s stack positions out of 10000i,1000n,20000p,200000b,200000s
</usr/local/texlive/2024/texmf-dist/fonts/type1/public/amsfonts/cm/cmbx10.pfb
></usr/local/texlive/2024/texmf-dist/fonts/type1/public/amsfonts/cm/cmbx12.pfb>
</usr/local/texlive/2024/texmf-dist/fonts/type1/public/amsfonts/cm/cmcsc10.pfb>
</usr/local/texlive/2024/texmf-dist/fonts/type1/public/amsfonts/cm/cmex10.pfb><
/usr/local/texlive/2024/texmf-dist/fonts/type1/public/amsfonts/cm/cmitt10.pfb><
/usr/local/texlive/2024/texmf-dist/fonts/type1/public/amsfonts/cm/cmmi10.pfb></
usr/local/texlive/2024/texmf-dist/fonts/type1/public/amsfonts/cm/cmmi6.pfb></us
r/local/texlive/2024/texmf-dist/fonts/type1/public/amsfonts/cm/cmmi8.pfb></usr/
local/texlive/2024/texmf-dist/fonts/type1/public/amsfonts/cm/cmr10.pfb></usr/lo
cal/texlive/2024/texmf-dist/fonts/type1/public/amsfonts/cm/cmr12.pfb></usr/loca
l/texlive/2024/texmf-dist/fonts/type1/public/amsfonts/cm/cmr8.pfb></usr/local/t
exlive/2024/texmf-dist/fonts/type1/public/amsfonts/cm/cmss10.pfb></usr/local/te
xlive/2024/texmf-dist/fonts/type1/public/amsfonts/cm/cmsy10.pfb></usr/local/tex
live/2024/texmf-dist/fonts/type1/public/amsfonts/cm/cmsy6.pfb></usr/local/texli
ve/2024/texmf-dist/fonts/type1/public/amsfonts/cm/cmsy8.pfb></usr/local/texlive
/2024/texmf-dist/fonts/type1/public/amsfonts/cm/cmti10.pfb></usr/local/texlive/
2024/texmf-dist/fonts/type1/public/amsfonts/cm/cmtt10.pfb></usr/local/texlive/2
024/texmf-dist/fonts/type1/public/amsfonts/symbols/msbm10.pfb></usr/local/texli
ve/2024/texmf-dist/fonts/type1/public/cm-super/sfrm1095.pfb>
Output written on thesis.pdf (35 pages, 368957 bytes).
PDF statistics:
 730 PDF objects out of 1000 (max. 8388607)
 648 compressed objects within 7 object streams
 162 named destinations out of 1000 (max. 500000)
 52553 words of extra memory for PDF output out of 61914 (max. 10000000)

