This is pdfTeX, Version 3.141592653-2.6-1.40.26 (TeX Live 2024) (preloaded format=pdflatex 2024.10.26)  5 JUL 2026 22:51
entering extended mode
 restricted \write18 enabled.
 %&-line parsing enabled.
**thesis.tex
(./thesis.tex
LaTeX2e <2023-11-01> patch level 1
L3 programming layer <2024-02-20>
(/usr/local/texlive/2024/texmf-dist/tex/latex/base/report.cls
Document Class: report 2023/05/17 v1.4n Standard LaTeX document class
(/usr/local/texlive/2024/texmf-dist/tex/latex/base/size11.clo
File: size11.clo 2023/05/17 v1.4n Standard LaTeX file (size option)
)
\c@part=\count188
\c@chapter=\count189
\c@section=\count190
\c@subsection=\count191
\c@subsubsection=\count192
\c@paragraph=\count193
\c@subparagraph=\count194
\c@figure=\count195
\c@table=\count196
\abovecaptionskip=\skip48
\belowcaptionskip=\skip49
\bibindent=\dimen140
)
(/usr/local/texlive/2024/texmf-dist/tex/latex/geometry/geometry.sty
Package: geometry 2020/01/02 v5.9 Page Geometry

(/usr/local/texlive/2024/texmf-dist/tex/latex/graphics/keyval.sty
Package: keyval 2022/05/29 v1.15 key=value parser (DPC)
\KV@toks@=\toks17
)
(/usr/local/texlive/2024/texmf-dist/tex/generic/iftex/ifvtex.sty
Package: ifvtex 2019/10/25 v1.7 ifvtex legacy package. Use iftex instead.

(/usr/local/texlive/2024/texmf-dist/tex/generic/iftex/iftex.sty
Package: iftex 2022/02/03 v1.0f TeX engine tests
))
\Gm@cnth=\count197
\Gm@cntv=\count198
\c@Gm@tempcnt=\count199
\Gm@bindingoffset=\dimen141
\Gm@wd@mp=\dimen142
\Gm@odd@mp=\dimen143
\Gm@even@mp=\dimen144
\Gm@layoutwidth=\dimen145
\Gm@layoutheight=\dimen146
\Gm@layouthoffset=\dimen147
\Gm@layoutvoffset=\dimen148
\Gm@dimlist=\toks18
)
(/usr/local/texlive/2024/texmf-dist/tex/latex/amsmath/amsmath.sty
Package: amsmath 2023/05/13 v2.17o AMS math features
\@mathmargin=\skip50

For additional information on amsmath, use the `?' option.
(/usr/local/texlive/2024/texmf-dist/tex/latex/amsmath/amstext.sty
Package: amstext 2021/08/26 v2.01 AMS text

(/usr/local/texlive/2024/texmf-dist/tex/latex/amsmath/amsgen.sty
File: amsgen.sty 1999/11/30 v2.0 generic functions
\@emptytoks=\toks19
\ex@=\dimen149
))
(/usr/local/texlive/2024/texmf-dist/tex/latex/amsmath/amsbsy.sty
Package: amsbsy 1999/11/29 v1.2d Bold Symbols
\pmbraise@=\dimen150
)
(/usr/local/texlive/2024/texmf-dist/tex/latex/amsmath/amsopn.sty
Package: amsopn 2022/04/08 v2.04 operator names
)
\inf@bad=\count266
LaTeX Info: Redefining \frac on input line 234.
\uproot@=\count267
\leftroot@=\count268
LaTeX Info: Redefining \overline on input line 399.
LaTeX Info: Redefining \colon on input line 410.
\classnum@=\count269
\DOTSCASE@=\count270
LaTeX Info: Redefining \ldots on input line 496.
LaTeX Info: Redefining \dots on input line 499.
LaTeX Info: Redefining \cdots on input line 620.
\Mathstrutbox@=\box51
\strutbox@=\box52
LaTeX Info: Redefining \big on input line 722.
LaTeX Info: Redefining \Big on input line 723.
LaTeX Info: Redefining \bigg on input line 724.
LaTeX Info: Redefining \Bigg on input line 725.
\big@size=\dimen151
LaTeX Font Info:    Redeclaring font encoding OML on input line 743.
LaTeX Font Info:    Redeclaring font encoding OMS on input line 744.
\macc@depth=\count271
LaTeX Info: Redefining \bmod on input line 905.
LaTeX Info: Redefining \pmod on input line 910.
LaTeX Info: Redefining \smash on input line 940.
LaTeX Info: Redefining \relbar on input line 970.
LaTeX Info: Redefining \Relbar on input line 971.
\c@MaxMatrixCols=\count272
\dotsspace@=\muskip16
\c@parentequation=\count273
\dspbrk@lvl=\count274
\tag@help=\toks20
\row@=\count275
\column@=\count276
\maxfields@=\count277
\andhelp@=\toks21
\eqnshift@=\dimen152
\alignsep@=\dimen153
\tagshift@=\dimen154
\tagwidth@=\dimen155
\totwidth@=\dimen156
\lineht@=\dimen157
\@envbody=\toks22
\multlinegap=\skip51
\multlinetaggap=\skip52
\mathdisplay@stack=\toks23
LaTeX Info: Redefining \[ on input line 2953.
LaTeX Info: Redefining \] on input line 2954.
)
(/usr/local/texlive/2024/texmf-dist/tex/latex/amsfonts/amssymb.sty
Package: amssymb 2013/01/14 v3.01 AMS font symbols

(/usr/local/texlive/2024/texmf-dist/tex/latex/amsfonts/amsfonts.sty
Package: amsfonts 2013/01/14 v3.01 Basic AMSFonts support
\symAMSa=\mathgroup4
\symAMSb=\mathgroup5
LaTeX Font Info:    Redeclaring math symbol \hbar on input line 98.
LaTeX Font Info:    Overwriting math alphabet `\mathfrak' in version `bold'
(Font)                  U/euf/m/n --> U/euf/b/n on input line 106.
))
(/usr/local/texlive/2024/texmf-dist/tex/latex/amscls/amsthm.sty
Package: amsthm 2020/05/29 v2.20.6
\thm@style=\toks24
\thm@bodyfont=\toks25
\thm@headfont=\toks26
\thm@notefont=\toks27
\thm@headpunct=\toks28
\thm@preskip=\skip53
\thm@postskip=\skip54
\thm@headsep=\skip55
\dth@everypar=\toks29
)
(/usr/local/texlive/2024/texmf-dist/tex/latex/mathtools/mathtools.sty
Package: mathtools 2024/03/11 v1.30 mathematical typesetting tools

(/usr/local/texlive/2024/texmf-dist/tex/latex/tools/calc.sty
Package: calc 2023/07/08 v4.3 Infix arithmetic (KKT,FJ)
\calc@Acount=\count278
\calc@Bcount=\count279
\calc@Adimen=\dimen158
\calc@Bdimen=\dimen159
\calc@Askip=\skip56
\calc@Bskip=\skip57
LaTeX Info: Redefining \setlength on input line 80.
LaTeX Info: Redefining \addtolength on input line 81.
\calc@Ccount=\count280
\calc@Cskip=\skip58
)
(/usr/local/texlive/2024/texmf-dist/tex/latex/mathtools/mhsetup.sty
Package: mhsetup 2021/03/18 v1.4 programming setup (MH)
)
\g_MT_multlinerow_int=\count281
\l_MT_multwidth_dim=\dimen160
\origjot=\skip59
\l_MT_shortvdotswithinadjustabove_dim=\dimen161
\l_MT_shortvdotswithinadjustbelow_dim=\dimen162
\l_MT_above_intertext_sep=\dimen163
\l_MT_below_intertext_sep=\dimen164
\l_MT_above_shortintertext_sep=\dimen165
\l_MT_below_shortintertext_sep=\dimen166
\xmathstrut@box=\box53
\xmathstrut@dim=\dimen167
)
(/usr/local/texlive/2024/texmf-dist/tex/latex/tools/bm.sty
Package: bm 2023/07/08 v1.2f Bold Symbol Support (DPC/FMi)
\symboldoperators=\mathgroup6
\symboldletters=\mathgroup7
\symboldsymbols=\mathgroup8
Package bm Info: No bold for \OMX/cmex/m/n, using \pmb.
Package bm Info: No bold for \U/msa/m/n, using \pmb.
Package bm Info: No bold for \U/msb/m/n, using \pmb.
LaTeX Font Info:    Redeclaring math alphabet \mathbf on input line 149.
)
(/usr/local/texlive/2024/texmf-dist/tex/latex/booktabs/booktabs.sty
Package: booktabs 2020/01/12 v1.61803398 Publication quality tables
\heavyrulewidth=\dimen168
\lightrulewidth=\dimen169
\cmidrulewidth=\dimen170
\belowrulesep=\dimen171
\belowbottomsep=\dimen172
\aboverulesep=\dimen173
\abovetopsep=\dimen174
\cmidrulesep=\dimen175
\cmidrulekern=\dimen176
\defaultaddspace=\dimen177
\@cmidla=\count282
\@cmidlb=\count283
\@aboverulesep=\dimen178
\@belowrulesep=\dimen179
\@thisruleclass=\count284
\@lastruleclass=\count285
\@thisrulewidth=\dimen180
)
(/usr/local/texlive/2024/texmf-dist/tex/latex/microtype/microtype.sty
Package: microtype 2023/03/13 v3.1a Micro-typographical refinements (RS)

(/usr/local/texlive/2024/texmf-dist/tex/latex/etoolbox/etoolbox.sty
Package: etoolbox 2020/10/05 v2.5k e-TeX tools for LaTeX (JAW)
\etb@tempcnta=\count286
)
\MT@toks=\toks30
\MT@tempbox=\box54
\MT@count=\count287
LaTeX Info: Redefining \noprotrusionifhmode on input line 1059.
LaTeX Info: Redefining \leftprotrusion on input line 1060.
\MT@prot@toks=\toks31
LaTeX Info: Redefining \rightprotrusion on input line 1078.
LaTeX Info: Redefining \textls on input line 1368.
\MT@outer@kern=\dimen181
LaTeX Info: Redefining \textmicrotypecontext on input line 1988.
\MT@listname@count=\count288

(/usr/local/texlive/2024/texmf-dist/tex/latex/microtype/microtype-pdftex.def
File: microtype-pdftex.def 2023/03/13 v3.1a Definitions specific to pdftex (RS)

LaTeX Info: Redefining \lsstyle on input line 902.
LaTeX Info: Redefining \lslig on input line 902.
\MT@outer@space=\skip60
)
Package microtype Info: Loading configuration file microtype.cfg.

(/usr/local/texlive/2024/texmf-dist/tex/latex/microtype/microtype.cfg
File: microtype.cfg 2023/03/13 v3.1a microtype main configuration file (RS)
))
(/usr/local/texlive/2024/texmf-dist/tex/latex/hyperref/hyperref.sty
Package: hyperref 2024-01-20 v7.01h Hypertext links for LaTeX

(/usr/local/texlive/2024/texmf-dist/tex/latex/kvsetkeys/kvsetkeys.sty
Package: kvsetkeys 2022-10-05 v1.19 Key value parser (HO)
)
(/usr/local/texlive/2024/texmf-dist/tex/generic/kvdefinekeys/kvdefinekeys.sty
Package: kvdefinekeys 2019-12-19 v1.6 Define keys (HO)
)
(/usr/local/texlive/2024/texmf-dist/tex/generic/pdfescape/pdfescape.sty
Package: pdfescape 2019/12/09 v1.15 Implements pdfTeX's escape features (HO)

(/usr/local/texlive/2024/texmf-dist/tex/generic/ltxcmds/ltxcmds.sty
Package: ltxcmds 2023-12-04 v1.26 LaTeX kernel commands for general use (HO)
)
(/usr/local/texlive/2024/texmf-dist/tex/generic/pdftexcmds/pdftexcmds.sty
Package: pdftexcmds 2020-06-27 v0.33 Utility functions of pdfTeX for LuaTeX (HO
)

(/usr/local/texlive/2024/texmf-dist/tex/generic/infwarerr/infwarerr.sty
Package: infwarerr 2019/12/03 v1.5 Providing info/warning/error messages (HO)
)
Package pdftexcmds Info: \pdf@primitive is available.
Package pdftexcmds Info: \pdf@ifprimitive is available.
Package pdftexcmds Info: \pdfdraftmode found.
))
(/usr/local/texlive/2024/texmf-dist/tex/latex/hycolor/hycolor.sty
Package: hycolor 2020-01-27 v1.10 Color options for hyperref/bookmark (HO)
)
(/usr/local/texlive/2024/texmf-dist/tex/latex/auxhook/auxhook.sty
Package: auxhook 2019-12-17 v1.6 Hooks for auxiliary files (HO)
)
(/usr/local/texlive/2024/texmf-dist/tex/latex/hyperref/nameref.sty
Package: nameref 2023-11-26 v2.56 Cross-referencing by name of section

(/usr/local/texlive/2024/texmf-dist/tex/latex/refcount/refcount.sty
Package: refcount 2019/12/15 v3.6 Data extraction from label references (HO)
)
(/usr/local/texlive/2024/texmf-dist/tex/generic/gettitlestring/gettitlestring.s
ty
Package: gettitlestring 2019/12/15 v1.6 Cleanup title references (HO)
 (/usr/local/texlive/2024/texmf-dist/tex/latex/kvoptions/kvoptions.sty
Package: kvoptions 2022-06-15 v3.15 Key value format for package options (HO)
))
\c@section@level=\count289
)
\@linkdim=\dimen182
\Hy@linkcounter=\count290
\Hy@pagecounter=\count291

(/usr/local/texlive/2024/texmf-dist/tex/latex/hyperref/pd1enc.def
File: pd1enc.def 2024-01-20 v7.01h Hyperref: PDFDocEncoding definition (HO)
Now handling font encoding PD1 ...
... no UTF-8 mapping file for font encoding PD1
)
(/usr/local/texlive/2024/texmf-dist/tex/generic/intcalc/intcalc.sty
Package: intcalc 2019/12/15 v1.3 Expandable calculations with integers (HO)
)
\Hy@SavedSpaceFactor=\count292

(/usr/local/texlive/2024/texmf-dist/tex/latex/hyperref/puenc.def
File: puenc.def 2024-01-20 v7.01h Hyperref: PDF Unicode definition (HO)
Now handling font encoding PU ...
... no UTF-8 mapping file for font encoding PU
)
Package hyperref Info: Hyper figures OFF on input line 4179.
Package hyperref Info: Link nesting OFF on input line 4184.
Package hyperref Info: Hyper index ON on input line 4187.
Package hyperref Info: Plain pages OFF on input line 4194.
Package hyperref Info: Backreferencing OFF on input line 4199.
Package hyperref Info: Implicit mode ON; LaTeX internals redefined.
Package hyperref Info: Bookmarks ON on input line 4446.
\c@Hy@tempcnt=\count293

(/usr/local/texlive/2024/texmf-dist/tex/latex/url/url.sty
\Urlmuskip=\muskip17
Package: url 2013/09/16  ver 3.4  Verb mode for urls, etc.
)
LaTeX Info: Redefining \url on input line 4784.
\XeTeXLinkMargin=\dimen183

(/usr/local/texlive/2024/texmf-dist/tex/generic/bitset/bitset.sty
Package: bitset 2019/12/09 v1.3 Handle bit-vector datatype (HO)

(/usr/local/texlive/2024/texmf-dist/tex/generic/bigintcalc/bigintcalc.sty
Package: bigintcalc 2019/12/15 v1.5 Expandable calculations on big integers (HO
)
))
\Fld@menulength=\count294
\Field@Width=\dimen184
\Fld@charsize=\dimen185
Package hyperref Info: Hyper figures OFF on input line 6063.
Package hyperref Info: Link nesting OFF on input line 6068.
Package hyperref Info: Hyper index ON on input line 6071.
Package hyperref Info: backreferencing OFF on input line 6078.
Package hyperref Info: Link coloring OFF on input line 6083.
Package hyperref Info: Link coloring with OCG OFF on input line 6088.
Package hyperref Info: PDF/A mode OFF on input line 6093.

(/usr/local/texlive/2024/texmf-dist/tex/latex/base/atbegshi-ltx.sty
Package: atbegshi-ltx 2021/01/10 v1.0c Emulation of the original atbegshi
package with kernel methods
)
\Hy@abspage=\count295
\c@Item=\count296
\c@Hfootnote=\count297
)
Package hyperref Info: Driver (autodetected): hpdftex.

(/usr/local/texlive/2024/texmf-dist/tex/latex/hyperref/hpdftex.def
File: hpdftex.def 2024-01-20 v7.01h Hyperref driver for pdfTeX

(/usr/local/texlive/2024/texmf-dist/tex/latex/base/atveryend-ltx.sty
Package: atveryend-ltx 2020/08/19 v1.0a Emulation of the original atveryend pac
kage
with kernel methods
)
\Fld@listcount=\count298
\c@bookmark@seq@number=\count299

(/usr/local/texlive/2024/texmf-dist/tex/latex/rerunfilecheck/rerunfilecheck.sty
Package: rerunfilecheck 2022-07-10 v1.10 Rerun checks for auxiliary files (HO)

(/usr/local/texlive/2024/texmf-dist/tex/generic/uniquecounter/uniquecounter.sty
Package: uniquecounter 2019/12/15 v1.4 Provide unlimited unique counter (HO)
)
Package uniquecounter Info: New unique counter `rerunfilecheck' on input line 2
85.
)
\Hy@SectionHShift=\skip61
)
\c@definition=\count300
\c@axiom=\count301
\c@construction=\count302
\c@theorem=\count303

(/usr/local/texlive/2024/texmf-dist/tex/latex/l3backend/l3backend-pdftex.def
File: l3backend-pdftex.def 2024-02-20 L3 backend support: PDF output (pdfTeX)
\l__color_backend_stack_int=\count304
\l__pdf_internal_box=\box55
)
(./thesis.aux)
\openout1 = `thesis.aux'.

LaTeX Font Info:    Checking defaults for OML/cmm/m/it on input line 62.
LaTeX Font Info:    ... okay on input line 62.
LaTeX Font Info:    Checking defaults for OMS/cmsy/m/n on input line 62.
LaTeX Font Info:    ... okay on input line 62.
LaTeX Font Info:    Checking defaults for OT1/cmr/m/n on input line 62.
LaTeX Font Info:    ... okay on input line 62.
LaTeX Font Info:    Checking defaults for T1/cmr/m/n on input line 62.
LaTeX Font Info:    ... okay on input line 62.
LaTeX Font Info:    Checking defaults for TS1/cmr/m/n on input line 62.
LaTeX Font Info:    ... okay on input line 62.
LaTeX Font Info:    Checking defaults for OMX/cmex/m/n on input line 62.
LaTeX Font Info:    ... okay on input line 62.
LaTeX Font Info:    Checking defaults for U/cmr/m/n on input line 62.
LaTeX Font Info:    ... okay on input line 62.
LaTeX Font Info:    Checking defaults for PD1/pdf/m/n on input line 62.
LaTeX Font Info:    ... okay on input line 62.
LaTeX Font Info:    Checking defaults for PU/pdf/m/n on input line 62.
LaTeX Font Info:    ... okay on input line 62.

*geometry* driver: auto-detecting
*geometry* detected driver: pdftex
*geometry* verbose mode - [ preamble ] result:
* driver: pdftex
* paper: <default>
* layout: <same size as paper>
* layoutoffset:(h,v)=(0.0pt,0.0pt)
* modes: 
* h-part:(L,W,R)=(72.26999pt, 469.75502pt, 72.26999pt)
* v-part:(T,H,B)=(72.26999pt, 650.43001pt, 72.26999pt)
* \paperwidth=614.295pt
* \paperheight=794.96999pt
* \textwidth=469.75502pt
* \textheight=650.43001pt
* \oddsidemargin=0.0pt
* \evensidemargin=0.0pt
* \topmargin=-37.0pt
* \headheight=12.0pt
* \headsep=25.0pt
* \topskip=11.0pt
* \footskip=30.0pt
* \marginparwidth=59.0pt
* \marginparsep=10.0pt
* \columnsep=10.0pt
* \skip\footins=10.0pt plus 4.0pt minus 2.0pt
* \hoffset=0.0pt
* \voffset=0.0pt
* \mag=1000
* \@twocolumnfalse
* \@twosidefalse
* \@mparswitchfalse
* \@reversemarginfalse
* (1in=72.27pt=25.4mm, 1cm=28.453pt)

(/usr/local/texlive/2024/texmf-dist/tex/latex/graphics/graphicx.sty
Package: graphicx 2021/09/16 v1.2d Enhanced LaTeX Graphics (DPC,SPQR)

(/usr/local/texlive/2024/texmf-dist/tex/latex/graphics/graphics.sty
Package: graphics 2022/03/10 v1.4e Standard LaTeX Graphics (DPC,SPQR)

(/usr/local/texlive/2024/texmf-dist/tex/latex/graphics/trig.sty
Package: trig 2021/08/11 v1.11 sin cos tan (DPC)
)
(/usr/local/texlive/2024/texmf-dist/tex/latex/graphics-cfg/graphics.cfg
File: graphics.cfg 2016/06/04 v1.11 sample graphics configuration
)
Package graphics Info: Driver file: pdftex.def on input line 107.

(/usr/local/texlive/2024/texmf-dist/tex/latex/graphics-def/pdftex.def
File: pdftex.def 2022/09/22 v1.2b Graphics/color driver for pdftex

(/usr/local/texlive/2024/texmf-dist/tex/context/base/mkii/supp-pdf.mkii
[Loading MPS to PDF converter (version 2006.09.02).]
\scratchcounter=\count305
\scratchdimen=\dimen186
\scratchbox=\box56
\nofMPsegments=\count306
\nofMParguments=\count307
\everyMPshowfont=\toks32
\MPscratchCnt=\count308
\MPscratchDim=\dimen187
\MPnumerator=\count309
\makeMPintoPDFobject=\count310
\everyMPtoPDFconversion=\toks33
)))
(/usr/local/texlive/2024/texmf-dist/tex/latex/epstopdf-pkg/epstopdf-base.sty
Package: epstopdf-base 2020-01-24 v2.11 Base part for package epstopdf
Package epstopdf-base Info: Redefining graphics rule for `.eps' on input line 4
85.

(/usr/local/texlive/2024/texmf-dist/tex/latex/latexconfig/epstopdf-sys.cfg
File: epstopdf-sys.cfg 2010/07/13 v1.3 Configuration of (r)epstopdf for TeX Liv
e
))
\Gin@req@height=\dimen188
\Gin@req@width=\dimen189
)
LaTeX Info: Redefining \microtypecontext on input line 62.
Package microtype Info: Applying patch `item' on input line 62.
Package microtype Info: Applying patch `toc' on input line 62.
Package microtype Info: Applying patch `eqnum' on input line 62.
Package microtype Info: Applying patch `footnote' on input line 62.
Package microtype Info: Applying patch `verbatim' on input line 62.
Package microtype Info: Generating PDF output.
Package microtype Info: Character protrusion enabled (level 2).
Package microtype Info: Using default protrusion set `alltext'.
Package microtype Info: Automatic font expansion enabled (level 2),
(microtype)             stretch: 20, shrink: 20, step: 1, non-selected.
Package microtype Info: Using default expansion set `alltext-nott'.
LaTeX Info: Redefining \showhyphens on input line 62.
Package microtype Info: No adjustment of tracking.
Package microtype Info: No adjustment of interword spacing.
Package microtype Info: No adjustment of character kerning.

(/usr/local/texlive/2024/texmf-dist/tex/latex/microtype/mt-cmr.cfg
File: mt-cmr.cfg 2013/05/19 v2.2 microtype config. file: Computer Modern Roman 
(RS)
)
Package hyperref Info: Link coloring OFF on input line 62.

(./thesis.out) (./thesis.out)
\@outlinefile=\write3
\openout3 = `thesis.out'.

LaTeX Font Info:    Trying to load font information for U+msa on input line 64.


(/usr/local/texlive/2024/texmf-dist/tex/latex/amsfonts/umsa.fd
File: umsa.fd 2013/01/14 v3.01 AMS symbols A
)
(/usr/local/texlive/2024/texmf-dist/tex/latex/microtype/mt-msa.cfg
File: mt-msa.cfg 2006/02/04 v1.1 microtype config. file: AMS symbols (a) (RS)
)
LaTeX Font Info:    Trying to load font information for U+msb on input line 64.


(/usr/local/texlive/2024/texmf-dist/tex/latex/amsfonts/umsb.fd
File: umsb.fd 2013/01/14 v3.01 AMS symbols B
)
(/usr/local/texlive/2024/texmf-dist/tex/latex/microtype/mt-msb.cfg
File: mt-msb.cfg 2005/06/01 v1.0 microtype config. file: AMS symbols (b) (RS)
) [1

{/usr/local/texlive/2024/texmf-var/fonts/map/pdftex/updmap/pdftex.map}]
pdfTeX warning (ext4): destination with the same identifier (name{page.1}) has 
been already used, duplicate ignored
<to be read again> 
                   \relax 
l.86 \end{abstract}
                    [1] (./thesis.toc
pdfTeX warning (ext4): destination with the same identifier (name{page.1}) has 
been already used, duplicate ignored
<to be read again> 
                   \relax 
l.33 ...l Orders and Choice Graphs}{19}{chapter.9}
                                                  % [1

])
\tf@toc=\write4
\openout4 = `thesis.toc'.


(./generated/chapters_body.tex [2]
Chapter 1.
Package microtype Info: Loading generic protrusion settings for font family
(microtype)             `cmtt' (encoding: OT1).
(microtype)             For optimal results, create family-specific settings.
(microtype)             See the microtype manual for details.

Overfull \hbox (9.45667pt too wide) in paragraph at lines 14--25
\OT1/cmr/m/it/10.95 (-20) mance, and Sep-a-ra-bil-ity for Bounded Re-ceipted Ex
-e-cu-tion \OT1/cmr/m/n/10.95 (-20) (\OT1/cmtt/m/n/10.95 docs/thesis/03[]planni
ng[]geometry.tex\OT1/cmr/m/n/10.95 (-20) ),
 []


Overfull \hbox (79.4498pt too wide) in paragraph at lines 27--39
\OT1/cmr/m/n/10.95 (-20) the cor-pus RDF at \OT1/cmtt/m/n/10.95 docs/thesis/rdf
/03[]planning[]geometry.ttl \OT1/cmr/m/n/10.95 (-20) and \OT1/cmtt/m/n/10.95 do
cs/thesis/rdf/projection[]thesis.ttl\OT1/cmr/m/n/10.95 (-20) ,
 []


Overfull \hbox (44.21916pt too wide) in paragraph at lines 27--39
\OT1/cmr/m/n/10.95 (-20) (bare Lean 4 core, no Math-lib) and \OT1/cmtt/m/n/10.9
5 tools/paper-factory/lean-lake/mathlib[]migration[]receipts.jsonl
 []

[3

]
Underfull \hbox (badness 1635) in paragraph at lines 77--78
[]\OT1/cmr/bx/n/10 (+20) Concrete in-stan-ti-a-tion
 []


Underfull \hbox (badness 10000) in paragraph at lines 79--79
[]\OT1/cmr/m/n/10 (+20) Ch. []5[], \TS1/cmr/m/n/10 (+20) §[]\OT1/cmr/m/n/10 (+2
0) 5.1[] (pro-jec-
 []


Underfull \hbox (badness 10000) in paragraph at lines 79--80
[]\OT1/cmr/m/n/10 (+20) Ch. []5[], \TS1/cmr/m/n/10 (+20) §[]\OT1/cmr/m/n/10 (+2
0) 5.2[] (plan-
 []


Underfull \hbox (badness 1496) in paragraph at lines 80--80
[]\OT1/cmr/m/n/10 (+20) Ch. []2[], \TS1/cmr/m/n/10 (+20) §[]\OT1/cmr/m/n/10 (+2
0) 2.1[] (ob-ser-va-tion
 []

[4{/usr/local/texlive/2024/texmf-dist/fonts/enc/dvips/cm-super/cm-super-ts1.enc
}]
Chapter 2.

Overfull \hbox (17.14156pt too wide) in paragraph at lines 152--160
\OT1/cmtt/m/n/10.95 ComputablePred.rice[]2 \OT1/cmr/m/n/10.95 (-20) and \OT1/cm
tt/m/n/10.95 ComputablePred.halting[]problem \OT1/cmr/m/n/10.95 (-20) (\OT1/cmt
t/m/n/10.95 Mathlib.Computability.Halting\OT1/cmr/m/n/10.95 (-20) ,
 []


Overfull \hbox (87.43747pt too wide) in paragraph at lines 171--175
\OT1/cmr/m/n/10.95 (-20) in-stead re-tracts onto a de-cid-able sub-language, ve
r-i-fied in both Lean lanes (\OT1/cmtt/m/n/10.95 docs/thesis/rdf/projection[]th
esis.ttl\OT1/cmr/m/n/10.95 (-20) ,
 []


Overfull \hbox (76.55762pt too wide) in paragraph at lines 193--197
[]\OT1/cmr/m/n/10.95 (-20) Both ver-i-fied in both Lean lanes (\OT1/cmtt/m/n/10
.95 con:denial\OT1/cmr/m/n/10.95 (-20) /\OT1/cmtt/m/n/10.95 prop:semilattice\OT
1/cmr/m/n/10.95 (-20) , \OT1/cmtt/m/n/10.95 docs/thesis/rdf/projection[]thesis.
ttl\OT1/cmr/m/n/10.95 (-20) ).
 []

[5

]
Package microtype Info: Loading generic protrusion settings for font family
(microtype)             `cmss' (encoding: OT1).
(microtype)             For optimal results, create family-specific settings.
(microtype)             See the microtype manual for details.

Overfull \hbox (216.3907pt too wide) in paragraph at lines 260--270
[]\OT1/cmr/m/n/10.95 (-20) This pa-per states The-o-rem []2.3[] but does not cl
aim it is machine-verified: \OT1/cmtt/m/n/10.95 tools/paper-factory/lean-pilot/
formalization[]receipts.jsonl
 []


Overfull \hbox (24.22937pt too wide) in paragraph at lines 260--270
\OT1/cmtt/m/n/10.95 tools/paper-factory/lean-lake/mathlib[]migration[]receipts.
jsonl \OT1/cmr/m/n/10.95 (-20) records its sta-tus as \OT1/cmtt/m/n/10.95 exclu
ded
 []

[6] [7]
Chapter 3.
[8

]
Chapter 4.

Overfull \hbox (49.53258pt too wide) in paragraph at lines 381--391
[]\OT1/cmr/m/n/10.95 (-20) Verified in the bare-core Lean lane (\OT1/cmtt/m/n/1
0.95 tools/paper-factory/lean-pilot/formalization[]receipts.jsonl\OT1/cmr/m/n/1
0.95 (-20) ,
 []


Overfull \hbox (27.10716pt too wide) in paragraph at lines 393--408
\OT1/cmtt/m/n/10.95 BoundExceeded \OT1/cmr/m/n/10.95 (-20) re-fusal rather than
 an ex-cep-tion or un-bounded search, and its \OT1/cmtt/m/n/10.95 GroundProblem
::find[]plan
 []


Overfull \hbox (86.20702pt too wide) in paragraph at lines 393--408
\OT1/cmr/m/n/10.95 (-20) is a re-ceipted re-fusal (\OT1/cmtt/m/n/10.95 NoAdmitt
edPlan\OT1/cmr/m/n/10.95 (-20) ), never a di-ver-gence. Praxis's own in-repo \O
T1/cmtt/m/n/10.95 crates/pddl-index/src/ground.rs
 []

[9

] [10]
Chapter 5.

Overfull \hbox (19.12245pt too wide) in paragraph at lines 434--441
[]\OT1/cmr/m/n/10.95 (-20) Verified in the bare-core Lean lane (\OT1/cmtt/m/n/1
0.95 docs/thesis/rdf/projection[]thesis.ttl\OT1/cmr/m/n/10.95 (-20) , \OT1/cmtt
/m/n/10.95 def:attnbalance\OT1/cmr/m/n/10.95 (-20) );
 []


Overfull \hbox (29.09418pt too wide) in paragraph at lines 444--450
[]\OT1/cmr/bx/n/10.95 (-20) Proposition 5.1 \OT1/cmr/m/n/10.95 (-20) (At-ten-ti
on con-ser-va-tion, gen-eral form)\OT1/cmr/bx/n/10.95 (-20) . \OT1/cmr/m/it/10.
95 (-20) To-tal at-ten-tion con-sumed, $[][] [][] \OML/cmm/m/it/10.95 r[]\OT1/c
mr/bx/n/10.95 (-20) 1[]\OT1/cmr/m/n/10.95 (-20) (\OML/cmm/m/it/10.95 t\OT1/cmr/
m/n/10.95 (-20) ) \OML/cmm/m/it/10.95 dt \OT1/cmr/m/n/10.95 (-20) =
 []


Overfull \hbox (14.67758pt too wide) in paragraph at lines 451--453
[]\OT1/cmr/m/n/10.95 (-20) Verified in the bare-core Lean lane; recorded \OT1/c
mtt/m/n/10.95 blocked \OT1/cmr/m/n/10.95 (-20) in the Math-lib lane (\OT1/cmtt/
m/n/10.95 prop:attnconservation\OT1/cmr/m/n/10.95 (-20) ). 
 []

[11

] [12]
Chapter 6.

Overfull \hbox (49.53964pt too wide) in paragraph at lines 526--537
\OT1/cmr/m/n/10.95 (-20) ex-pres-sion to its \OT1/cmtt/m/n/10.95 Int\OT1/cmr/m/
n/10.95 (-20) -cast com-po-nents (\OT1/cmtt/m/n/10.95 tools/paper-factory/lean-
pilot/formalization[]receipts.jsonl\OT1/cmr/m/n/10.95 (-20) ,
 []


Overfull \hbox (179.72575pt too wide) in paragraph at lines 526--537
\OT1/cmtt/m/n/10.95 prop:cone\OT1/cmr/m/n/10.95 (-20) ). Ver-i-fied in the Math
lib-linked lane in 2 at-tempts (\OT1/cmtt/m/n/10.95 tools/paper-factory/lean-la
ke/mathlib[]migration[]receipts.jsonl\OT1/cmr/m/n/10.95 (-20) ),
 []


Overfull \hbox (26.91751pt too wide) in paragraph at lines 556--560
\OT1/cmr/m/n/10.95 (-20) ground ac-tion $\OML/cmm/m/it/10.95 t$ \OT1/cmr/m/n/10
.95 (-20) with delete-effects $\OML/cmm/b/it/10.95 m[]$ \OT1/cmr/m/n/10.95 (-20
) and add-effects $\OML/cmm/b/it/10.95 m[]$ \OT1/cmr/m/n/10.95 (-20) is a tran-
si-tion, and \OT1/cmtt/m/n/10.95 GroundProblem::find[]plan
 []

[13

] [14]
Chapter 7.

Overfull \hbox (130.38248pt too wide) in paragraph at lines 603--617
\OT1/cmr/m/n/10.95 (-20) not ex-ist in the cur-rent Math-lib snap-shot. Math-li
b's topo-log-i-cal Farkas ma-chin-ery (\OT1/cmtt/m/n/10.95 ProperCone.hyperplan
e[]separation[]point\OT1/cmr/m/n/10.95 (-20) ,
 []

[15

] [16]
Chapter 8.

Overfull \hbox (11.6799pt too wide) in paragraph at lines 654--668
[]\OT1/cmr/bx/n/10.95 (-20) Definition 8.1 \OT1/cmr/m/n/10.95 (-20) (Re-play ve
r-i-fier)\OT1/cmr/bx/n/10.95 (-20) . \OT1/cmr/m/n/10.95 (-20) These field names
 are quoted ver-ba-tim from the \OT1/cmtt/m/n/10.95 PowlReplayVerifier
 []


Overfull \hbox (131.05138pt too wide) in paragraph at lines 699--706
[]\OT1/cmr/m/n/10.95 (-20) Both ver-i-fied in both Lean lanes (\OT1/cmtt/m/n/10
.95 def:fitness\OT1/cmr/m/n/10.95 (-20) , \OT1/cmtt/m/n/10.95 prop:honest\OT1/c
mr/m/n/10.95 (-20) ). \OT1/cmr/m/it/10.95 (-20) pro-jec-tion[]thesis\OT1/cmr/m/
n/10.95 (-20) 's \OT1/cmtt/m/n/10.95 def:fitnessdistance\OT1/cmr/m/n/10.95 (-20
) /\OT1/cmtt/m/n/10.95 thm:unitfitness
 []

[17

] [18]
Chapter 9.

Overfull \hbox (91.78671pt too wide) in paragraph at lines 736--749
[]\OT1/cmr/bx/n/10.95 (-20) Construction 9.1 \OT1/cmr/m/n/10.95 (-20) (Tem-po-r
al plan to POWL tape)\OT1/cmr/bx/n/10.95 (-20) . \OT1/cmtt/m/n/10.95 temporal[]
plan[]to[]powl[]tape \OT1/cmr/m/n/10.95 (-20) (\OT1/cmtt/m/n/10.95 bcinr-pddl/s
rc/powl[]bridge.rs\OT1/cmr/m/n/10.95 (-20) ,
 []

[19

]
Chapter 10.
[20

]
LaTeX Font Info:    Trying to load font information for OMS+cmtt on input line 
817.
LaTeX Font Info:    No file OMScmtt.fd. on input line 817.


LaTeX Font Warning: Font shape `OMS/cmtt/m/n' undefined
(Font)              using `OMS/cmsy/m/n' instead
(Font)              for symbol `textbraceleft' on input line 817.


Overfull \hbox (58.8806pt too wide) in paragraph at lines 815--824
\OT1/cmr/m/n/10.95 (-20) Lean state-ment en-codes should be checked against \OT
1/cmtt/m/n/10.95 tools/paper-factory/lean-pilot/thm[]lang[]correct.lean
 []

[21]
Chapter 11.

Overfull \hbox (77.97406pt too wide) in paragraph at lines 832--849
\OT1/cmr/m/n/10.95 (-20) ([]\OML/cmm/m/it/10.95 ; []; []; []; []; []\OT1/cmr/m/
n/10.95 (-20) )$
 []


Overfull \hbox (51.31297pt too wide) in paragraph at lines 875--884
\OT1/cmr/m/n/10.95 (-20) ti-cal BLAKE3 route chains -- a code-level re-mark cit
-ing the \OT1/cmtt/m/n/10.95 routing[]is[]deterministic[]same[]task[]same[]rout
e
 []

[22

] [23]
Chapter 12.

LaTeX Font Warning: Font shape `OT1/cmr/m/scit' undefined
(Font)              using `OT1/cmr/m/sc' instead on input line 953.

[24

] [25]
Chapter 13.

Underfull \hbox (badness 10000) in paragraph at lines 1000--1000
[]\OT1/cmr/m/n/10 (+20) Admission map $\OML/cmm/m/it/10 $
 []


Underfull \hbox (badness 10000) in paragraph at lines 1001--1001
[]\OT1/cmr/m/n/10 (+20) Denial monoid
 []


Underfull \hbox (badness 10000) in paragraph at lines 1002--1002
[]\OT1/cmr/m/n/10 (+20) Manufacturing mor-
 []


Underfull \hbox (badness 5022) in paragraph at lines 1002--1003
[]\OT1/cmtt/m/n/10 src/mfg.rs \OT1/cmr/m/n/10 (+20) (RDF $\OMS/cmsy/m/n/10 !$ \
OT1/cmr/m/n/10 (+20) PDDL) and the Lean 4
 []


Underfull \hbox (badness 5847) in paragraph at lines 1002--1003
\OT1/cmr/m/n/10 (+20) aut-o-for-mal-iza-tion pipeline (Math $\OMS/cmsy/m/n/10 !
$ \OT1/cmr/m/n/10 (+20) Lean), the
 []


Underfull \hbox (badness 4673) in paragraph at lines 1002--1003
\OT1/cmr/m/n/10 (+20) two work-ing $\OML/cmm/m/it/10 ^^V$\OT1/cmr/m/n/10 (+20) 
-pipeline in-stances doc-u-mented in
 []


Underfull \hbox (badness 10000) in paragraph at lines 1006--1006
[]\OT1/cmr/m/n/10 (+20) Status byte
 []


Underfull \hbox (badness 10000) in paragraph at lines 1021--1021
[]\OT1/cmr/m/n/10 (+20) Forward search
 []


Underfull \hbox (badness 10000) in paragraph at lines 1022--1022
[]\OT1/cmr/m/n/10 (+20) Marking / fir-ing
 []


Underfull \hbox (badness 10000) in paragraph at lines 1023--1023
[]\OT1/cmr/m/n/10 (+20) Farkas cer-tifi-cate
 []


Underfull \hbox (badness 10000) in paragraph at lines 1024--1024
[]\OT1/cmr/m/n/10 (+20) Fitness/precision
 []


Underfull \hbox (badness 10000) in paragraph at lines 1026--1026
[]\OT1/cmr/m/n/10 (+20) Datalog sat-u-ra-tion
 []


LaTeX Warning: `h' float specifier changed to `ht'.

[26

] [27]
Chapter 14.

Overfull \hbox (69.19138pt too wide) in paragraph at lines 1082--1099
\OT1/cmr/m/n/10.95 (-20) ing of a ground atom or ob-ject name; this pa-per's ow
n cited cor-pus (\OT1/cmtt/m/n/10.95 docs/thesis/rdf/03[]planning[]geometry.ttl
\OT1/cmr/m/n/10.95 (-20) ,
 []

[28

]
Overfull \hbox (20.45435pt too wide) in paragraph at lines 1107--1109
[]\OT1/cmr/m/n/10.95 (-20) Verified in the bare-core lane; recorded \OT1/cmtt/m
/n/10.95 blocked \OT1/cmr/m/n/10.95 (-20) (not at-tempted) in the Math-lib lane
 (\OT1/cmtt/m/n/10.95 prop:dictcost\OT1/cmr/m/n/10.95 (-20) ). 
 []


Overfull \hbox (96.80153pt too wide) in paragraph at lines 1110--1127
\OT1/cmr/m/n/10.95 (-20) ture is \OT1/cmtt/m/n/10.95 fn satisfies(&self, obj: &
str, required: &str) -> bool \OT1/cmr/m/n/10.95 (-20) (\OT1/cmtt/m/n/10.95 crat
es/pddl-index/src/ground.rs:116\OT1/cmr/m/n/10.95 (-20) ),
 []

[29]
Chapter 15.
[30

]
LaTeX Font Info:    Font shape `OT1/cmss/m/it' in size <10.95> not available
(Font)              Font shape `OT1/cmss/m/sl' tried instead on input line 1262
.
 [31] [32]
Chapter 16.

Overfull \hbox (57.34201pt too wide) in paragraph at lines 1304--1343
\OT1/cmr/m/n/10.95 (-20) ver-i-fied over over-lap-ping but non-identical state-
ment sets (\OT1/cmtt/m/n/10.95 docs/thesis/math[]manufacturing/rdf/thesis.ttl\O
T1/cmr/m/n/10.95 (-20) ,
 []


Overfull \hbox (23.72159pt too wide) in paragraph at lines 1304--1343
\OT1/cmr/m/n/10.95 (-20) against the already-verified \OT1/cmtt/m/n/10.95 def:t
ax\OT1/cmr/m/n/10.95 (-20) , which maps three \OT1/cmtt/m/n/10.95 RefusalScenar
io \OT1/cmr/m/n/10.95 (-20) vari-ants (\OT1/cmtt/m/n/10.95 logicContradiction\O
T1/cmr/m/n/10.95 (-20) ,
 []


Overfull \hbox (90.07266pt too wide) in paragraph at lines 1304--1343
\OT1/cmr/m/n/10.95 (-20) demon-strated fal-si-fi-ca-tion, not a tool-ing gap, a
nd \OT1/cmtt/m/n/10.95 thm:total \OT1/cmr/m/n/10.95 (-20) be-longs to \OT1/cmtt
/m/n/10.95 docs/thesis/rdf/01[]admission[]algebra.ttl\OT1/cmr/m/n/10.95 (-20) ,

 []


Overfull \hbox (238.33238pt too wide) in paragraph at lines 1304--1343
\OT1/cmr/m/n/10.95 (-20) Un-re-solved and stated here rather than smoothed over
: the bare-core lane (\OT1/cmtt/m/n/10.95 tools/paper-factory/lean-pilot/formal
ization[]receipts.jsonl:192\OT1/cmr/m/n/10.95 (-20) )
 []

[33

] [34]
Chapter 17.

Overfull \hbox (3.27214pt too wide) in paragraph at lines 1379--1391
\OT1/cmr/m/n/10.95 (-20) This pa-per states one evidence-bound key-stone (Chap-
ter []2[]) and its con-crete planning-and-conformance
 []

) [35

] [36

] (./thesis.aux)
 ***********
LaTeX2e <2023-11-01> patch level 1
L3 programming layer <2024-02-20>
 ***********


LaTeX Font Warning: Some font shapes were not available, defaults substituted.

Package rerunfilecheck Info: File `thesis.out' has not changed.
(rerunfilecheck)             Checksum: 673A6E5480B9DA03AC02A214878E474D;14263.
 ) 
Here is how much of TeX's memory you used:
 13734 strings out of 474116
 211279 string characters out of 5743681
 1938187 words of memory out of 5000000
 35393 multiletter control sequences out of 15000+600000
 592997 words of font info for 294 fonts, out of 8000000 for 9000
 1141 hyphenation exceptions out of 8191
 75i,14n,79p,1003b,594s stack positions out of 10000i,1000n,20000p,200000b,200000s
</usr/local/texlive/2024/texmf-dist/fonts/type1/public/amsfonts/cm/cmbx10.pfb
></usr/local/texlive/2024/texmf-dist/fonts/type1/public/amsfonts/cm/cmbx12.pfb>
</usr/local/texlive/2024/texmf-dist/fonts/type1/public/amsfonts/cm/cmcsc10.pfb>
</usr/local/texlive/2024/texmf-dist/fonts/type1/public/amsfonts/cm/cmex10.pfb><
/usr/local/texlive/2024/texmf-dist/fonts/type1/public/amsfonts/cm/cmitt10.pfb><
/usr/local/texlive/2024/texmf-dist/fonts/type1/public/amsfonts/cm/cmmi10.pfb></
usr/local/texlive/2024/texmf-dist/fonts/type1/public/amsfonts/cm/cmmi6.pfb></us
r/local/texlive/2024/texmf-dist/fonts/type1/public/amsfonts/cm/cmmi8.pfb></usr/
local/texlive/2024/texmf-dist/fonts/type1/public/amsfonts/cm/cmmib10.pfb></usr/
local/texlive/2024/texmf-dist/fonts/type1/public/amsfonts/cm/cmr10.pfb></usr/lo
cal/texlive/2024/texmf-dist/fonts/type1/public/amsfonts/cm/cmr12.pfb></usr/loca
l/texlive/2024/texmf-dist/fonts/type1/public/amsfonts/cm/cmr7.pfb></usr/local/t
exlive/2024/texmf-dist/fonts/type1/public/amsfonts/cm/cmr8.pfb></usr/local/texl
ive/2024/texmf-dist/fonts/type1/public/amsfonts/cm/cmss10.pfb></usr/local/texli
ve/2024/texmf-dist/fonts/type1/public/amsfonts/cm/cmssi10.pfb></usr/local/texli
ve/2024/texmf-dist/fonts/type1/public/amsfonts/cm/cmsy10.pfb></usr/local/texliv
e/2024/texmf-dist/fonts/type1/public/amsfonts/cm/cmsy6.pfb></usr/local/texlive/
2024/texmf-dist/fonts/type1/public/amsfonts/cm/cmsy8.pfb></usr/local/texlive/20
24/texmf-dist/fonts/type1/public/amsfonts/cm/cmti10.pfb></usr/local/texlive/202
4/texmf-dist/fonts/type1/public/amsfonts/cm/cmti8.pfb></usr/local/texlive/2024/
texmf-dist/fonts/type1/public/amsfonts/cm/cmtt10.pfb></usr/local/texlive/2024/t
exmf-dist/fonts/type1/public/amsfonts/symbols/msbm10.pfb></usr/local/texlive/20
24/texmf-dist/fonts/type1/public/cm-super/sfrm1000.pfb></usr/local/texlive/2024
/texmf-dist/fonts/type1/public/cm-super/sfrm1095.pfb></usr/local/texlive/2024/t
exmf-dist/fonts/type1/public/cm-super/sfti1095.pfb>
Output written on thesis.pdf (38 pages, 405446 bytes).
PDF statistics:
 812 PDF objects out of 1000 (max. 8388607)
 714 compressed objects within 8 object streams
 168 named destinations out of 1000 (max. 500000)
 81881 words of extra memory for PDF output out of 89155 (max. 10000000)

